<html>
<body>
<pre>
<h1>µVision Build Log</h1>
<h2>Tool Versions:</h2>
IDE-Version: ¦ÌVision V5.21.1.0
Copyright (C) 2016 ARM Ltd and ARM Germany GmbH. All rights reserved.
License Information: jianwei zou sonix Flex license: MDK-ARM Standard Cortex-M only: 5 user(s) (mdk_cm_std) Borrow: 
 
Tool Versions:
Toolchain:       MDK-ARM Standard Cortex-M only: 5 user(s)  Version: 5.21a
Toolchain Path:  C:\Keil_v5\ARM\ARMCC\Bin
C Compiler:      Armcc.exe V5.06 update 3 (build 300)
Assembler:       Armasm.exe V5.06 update 3 (build 300)
Linker/Locator:  ArmLink.exe V5.06 update 3 (build 300)
Library Manager: ArmAr.exe V5.06 update 3 (build 300)
Hex Converter:   FromElf.exe V5.06 update 3 (build 300)
CPU DLL:         SARMCM3.DLL V5.21a
Dialog DLL:      DCM.DLL V1.13.8.0
Target DLL:      Segger\JL2CM3.dll V2.99.23.0
Dialog DLL:      TCM.DLL V1.14.14.0
 
<h2>Project:</h2>
C:\Sonix\SNC7320_SDK_V1.00.002\build\keil\sample\audio32_demo\audio32_demo.uvproj
Project File Date:  08/08/2018

<h2>Output:</h2>
*** Using Compiler 'V5.06 update 3 (build 300)', folder: 'C:\Keil_v5\ARM\ARMCC\Bin'
Build target 'audio32_demo'
compiling aud_driver.c...
linking...
Program Size: Code=15172 RO-data=948708 RW-data=56 ZI-data=21608  
After Build - User command #1: fromelf --bin ".\obj\core_0.axf" --output ".\obj\core_0.bin"
".\obj\core_0.axf" - 0 Error(s), 0 Warning(s).
Build Time Elapsed:  00:00:01
</pre>
</body>
</html>
