Component: ARM Compiler 5.06 update 3 (build 300) Tool: armlink [4d35c9]

==============================================================================

Section Cross References

    main.o(.text) refers to aud_driver.o(.text) for AUD_RegWrite
    main.o(.text) refers to CSpotterSDKApi.o(i.CSpotter_SetRejectionLevel) for CSpotter_SetRejectionLevel
    main.o(.text) refers to snx_audio_agc.o(.text) for SNX_AGC_Process
    main.o(.text) refers to spifc.o(.text) for SPIFC_ReadWithDma
    main.o(.text) refers to CSpotterSDKApi.o(i.CSpotter_GetMemoryUsage_Multi) for CSpotter_GetMemoryUsage_Multi
    main.o(.text) refers to CSpotterSDKApi.o(i.CSpotter_Init_Multi) for CSpotter_Init_Multi
    main.o(.text) refers to CSpotterSDKApi.o(i.CSpotter_Reset) for CSpotter_Reset
    main.o(.text) refers to CSpotterSDKApi.o(i.CSpotter_GetNumWord) for CSpotter_GetNumWord
    main.o(.text) refers to main.o(.data) for last_gainidx
    main.o(.text) refers to main.o(.bss) for AEC_OutBuf
    main.o(.text) refers to rd_wr_flash.o(.ARM.__at_0x6002B000) for CYB_CMD1_INFLASH
    main.o(.text) refers to h1_alloc.o(.text) for malloc
    main.o(.text) refers to audio.o(.text) for External_Audio_Codec_Init
    main.o(.text) refers to codec.o(.text) for ADC_Enable
    main.o(.text) refers to i2s4.o(.text) for I2S4_Init
    main.o(.text) refers to CSpotterSDKApi.o(i.CSpotter_AddSample) for CSpotter_AddSample
    main.o(.text) refers to CSpotterSDKApi.o(i.CSpotter_GetResult) for CSpotter_GetResult
    main.o(.text) refers to snx_audio_agc.o(.data) for g_AGC_bufsize
    snx_audio_agc.o(.text) refers to snx_audio_agc.o(.data) for update_frmcnt
    snx_audio_agc.o(.text) refers to dflt_clz.o(x$fpl$dflt) for __aeabi_i2d
    snx_audio_agc.o(.text) refers to dmul.o(x$fpl$dmul) for __aeabi_dmul
    snx_audio_agc.o(.text) refers to dleqf.o(x$fpl$dleqf) for __aeabi_cdcmple
    snx_audio_agc.o(.text) refers to fflt_clz.o(x$fpl$fflt) for __aeabi_i2f
    snx_audio_agc.o(.text) refers to f2d.o(x$fpl$f2d) for __aeabi_f2d
    snx_audio_agc.o(.text) refers to dfix.o(x$fpl$dfix) for __aeabi_d2iz
    snx_audio_agc.o(.text) refers to ddiv.o(x$fpl$ddiv) for __aeabi_ddiv
    dataflashapi.o(.text) refers to rt_memcpy_v6.o(.text) for __aeabi_memcpy
    dataflashapi.o(.text) refers to aeabi_memset.o(.text) for __aeabi_memset
    bsp.o(.text) refers to rt_memcpy_w.o(.text) for __aeabi_memcpy4
    bsp.o(.text) refers to bsp.o(.constdata) for init_clk_table
    bsp.o(.constdata) refers to bsp.o(.text) for _init_clock_setting
    startup.o(STACK) refers (Special) to heapauxi.o(.text) for __use_two_region_memory
    startup.o(HEAP) refers (Special) to heapauxi.o(.text) for __use_two_region_memory
    startup.o(RESET) refers (Special) to heapauxi.o(.text) for __use_two_region_memory
    startup.o(RESET) refers to startup.o(STACK) for __initial_sp
    startup.o(RESET) refers to startup.o(.text) for Reset_Handler
    startup.o(RESET) refers to bsp.o(.text) for HardFault_Handler
    startup.o(RESET) refers to main.o(.text) for SysTick_Handler
    startup.o(RESET) refers to uart.o(.text) for UART0_IRQHandler
    startup.o(.text) refers (Special) to heapauxi.o(.text) for __use_two_region_memory
    startup.o(.text) refers to bsp.o(.text) for System_Init
    startup.o(.text) refers to __main.o(!!!main) for __main
    startup.o(.text) refers to startup.o(HEAP) for Heap_Mem
    startup.o(.text) refers to startup.o(STACK) for Stack_Mem
    audio.o(.text) refers to i2s4.o(.text) for I2S4_Init
    audio.o(.text) refers to aud_driver.o(.text) for AUD_Driver_Init
    i2c_software_master.o(.text) refers to i2c_software_master.o(.data) for sn_i2c_sw_ch
    aud_driver.o(.text) refers to i2c.o(.text) for I2C_Master_Send
    aud_driver.o(.text) refers to i2c_software_master.o(.text) for I2C_SoftWare_Master_Write
    aud_driver.o(.text) refers to rt_memclr.o(.text) for __aeabi_memclr
    aud_driver.o(.text) refers to aud_driver.o(.data) for aud_driver_mode
    aud_driver.o(.text) refers to aud_driver.o(.bss) for AUD_Reg
    aud_driver.o(.text) refers to log_util.o(.text) for printf_uart
    aud_driver.o(.text) refers to aud_driver.o(.conststring) for .conststring
    i2s4.o(.text) refers to i2s4.o(.data) for temp_reg
    uart.o(.text) refers to uart.o(.data) for g_recv_irq_byte
    uart.o(.text) refers to uart.o(.bss) for rx_buffer
    uart.o(.text) refers to uart.o(.constdata) for g_clk_table
    CSpotterSDKApi.o(i.CSpotter_AddSample) refers to BsrGo.o(i.NINJA_API_13) for NINJA_API_13
    CSpotterSDKApi.o(i.CSpotter_AddSample) refers to BsrGo.o(i.NINJA_API_15) for NINJA_API_15
    CSpotterSDKApi.o(i.CSpotter_AddSample) refers to BsrGo.o(i.NINJA_API_23) for NINJA_API_23
    CSpotterSDKApi.o(i.CSpotter_GetMaxActiveState) refers to BsrGo.o(i.NINJA_API_80) for NINJA_API_80
    CSpotterSDKApi.o(i.CSpotter_GetMemoryUsage_Multi) refers to CSpotterSDKApi.o(i.CSpotter_GetMemoryUsage_MultiWithSpeakerAndExtRejModel) for CSpotter_GetMemoryUsage_MultiWithSpeakerAndExtRejModel
[...]
    __lib_sel_fp_printf                      0x000036a1   Thumb Code     2  _printf_fp_dec.o(.text)
    _printf_fp_dec_real                      0x0000384f   Thumb Code   620  _printf_fp_dec.o(.text)
    _printf_fp_hex_real                      0x00003abd   Thumb Code   756  _printf_fp_hex.o(.text)
    _printf_cs_common                        0x00003db9   Thumb Code    20  _printf_char.o(.text)
    _printf_char                             0x00003dcd   Thumb Code    16  _printf_char.o(.text)
    _printf_string                           0x00003ddd   Thumb Code     8  _printf_char.o(.text)
    _printf_lcs_common                       0x00003de5   Thumb Code    20  _printf_wchar.o(.text)
    _printf_wchar                            0x00003df9   Thumb Code    16  _printf_wchar.o(.text)
    _printf_wstring                          0x00003e09   Thumb Code     8  _printf_wchar.o(.text)
    _wcrtomb                                 0x00003e11   Thumb Code    64  _wcrtomb.o(.text)
    __rt_SIGRTMEM                            0x00003e51   Thumb Code    14  defsig_rtmem_outer.o(.text)
    __I$use$semihosting                      0x00003e5f   Thumb Code     0  use_no_semi.o(.text)
    __use_no_semihosting_swi                 0x00003e5f   Thumb Code     2  use_no_semi.o(.text)
    __semihosting_library_function           0x00003e61   Thumb Code     0  indicate_semi.o(.text)
    __user_setup_stackheap                   0x00003e61   Thumb Code    74  sys_stackheap_outer.o(.text)
    __rt_ctype_table                         0x00003ead   Thumb Code    16  rt_ctype_table.o(.text)
    __rt_locale                              0x00003ebd   Thumb Code     8  rt_locale_intlibspace.o(.text)
    _printf_fp_infnan                        0x00003ec5   Thumb Code   112  _printf_fp_infnan.o(.text)
    _btod_etento                             0x00003f45   Thumb Code   216  bigflt0.o(.text)
    exit                                     0x00004021   Thumb Code    18  exit.o(.text)
    __sig_exit                               0x00004033   Thumb Code    10  defsig_exit.o(.text)
    __rt_SIGRTMEM_inner                      0x0000403d   Thumb Code    22  defsig_rtmem_inner.o(.text)
    _sys_exit                                0x0000408d   Thumb Code     8  sys_exit.o(.text)
    __default_signal_display                 0x00004099   Thumb Code    50  defsig_general.o(.text)
    strcmp                                   0x000040cd   Thumb Code   128  strcmpv7m.o(.text)
    _ttywrch                                 0x0000414d   Thumb Code    14  sys_wrch.o(.text)
    _btod_d2e                                0x0000415b   Thumb Code    62  btod.o(CL$$btod_d2e)
    _d2e_denorm_low                          0x00004199   Thumb Code    70  btod.o(CL$$btod_d2e_denorm_low)
    _d2e_norm_op1                            0x000041df   Thumb Code    96  btod.o(CL$$btod_d2e_norm_op1)
    __btod_div_common                        0x0000423f   Thumb Code   696  btod.o(CL$$btod_div_common)
    _e2e                                     0x00004577   Thumb Code   198  btod.o(CL$$btod_e2e)
    _btod_ediv                               0x0000463d   Thumb Code    40  btod.o(CL$$btod_ediv)
    _btod_emul                               0x00004665   Thumb Code    40  btod.o(CL$$btod_emul)
    __btod_mult_common                       0x0000468d   Thumb Code   580  btod.o(CL$$btod_mult_common)
    Long Thumb to Thumb Veneer to AUD_RegWrite 0x000048d1   Thumb Code    10  anon$$obj.o(Veneer$$Code)
    Long Thumb to Thumb Veneer to AUD_RegRead 0x000048db   Thumb Code    10  anon$$obj.o(Veneer$$Code)
    Long Thumb to Thumb Veneer to SNX_AGC_Process 0x000048e5   Thumb Code    10  anon$$obj.o(Veneer$$Code)
    Long Thumb to Thumb Veneer to SNX_AGC_Process_init 0x000048ef   Thumb Code    10  anon$$obj.o(Veneer$$Code)
    Long Thumb to Thumb Veneer to External_Audio_Codec_Init 0x000048f9   Thumb Code    10  anon$$obj.o(Veneer$$Code)
    Long Thumb to Thumb Veneer to AUD01_ADC_Gain_Ctrl 0x00004903   Thumb Code    10  anon$$obj.o(Veneer$$Code)
    Long Thumb to Thumb Veneer to Convert_to_Codec_Channel 0x0000490d   Thumb Code    10  anon$$obj.o(Veneer$$Code)
    Long Thumb to Thumb Veneer to Convert_to_Codec_Sampling_Rate 0x00004917   Thumb Code    10  anon$$obj.o(Veneer$$Code)
    Long Thumb to Thumb Veneer to I2S4_Init  0x00004921   Thumb Code    10  anon$$obj.o(Veneer$$Code)
    Long Thumb to Thumb Veneer to UART_Init  0x0000492b   Thumb Code    10  anon$$obj.o(Veneer$$Code)
    Long Thumb to Thumb Veneer to UART_WriteByte 0x00004935   Thumb Code    10  anon$$obj.o(Veneer$$Code)
    BsrAbby                                  0x0000493f   Thumb Code    44  BsrJoe.o(i.BsrAbby)
    BsrAbel                                  0x0000496b   Thumb Code   130  BsrJoe.o(i.BsrAbel)
    BsrAdam                                  0x000049ed   Thumb Code   228  BsrJoe.o(i.BsrAdam)
    BsrAlma                                  0x00004ad1   Thumb Code   252  BsrDon.o(i.BsrAlma)
    BsrAmir                                  0x00004bcd   Thumb Code    24  BsrDon.o(i.BsrAmir)
    BsrAmos                                  0x00004be5   Thumb Code   308  BsrDon.o(i.BsrAmos)
    BsrAna                                   0x00004d19   Thumb Code    40  BsrJim.o(i.BsrAna)
    BsrAnna                                  0x00004d41   Thumb Code    36  BsrDon.o(i.BsrAnna)
    BsrAnne                                  0x00004d65   Thumb Code    22  BsrDon.o(i.BsrAnne)
    BsrAnnie                                 0x00004d7b   Thumb Code    32  BsrDon.o(i.BsrAnnie)
    BsrAri                                   0x00004d9d   Thumb Code   186  BsrJim.o(i.BsrAri)
    BsrAsa                                   0x00004e5d   Thumb Code   258  BsrJim.o(i.BsrAsa)
    BsrAvea                                  0x00004f65   Thumb Code   182  BsrJim.o(i.BsrAvea)
    BsrAyla                                  0x0000501b   Thumb Code    24  BsrDon.o(i.BsrAyla)
    BsrBaby                                  0x00005033   Thumb Code    12  BsrDon.o(i.BsrBaby)
    BsrBrad                                  0x00005169   Thumb Code    52  BsrBen.o(i.BsrBrad)
    BsrCade                                  0x000052cd   Thumb Code   344  BsrJay.o(i.BsrCade)
    BsrCadea                                 0x00005425   Thumb Code   248  BsrJay.o(i.BsrCadea)
    BsrCale                                  0x00005521   Thumb Code    82  BsrJay.o(i.BsrCale)
    BsrCara                                  0x00005575   Thumb Code   968  BsrJay.o(i.BsrCara)
    BsrCarae                                 0x00005941   Thumb Code   188  BsrJay.o(i.BsrCarae)
    BsrChad                                  0x000059fd   Thumb Code   204  BsrJay.o(i.BsrChad)
    BsrChada                                 0x00005acd   Thumb Code    72  BsrJay.o(i.BsrChada)
    BsrChaz                                  0x00005b19   Thumb Code   216  BsrJay.o(i.BsrChaz)
    BsrChaza                                 0x00005bf5   Thumb Code   154  BsrJay.o(i.BsrChaza)
    BsrChaze                                 0x00005c95   Thumb Code   210  BsrJay.o(i.BsrChaze)
    BsrChazi                                 0x00005d6d   Thumb Code   196  BsrJay.o(i.BsrChazi)
    BsrClay                                  0x00005e31   Thumb Code  1438  BsrJay.o(i.BsrClay)
    BsrCory                                  0x000063d1   Thumb Code   472  BsrJoy.o(i.BsrCory)
    BsrCoty                                  0x000065ad   Thumb Code    32  BsrJoy.o(i.BsrCoty)
    BsrDan                                   0x000065cd   Thumb Code    90  BsrJim.o(i.BsrDan)
    BsrDane                                  0x00006627   Thumb Code     8  BsrJoy.o(i.BsrDane)
    BsrDawn                                  0x0000662f   Thumb Code     8  BsrJoy.o(i.BsrDawn)
    BsrDeja                                  0x00006639   Thumb Code   130  BsrJoy.o(i.BsrDeja)
    BsrDemi                                  0x000066bd   Thumb Code   348  BsrJoy.o(i.BsrDemi)
    BsrDeon                                  0x0000681d   Thumb Code   326  BsrJoy.o(i.BsrDeon)
    BsrDina                                  0x00006965   Thumb Code   552  BsrJoy.o(i.BsrDina)
    BsrDion                                  0x00006b8d   Thumb Code   204  BsrJoy.o(i.BsrDion)
    BsrEden                                  0x00006c5d   Thumb Code   366  BsrEva.o(i.BsrEden)
    BsrEli                                   0x00006dd1   Thumb Code    92  BsrJim.o(i.BsrEli)
    BsrElla                                  0x00006e2d   Thumb Code   454  BsrEva.o(i.BsrElla)
    BsrElsa                                  0x00006ffd   Thumb Code   408  BsrEva.o(i.BsrElsa)
    BsrEmma                                  0x0000719d   Thumb Code   222  BsrEli.o(i.BsrEmma)
    BsrEric                                  0x0000727b   Thumb Code   140  BsrEli.o(i.BsrEric)
    BsrErica                                 0x00007309   Thumb Code   286  BsrEli.o(i.BsrErica)
    BsrErik                                  0x0000742d   Thumb Code    60  BsrEli.o(i.BsrErik)
    BsrErin                                  0x00007469   Thumb Code   252  BsrEli.o(i.BsrErin)
    BsrEva                                   0x00007565   Thumb Code    34  BsrJim.o(i.BsrEva)
    BsrEvan                                  0x00007587   Thumb Code    58  BsrEli.o(i.BsrEvan)
    BsrGary                                  0x000075c1   Thumb Code   174  BsrAna.o(i.BsrGary)
    BsrGreg                                  0x00007675   Thumb Code   422  BsrAnn.o(i.BsrGreg)
    BsrGuy                                   0x00007821   Thumb Code    60  BsrJim.o(i.BsrGuy)
    BsrHugo                                  0x0000785d   Thumb Code   204  BsrGuy.o(i.BsrHugo)
    BsrIris                                  0x0000792d   Thumb Code    56  BsrGuy.o(i.BsrIris)
    BsrIrma                                  0x00007965   Thumb Code    88  BsrGuy.o(i.BsrIrma)
    BsrIsai                                  0x000079bd   Thumb Code    54  BsrGuy.o(i.BsrIsai)
    BsrIvy                                   0x000079f3   Thumb Code   180  BsrJim.o(i.BsrIvy)
    BsrJan                                   0x00007b81   Thumb Code    20  BsrJim.o(i.BsrJan)
    BsrJohn                                  0x00007e49   Thumb Code    44  BsrAli.o(i.BsrJohn)
    BsrJose                                  0x00007e75   Thumb Code    60  BsrAli.o(i.BsrJose)
    BsrJosh                                  0x00007eb1   Thumb Code   178  BsrAli.o(i.BsrJosh)
    BsrJoyci                                 0x00007f65   Thumb Code   230  BsrJim.o(i.BsrJoyci)
    BsrLei                                   0x0000808b   Thumb Code    28  BsrJim.o(i.BsrLei)
    BsrMichael                               0x000080a9   Thumb Code  1396  BsrJim.o(i.BsrMichael)
    BsrMichelle                              0x0000861d   Thumb Code     8  BsrJim.o(i.BsrMichelle)
    BsrMike                                  0x00008625   Thumb Code   206  BsrJim.o(i.BsrMike)
    BsrMya                                   0x000086f3   Thumb Code   156  BsrKai.o(i.BsrMya)
    BsrNia                                   0x0000878f   Thumb Code    56  BsrKai.o(i.BsrNia)
    BsrRay                                   0x000087c7   Thumb Code   284  BsrKai.o(i.BsrRay)
    BsrRex                                   0x000088e3   Thumb Code    16  BsrKai.o(i.BsrRex)
    BsrRey                                   0x000088f3   Thumb Code    14  BsrKai.o(i.BsrRey)
    BsrRon                                   0x00008901   Thumb Code  1236  BsrKai.o(i.BsrRon)
    BsrRoy                                   0x00008dd5   Thumb Code    44  BsrKai.o(i.BsrRoy)
    BsrTed                                   0x00008e01   Thumb Code    14  BsrKai.o(i.BsrTed)
    BsrTia                                   0x00008e0f   Thumb Code   114  BsrKai.o(i.BsrTia)
    BsrTom                                   0x00008e81   Thumb Code   158  BsrKai.o(i.BsrTom)
    BsrTop                                   0x00008f1f   Thumb Code    98  BsrKai.o(i.BsrTop)
    BsrTre                                   0x00008f81   Thumb Code    20  BsrKai.o(i.BsrTre)
    BsrZoe                                   0x00008f95   Thumb Code     4  BsrJoe.o(i.BsrZoe)
    CSpotter_AddSample                       0x00008f99   Thumb Code    80  CSpotterSDKApi.o(i.CSpotter_AddSample)
    CSpotter_GetMemoryUsage_Multi            0x00008ff1   Thumb Code    24  CSpotterSDKApi.o(i.CSpotter_GetMemoryUsage_Multi)
    CSpotter_GetMemoryUsage_MultiWithSpeakerAndExtRejModel 0x00009009   Thumb Code   208  CSpotterSDKApi.o(i.CSpotter_GetMemoryUsage_MultiWithSpeakerAndExtRejModel)
    CSpotter_GetNumWord                      0x000090e1   Thumb Code    38  CSpotterSDKApi.o(i.CSpotter_GetNumWord)
    CSpotter_GetResult                       0x00009119   Thumb Code    32  CSpotterSDKApi.o(i.CSpotter_GetResult)
    CSpotter_Init_Multi                      0x00009139   Thumb Code    40  CSpotterSDKApi.o(i.CSpotter_Init_Multi)
    CSpotter_Init_MultiWithExtRejModel       0x00009161   Thumb Code   488  CSpotterSDKApi.o(i.CSpotter_Init_MultiWithExtRejModel)
    CSpotter_Reset                           0x00009361   Thumb Code    42  CSpotterSDKApi.o(i.CSpotter_Reset)
    CSpotter_SetRejectionLevel               0x00009391   Thumb Code    38  CSpotterSDKApi.o(i.CSpotter_SetRejectionLevel)
    NINJA_API_1                              0x000093bd   Thumb Code   118  BsrGo.o(i.NINJA_API_1)
    NINJA_API_11                             0x00009435   Thumb Code   628  BsrGo.o(i.NINJA_API_11)
    NINJA_API_13                             0x000096a9   Thumb Code   356  BsrGo.o(i.NINJA_API_13)
    NINJA_API_15                             0x0000980d   Thumb Code    32  BsrGo.o(i.NINJA_API_15)
    NINJA_API_19                             0x0000982d   Thumb Code    32  BsrGo.o(i.NINJA_API_19)
    NINJA_API_2                              0x0000984d   Thumb Code    40  BsrGo.o(i.NINJA_API_2)
    NINJA_API_23                             0x00009875   Thumb Code    36  BsrGo.o(i.NINJA_API_23)
    NINJA_API_26                             0x00009899   Thumb Code    48  BsrGo.o(i.NINJA_API_26)
    NINJA_API_3                              0x000098c9   Thumb Code    34  BsrGo.o(i.NINJA_API_3)
    NINJA_API_31                             0x000098eb   Thumb Code    10  BsrGo.o(i.NINJA_API_31)
    NINJA_API_47                             0x000098f5   Thumb Code   108  BsrGo.o(i.NINJA_API_47)
    NINJA_API_48                             0x00009961   Thumb Code   128  BsrGo.o(i.NINJA_API_48)
    NINJA_API_55                             0x000099e1   Thumb Code    54  BsrGo.o(i.NINJA_API_55)
    NINJA_API_56                             0x00009a17   Thumb Code    38  BsrGo.o(i.NINJA_API_56)
    NINJA_API_73                             0x00009a3d   Thumb Code   950  BsrGo.o(i.NINJA_API_73)
    NINJA_API_75                             0x00009dfd   Thumb Code   190  BsrGo.o(i.NINJA_API_75)
    __ARM_fpclassify                         0x00009ec1   Thumb Code    40  fpclassify.o(i.__ARM_fpclassify)
    _is_digit                                0x00009ee9   Thumb Code    14  __printf_wp.o(i._is_digit)
    _get_lc_numeric                          0x00009ef9   Thumb Code    44  lc_numeric_c.o(locale$$code)
    _get_lc_ctype                            0x00009f25   Thumb Code    44  lc_ctype_c.o(locale$$code)
    __fpl_dcmp_Inf                           0x00009f51   Thumb Code    24  dcmpi.o(x$fpl$dcmpinf)
    __aeabi_ddiv                             0x00009f69   Thumb Code     0  ddiv.o(x$fpl$ddiv)
    _ddiv                                    0x00009f69   Thumb Code   552  ddiv.o(x$fpl$ddiv)
    __aeabi_d2iz                             0x0000a219   Thumb Code     0  dfix.o(x$fpl$dfix)
    _dfix                                    0x0000a219   Thumb Code    94  dfix.o(x$fpl$dfix)
    __aeabi_i2d                              0x0000a277   Thumb Code     0  dflt_clz.o(x$fpl$dflt)
    _dflt                                    0x0000a277   Thumb Code    46  dflt_clz.o(x$fpl$dflt)
    __aeabi_cdcmple                          0x0000a2a5   Thumb Code     0  dleqf.o(x$fpl$dleqf)
    _dcmple                                  0x0000a2a5   Thumb Code   120  dleqf.o(x$fpl$dleqf)
    __fpl_dcmple_InfNaN                      0x0000a307   Thumb Code     0  dleqf.o(x$fpl$dleqf)
    __aeabi_dmul                             0x0000a31d   Thumb Code     0  dmul.o(x$fpl$dmul)
    _dmul                                    0x0000a31d   Thumb Code   332  dmul.o(x$fpl$dmul)
    __fpl_dnaninf                            0x0000a471   Thumb Code   156  dnaninf.o(x$fpl$dnaninf)
    __fpl_dretinf                            0x0000a50d   Thumb Code    12  dretinf.o(x$fpl$dretinf)
    __aeabi_f2d                              0x0000a519   Thumb Code     0  f2d.o(x$fpl$f2d)
    _f2d                                     0x0000a519   Thumb Code    86  f2d.o(x$fpl$f2d)
    __aeabi_i2f                              0x0000a571   Thumb Code     0  fflt_clz.o(x$fpl$fflt)
    _fflt                                    0x0000a571   Thumb Code    48  fflt_clz.o(x$fpl$fflt)
    __fpl_fnaninf                            0x0000a5a1   Thumb Code   140  fnaninf.o(x$fpl$fnaninf)
    _printf_fp_dec                           0x0000a62d   Thumb Code     4  printf1.o(x$fpl$printf1)
    _printf_fp_hex                           0x0000a631   Thumb Code     4  printf2.o(x$fpl$printf2)
    __I$use$fp                               0x0000a634   Number         0  usenofp.o(x$fpl$usenofp)
    Region$$Table$$Base                      0x0000c250   Number         0  anon$$obj.o(Region$$Table)
    Region$$Table$$Limit                     0x0000c280   Number         0  anon$$obj.o(Region$$Table)
    __ctype                                  0x0000c2a9   Data           0  lc_ctype_c.o(locale$$data)
    dsp_alg_status                           0x18000000   Data           1  main.o(.data)
    AD_Gain_Tab                              0x18000002   Data         128  main.o(.data)
    cmd_idx                                  0x18000084   Data           4  main.o(.data)
    stop_flag                                0x18000088   Data           4  main.o(.data)
    trigger_flag                             0x1800008c   Data           4  main.o(.data)
    trigger_timer_count                      0x18000090   Data           4  main.o(.data)
    cmd_timer_count                          0x18000094   Data           4  main.o(.data)
    ALG_FLAG                                 0x18000098   Data           4  main.o(.data)
    recognition_result                       0x1800009c   Data           4  main.o(.data)
    pnWordIdx                                0x180000a0   Data           8  main.o(.data)
    nErr                                     0x180000a8   Data           4  main.o(.data)
    nStateSize                               0x180000ac   Data           4  main.o(.data)
    tmp                                      0x180000b0   Data           4  main.o(.data)
    hCSpotter                                0x180000b4   Data           4  main.o(.data)
    nNumSample                               0x180000b8   Data           4  main.o(.data)
    audio_buf_L                              0x180000bc   Data           4  main.o(.data)
    audio_buf_R                              0x180000c0   Data           4  main.o(.data)
    AGC_GAIN_temp                            0x180000c4   Data           4  main.o(.data)
    last_gainidx                             0x180000c8   Data           2  main.o(.data)
    ALG_Status                               0x180000ca   Data           2  main.o(.data)
    ALGSequegInputBuf                        0x180000cc   Data           4  main.o(.data)
    ALGSequegInputBuf1                       0x180000d0   Data           4  main.o(.data)
    ADC_IDX                                  0x180000d4   Data           4  main.o(.data)
    DAC_IDX                                  0x180000d8   Data           4  main.o(.data)
    fpA32Current                             0x180000dc   Data           4  main.o(.data)
    fpA32End                                 0x180000e0   Data           4  main.o(.data)
    bDAC_Switch                              0x180000e4   Data           1  main.o(.data)
    anw                                      0x180000e8   Data           4  main.o(.data)
    g_pld_control                            0x180000ec   Data           4  main.o(.data)
    g_speechenhance_control                  0x180000f0   Data           4  main.o(.data)
    ptrQ                                     0x180000f4   Data           4  main.o(.data)
    eADC_PPB                                 0x180000f8   Data           1  main.o(.data)
    eDAC_PPB                                 0x180000f9   Data           1  main.o(.data)
    eDAC_BR                                  0x180000fc   Data           4  main.o(.data)
    psA32dec                                 0x18000100   Data           4  main.o(.data)
    AGC_ptr                                  0x18000104   Data           4  main.o(.data)
    temp_var                                 0x18000108   Data           4  main.o(.data)
    Language_index                           0x1800010c   Data           1  main.o(.data)
    isneedsetlanguage                        0x1800010d   Data           1  main.o(.data)
    pwmvalue                                 0x1800010e   Data           1  main.o(.data)
    realgainL                                0x18000110   Data           2  main.o(.data)
    realgainR                                0x18000112   Data           2  main.o(.data)
    g_AGC_bufsize                            0x18000114   Data           4  snx_audio_agc.o(.data)
    g_AGC_gain                               0x18000118   Data           4  snx_audio_agc.o(.data)
    g_AGC_peakamp_thres                      0x1800011c   Data           4  snx_audio_agc.o(.data)
    g_AGC_peakcnt_thres                      0x18000120   Data           4  snx_audio_agc.o(.data)
    g_AGC_peakcnt_thres2                     0x18000124   Data           4  snx_audio_agc.o(.data)
    g_AGC_noise_floor                        0x18000128   Data           4  snx_audio_agc.o(.data)
    g_AGC_saturation_alarm                   0x1800012c   Data           4  snx_audio_agc.o(.data)
    g_AGC_silence_cnt                        0x18000130   Data           4  snx_audio_agc.o(.data)
    g_AGC_current_amp                        0x18000134   Data           4  snx_audio_agc.o(.data)
    g_AGC_max_gain                           0x18000138   Data           4  snx_audio_agc.o(.data)
    g_AGC_default_gain                       0x1800013c   Data           4  snx_audio_agc.o(.data)
    g_AGC_frame_trigger                      0x18000140   Data           4  snx_audio_agc.o(.data)
    g_AGC_dynamic_default_gain               0x18000144   Data           4  snx_audio_agc.o(.data)
    g_AGC_dynamic_up_control_frmcnt          0x18000148   Data           4  snx_audio_agc.o(.data)
    g_AGC_dynamic_down_control_frmcnt        0x1800014c   Data           4  snx_audio_agc.o(.data)
    g_AGC_dynamic_max_gain                   0x18000150   Data           4  snx_audio_agc.o(.data)
    g_AGC_dynamic_min_gain                   0x18000154   Data           4  snx_audio_agc.o(.data)
    g_AGC_dynamic_targetLv_lowbound          0x18000158   Data           4  snx_audio_agc.o(.data)
    g_AGC_dynamic_targetLv_highbound         0x1800015c   Data           4  snx_audio_agc.o(.data)
    g_AGC_dynamic_targetLv_speed             0x18000160   Data           4  snx_audio_agc.o(.data)
    g_AGC_min_gain                           0x18000164   Data           4  snx_audio_agc.o(.data)
    g_AGC_response_up_frmcnt                 0x18000168   Data           4  snx_audio_agc.o(.data)
    g_AGC_response_up_speed                  0x1800016c   Data           4  snx_audio_agc.o(.data)
    g_AGC_response_down_frmcnt               0x18000170   Data           4  snx_audio_agc.o(.data)
    g_AGC_response_down_speed                0x18000174   Data           4  snx_audio_agc.o(.data)
    update_frmcnt                            0x18000178   Data           4  snx_audio_agc.o(.data)
    tracking_frmcnt                          0x1800017c   Data           4  snx_audio_agc.o(.data)
    EngMin                                   0x18000180   Data           4  snx_audio_agc.o(.data)
    EngMinTmp                                0x18000184   Data           4  snx_audio_agc.o(.data)
    noise_update_lv1                         0x18000188   Data           4  snx_audio_agc.o(.data)
    noise_update_lv2                         0x1800018c   Data           4  snx_audio_agc.o(.data)
    tracking_update_init                     0x18000190   Data           4  snx_audio_agc.o(.data)
    noise_tracking_update_lv1                0x18000194   Data           4  snx_audio_agc.o(.data)
    noise_tracking_update_lv2                0x18000198   Data           4  snx_audio_agc.o(.data)
    g_silencecnt_thres                       0x1800019c   Data           4  snx_audio_agc.o(.data)
    g_silence_tag                            0x180001a0   Data           4  snx_audio_agc.o(.data)
    peakcnt                                  0x180001a4   Data           4  snx_audio_agc.o(.data)
    peakcnt2                                 0x180001a8   Data           4  snx_audio_agc.o(.data)
    g_temp                                   0x180001ac   Data           4  snx_audio_agc.o(.data)
    g_AGC_TV_flag                            0x180001b0   Data           4  snx_audio_agc.o(.data)
    g_silence_flag                           0x180001b4   Data           4  snx_audio_agc.o(.data)
    gLog_flags                               0x18000210   Data           4  log_util.o(.data)
    ITM_RxBuffer                             0x18000218   Data           4  log_util.o(.data)
    lppbyModel                               0x18000220   Data          12  main.o(.bss)
    lpbyState                                0x1800022c   Data          96  main.o(.bss)
    AEC_OutBuf                               0x1800028c   Data         512  main.o(.bss)
    memory_pool                              0x1800048c   Data       10240  main.o(.bss)
    model_buf                                0x18002c8c   Data       61440  main.o(.bss)
    ADC_Buffer                               0x18011c8c   Data        2048  main.o(.bss)
    MIC_Buffer                               0x1801248c   Data        2048  main.o(.bss)
    DAC_Buffer                               0x18012c8c   Data        1280  main.o(.bss)
    AGC_ptr_Mic                              0x1801318c   Data         164  main.o(.bss)
    AGC_ptr_Ref                              0x18013230   Data         164  main.o(.bss)
    rx_buffer                                0x180132f8   Data          24  uart.o(.bss)
    rx_buffer1                               0x18013310   Data          24  uart.o(.bss)
    __libspace_start                         0x180133a8   Data          96  libspace.o(.bss)
    __temporary_stack_top$libspace           0x18013408   Data           0  libspace.o(.bss)
    dynamic_default_gain                     0x1801ec01   Thumb Code   262  snx_audio_agc.o(.text)
    saturation_protect                       0x1801ed07   Thumb Code   340  snx_audio_agc.o(.text)
    update_NoiseFloor                        0x1801ee5b   Thumb Code   194  snx_audio_agc.o(.text)
    SNX_AGC_Process                          0x1801ef1d   Thumb Code   668  snx_audio_agc.o(.text)
    SNX_AGC_Process_init                     0x1801f1b9   Thumb Code   896  snx_audio_agc.o(.text)
    Convert_to_Codec_Channel                 0x1801f539   Thumb Code    24  audio.o(.text)
    Convert_to_Codec_Sampling_Rate           0x1801f551   Thumb Code   116  audio.o(.text)
    Convert_to_Aud_Sampling_Rate             0x1801f5c5   Thumb Code   116  audio.o(.text)
    External_Audio_Codec_Init                0x1801f639   Thumb Code    60  audio.o(.text)
    I2C_ch_sel                               0x1801f679   Thumb Code     6  i2c_software_master.o(.text)
    SCL_rd                                   0x1801f67f   Thumb Code    48  i2c_software_master.o(.text)
    SDA_rd                                   0x1801f6af   Thumb Code    48  i2c_software_master.o(.text)
    I2C_SoftWare_Master_Init                 0x1801f6df   Thumb Code   362  i2c_software_master.o(.text)
    ACK_read_init                            0x1801f849   Thumb Code    38  i2c_software_master.o(.text)
    ACK_read_deinit                          0x1801f86f   Thumb Code    38  i2c_software_master.o(.text)
    SCL_read                                 0x1801f895   Thumb Code     8  i2c_software_master.o(.text)
    SDA_read                                 0x1801f89d   Thumb Code     8  i2c_software_master.o(.text)
    I2C_delay                                0x1801f8a5   Thumb Code    24  i2c_software_master.o(.text)
    I2C_delay_C                              0x1801f8bd   Thumb Code    24  i2c_software_master.o(.text)
    I2C_delay_2                              0x1801f8d5   Thumb Code    24  i2c_software_master.o(.text)
    I2C_delay_3                              0x1801f8ed   Thumb Code    24  i2c_software_master.o(.text)
    I2C_Start                                0x1801f905   Thumb Code   182  i2c_software_master.o(.text)
    I2C_Stop                                 0x1801f9bb   Thumb Code   186  i2c_software_master.o(.text)
    I2C_Ack                                  0x1801fa75   Thumb Code   164  i2c_software_master.o(.text)
    I2C_NoAck                                0x1801fb19   Thumb Code   164  i2c_software_master.o(.text)
    I2C_WaitAck                              0x1801fbbd   Thumb Code   180  i2c_software_master.o(.text)
    I2C_SendByte                             0x1801fc71   Thumb Code   228  i2c_software_master.o(.text)
    I2C_SendByte2                            0x1801fd55   Thumb Code   228  i2c_software_master.o(.text)
    I2C_ReceiveByte                          0x1801fe39   Thumb Code   180  i2c_software_master.o(.text)
    I2C_SoftWare_Master_ReInit               0x1801feed   Thumb Code    12  i2c_software_master.o(.text)
    I2C_SoftWare_Master_Write                0x1801fef9   Thumb Code    84  i2c_software_master.o(.text)
    I2C_Start_Master_read                    0x1801ff4d   Thumb Code   124  i2c_software_master.o(.text)
    I2C_SoftWare_Master_Read                 0x1801ffc9   Thumb Code    74  i2c_software_master.o(.text)
    Delay                                    0x18020025   Thumb Code    26  aud_driver.o(.text)
    AUD_RegWrite                             0x1802004b   Thumb Code   194  aud_driver.o(.text)
    AUD_RegRead                              0x1802010d   Thumb Code   244  aud_driver.o(.text)
    AUD_mclk_enable                          0x18020201   Thumb Code    30  aud_driver.o(.text)
    AUD_mclk_disable                         0x1802021f   Thumb Code    32  aud_driver.o(.text)
    AUD_Driver_Init                          0x1802023f   Thumb Code   138  aud_driver.o(.text)
    AUD_SlaveMode_Init                       0x180202c9   Thumb Code  1392  aud_driver.o(.text)
    AUD_MasterMode_Init                      0x18020839   Thumb Code  2124  aud_driver.o(.text)
    AUD_DAC_Volume                           0x18021085   Thumb Code   136  aud_driver.o(.text)
    AUD_ADC_Gain_Setting                     0x1802110d   Thumb Code   228  aud_driver.o(.text)
    AUD_Get_DAC_Volume                       0x180211f1   Thumb Code    14  aud_driver.o(.text)
    SNAUD01_MasterMode_Init                  0x18022b8f   Thumb Code    86  aud_driver.o(.text)
    SNAUD01_power_down                       0x18022be5   Thumb Code    48  aud_driver.o(.text)
    SNAUD01_sleep                            0x18022c15   Thumb Code    48  aud_driver.o(.text)
    SNAUD01_list_all_reg                     0x18022c45   Thumb Code  1050  aud_driver.o(.text)
    SNAUD01_debug_mode                       0x1802305f   Thumb Code   480  aud_driver.o(.text)
    AUD_Set_Driver_Mode                      0x1802323f   Thumb Code     6  aud_driver.o(.text)
    AUD01_ADC_Turn_On                        0x18023245   Thumb Code    38  aud_driver.o(.text)
    AUD01_ADC_Turn_Off                       0x1802326b   Thumb Code    12  aud_driver.o(.text)
    AUD01_ADC_Gain_Ctrl                      0x18023277   Thumb Code   308  aud_driver.o(.text)
    AUD01_DAC_Turn_On                        0x180233ab   Thumb Code    52  aud_driver.o(.text)
    AUD01_DAC_Turn_Off                       0x180233df   Thumb Code    42  aud_driver.o(.text)
    AUD01_DAC_Volume_Control                 0x18023409   Thumb Code    72  aud_driver.o(.text)
    AUD01_AMP_Turn_On                        0x18023451   Thumb Code   112  aud_driver.o(.text)
    AUD01_AMP_Turn_Off                       0x180234c1   Thumb Code    66  aud_driver.o(.text)
    AUD01_dpd                                0x18023503   Thumb Code    14  aud_driver.o(.text)
    I2S4_Clr_Rx_FIFO                         0x18023519   Thumb Code    18  i2s4.o(.text)
    I2S4_Clr_Tx_FIFO                         0x1802352b   Thumb Code    18  i2s4.o(.text)
    I2S4_Enable                              0x1802353d   Thumb Code   204  i2s4.o(.text)
    I2S4_Disable                             0x18023609   Thumb Code    14  i2s4.o(.text)
    I2S4_Set_Ch_Len                          0x18023617   Thumb Code    14  i2s4.o(.text)
    I2S4_Set_Data_Len                        0x18023625   Thumb Code    14  i2s4.o(.text)
    I2S4_Set_Format                          0x18023633   Thumb Code    14  i2s4.o(.text)
    I2S4_Set_MONO_STEREO                     0x18023641   Thumb Code    14  i2s4.o(.text)
    I2S4_Start                               0x1802364f   Thumb Code    16  i2s4.o(.text)
    I2S4_Mute                                0x1802365f   Thumb Code    16  i2s4.o(.text)
    I2S4_UnMute                              0x1802366f   Thumb Code    14  i2s4.o(.text)
    I2S4_Stop                                0x1802367d   Thumb Code    14  i2s4.o(.text)
    I2S4_SEL_IMCLK                           0x1802368b   Thumb Code   116  i2s4.o(.text)
    I2S4_SET_BCLKDIV                         0x180236ff   Thumb Code    14  i2s4.o(.text)
    I2S4_SET_IMCLKDIV                        0x1802370d   Thumb Code    14  i2s4.o(.text)
    I2S4_Clr_Int_Flag                        0x1802371b   Thumb Code    12  i2s4.o(.text)
    I2S4_Set_Rx_THD                          0x18023727   Thumb Code    18  i2s4.o(.text)
    I2S4_Set_Tx_THD                          0x18023739   Thumb Code    18  i2s4.o(.text)
    I2S4_Set_INT_Enable                      0x1802374b   Thumb Code   246  i2s4.o(.text)
    I2S4_Set_INT_Disable                     0x18023841   Thumb Code    76  i2s4.o(.text)
    I2S4_Read_Rx_FIFO                        0x1802388d   Thumb Code     6  i2s4.o(.text)
    I2S4_Write_Tx_FIFO                       0x18023893   Thumb Code     6  i2s4.o(.text)
    I2S4_Read_IP_Status                      0x18023899   Thumb Code     6  i2s4.o(.text)
    I2S4_Read_Int_Status                     0x1802389f   Thumb Code     6  i2s4.o(.text)
    I2S4_Read_Tx_FIFO_Status                 0x180238a5   Thumb Code    10  i2s4.o(.text)
    I2S4_Read_Rx_FIFO_Status                 0x180238af   Thumb Code    10  i2s4.o(.text)
    I2S4_MCLK_OUT0_SEL                       0x180238b9   Thumb Code    14  i2s4.o(.text)
    I2S4_MCLK_OUT1_SEL                       0x180238c7   Thumb Code    14  i2s4.o(.text)
    I2S4_MCLK_OUT_ENABLE                     0x180238d5   Thumb Code    14  i2s4.o(.text)
    I2S4_MCLK_OUT0_OUT1_SEL                  0x180238e3   Thumb Code    76  i2s4.o(.text)
    I2S4_Init                                0x1802392f   Thumb Code    18  i2s4.o(.text)
    I2S4_8Bit_STD_Handler                    0x18023941   Thumb Code   184  i2s4.o(.text)
    I2S4_16Bit_STD_Handler                   0x180239f9   Thumb Code   120  i2s4.o(.text)
    I2S4_32Bit_STD_Handler                   0x18023a71   Thumb Code   120  i2s4.o(.text)
    I2S4_MONO_Handler                        0x18023ae9   Thumb Code    82  i2s4.o(.text)
    UART_Init                                0x18023c81   Thumb Code   764  uart.o(.text)
    uart_deinit                              0x18023f7d   Thumb Code     6  uart.o(.text)
    UART_ReadByte                            0x18023f83   Thumb Code    68  uart.o(.text)
    UART_WriteByte                           0x18023fc7   Thumb Code    66  uart.o(.text)
    UART_WriteMultiBytes                     0x18024009   Thumb Code    84  uart.o(.text)
    UART_ReadIrqByte                         0x1802405d   Thumb Code    30  uart.o(.text)
    UART0_IRQHandler                         0x1802407b   Thumb Code    12  uart.o(.text)
    UART1_IRQHandler                         0x18024087   Thumb Code    12  uart.o(.text)
    UART_GetVersion                          0x18024093   Thumb Code     4  uart.o(.text)
    UART_READ                                0x18024097   Thumb Code    46  uart.o(.text)
    UART_AVAILABLE                           0x180240c5   Thumb Code    26  uart.o(.text)
    UART_PEEK                                0x180240df   Thumb Code    34  uart.o(.text)
    UART_END                                 0x18024101   Thumb Code    22  uart.o(.text)
    UART_WRITEBYTE                           0x18024117   Thumb Code    66  uart.o(.text)
    Long Thumb to Thumb Veneer to __aeabi_i2d 0x18024175   Thumb Code    10  anon$$obj.o(Veneer$$Code)
    Long Thumb to Thumb Veneer to __aeabi_dmul 0x1802417f   Thumb Code    10  anon$$obj.o(Veneer$$Code)
    Long Thumb to Thumb Veneer to __aeabi_cdcmple 0x18024189   Thumb Code    10  anon$$obj.o(Veneer$$Code)
    Long Thumb to Thumb Veneer to __aeabi_i2f 0x18024193   Thumb Code    10  anon$$obj.o(Veneer$$Code)
    Long Thumb to Thumb Veneer to __aeabi_f2d 0x1802419d   Thumb Code    10  anon$$obj.o(Veneer$$Code)
    Long Thumb to Thumb Veneer to __aeabi_d2iz 0x180241a7   Thumb Code    10  anon$$obj.o(Veneer$$Code)
    Long Thumb to Thumb Veneer to __aeabi_ddiv 0x180241b1   Thumb Code    10  anon$$obj.o(Veneer$$Code)
    Long Thumb to Thumb Veneer to I2C_Master_Send 0x180241bb   Thumb Code    10  anon$$obj.o(Veneer$$Code)
    Long Thumb to Thumb Veneer to I2C_Set_Stop_Condition 0x180241c5   Thumb Code    10  anon$$obj.o(Veneer$$Code)
    Long Thumb to Thumb Veneer to I2C_Master_Recv 0x180241cf   Thumb Code    10  anon$$obj.o(Veneer$$Code)
    Long Thumb to Thumb Veneer to I2C_Initial 0x180241d9   Thumb Code    10  anon$$obj.o(Veneer$$Code)
    Long Thumb to Thumb Veneer to __aeabi_memclr 0x180241e3   Thumb Code    10  anon$$obj.o(Veneer$$Code)
    Long Thumb to Thumb Veneer to printf_uart 0x180241ed   Thumb Code    10  anon$$obj.o(Veneer$$Code)
    sonix_load_table                         0x60000000   Data          72  sonix_load_table.o(.ARM.__AT_0x60000000)
    CYB_CMD1_INFLASH                         0x6002b000   Data           0  rd_wr_flash.o(.ARM.__at_0x6002B000)
    CYB_CMD1_INFLASH_END                     0x60034a94   Data           0  rd_wr_flash.o(.ARM.__at_0x6002B000)



==============================================================================

Memory Map of the image

  Image Entry point : 0x00000125

  Load Region LR_PRAM (Base: 0x00000000, Size: 0x0000c5cc, Max: 0x00010000, ABSOLUTE)

    Execution Region ER_PRAM (Base: 0x00000000, Size: 0x0000c3ac, Max: 0x00010000, ABSOLUTE)

    Base Addr    Size         Type   Attr      Idx    E Section Name        Object

    0x00000000   0x00000124   Data   RO          271    RESET               startup.o
    0x00000124   0x00000008   Code   RO         1565  * !!!main             c_w.l(__main.o)
    0x0000012c   0x00000034   Code   RO         1978    !!!scatter          c_w.l(__scatter.o)
    0x00000160   0x0000001a   Code   RO         1980    !!handler_copy      c_w.l(__scatter_copy.o)
    0x0000017a   0x00000002   PAD
    0x0000017c   0x0000001c   Code   RO         1982    !!handler_zi        c_w.l(__scatter_zi.o)
    0x00000198   0x00000000   Code   RO         1706    .ARM.Collect$$_printf_percent$$00000000  c_w.l(_printf_percent.o)
    0x00000198   0x00000006   Code   RO         1695    .ARM.Collect$$_printf_percent$$00000001  c_w.l(_printf_n.o)
    0x0000019e   0x00000006   Code   RO         1697    .ARM.Collect$$_printf_percent$$00000002  c_w.l(_printf_p.o)
    0x000001a4   0x00000006   Code   RO         1702    .ARM.Collect$$_printf_percent$$00000003  c_w.l(_printf_f.o)
    0x000001aa   0x00000006   Code   RO         1703    .ARM.Collect$$_printf_percent$$00000004  c_w.l(_printf_e.o)
    0x000001b0   0x00000006   Code   RO         1704    .ARM.Collect$$_printf_percent$$00000005  c_w.l(_printf_g.o)
    0x000001b6   0x00000006   Code   RO         1705    .ARM.Collect$$_printf_percent$$00000006  c_w.l(_printf_a.o)
    0x000001bc   0x0000000a   Code   RO         1710    .ARM.Collect$$_printf_percent$$00000007  c_w.l(_printf_ll.o)
    0x000001c6   0x00000006   Code   RO         1699    .ARM.Collect$$_printf_percent$$00000008  c_w.l(_printf_i.o)
    0x000001cc   0x00000006   Code   RO         1700    .ARM.Collect$$_printf_percent$$00000009  c_w.l(_printf_d.o)
    0x000001d2   0x00000006   Code   RO         1701    .ARM.Collect$$_printf_percent$$0000000A  c_w.l(_printf_u.o)
    0x000001d8   0x00000006   Code   RO         1698    .ARM.Collect$$_printf_percent$$0000000B  c_w.l(_printf_o.o)
    0x000001de   0x00000006   Code   RO         1696    .ARM.Collect$$_printf_percent$$0000000C  c_w.l(_printf_x.o)
    0x000001e4   0x00000006   Code   RO         1707    .ARM.Collect$$_printf_percent$$0000000D  c_w.l(_printf_lli.o)
    0x000001ea   0x00000006   Code   RO         1708    .ARM.Collect$$_printf_percent$$0000000E  c_w.l(_printf_lld.o)
    0x000001f0   0x00000006   Code   RO         1709    .ARM.Collect$$_printf_percent$$0000000F  c_w.l(_printf_llu.o)
    0x000001f6   0x00000006   Code   RO         1714    .ARM.Collect$$_printf_percent$$00000010  c_w.l(_printf_llo.o)
    0x000001fc   0x00000006   Code   RO         1715    .ARM.Collect$$_printf_percent$$00000011  c_w.l(_printf_llx.o)
    0x00000202   0x0000000a   Code   RO         1711    .ARM.Collect$$_printf_percent$$00000012  c_w.l(_printf_l.o)
    0x0000020c   0x00000006   Code   RO         1693    .ARM.Collect$$_printf_percent$$00000013  c_w.l(_printf_c.o)
    0x00000212   0x00000006   Code   RO         1694    .ARM.Collect$$_printf_percent$$00000014  c_w.l(_printf_s.o)
    0x00000218   0x00000006   Code   RO         1712    .ARM.Collect$$_printf_percent$$00000015  c_w.l(_printf_lc.o)
    0x0000021e   0x00000006   Code   RO         1713    .ARM.Collect$$_printf_percent$$00000016  c_w.l(_printf_ls.o)
    0x00000224   0x00000004   Code   RO         1827    .ARM.Collect$$_printf_percent$$00000017  c_w.l(_printf_percent_end.o)
    0x00000228   0x00000002   Code   RO         1904    .ARM.Collect$$libinit$$00000000  c_w.l(libinit.o)
    0x0000022a   0x00000000   Code   RO         1719    .ARM.Collect$$libinit$$00000002  c_w.l(libinit2.o)
    0x0000022a   0x00000000   Code   RO         1721    .ARM.Collect$$libinit$$00000004  c_w.l(libinit2.o)
    0x0000022a   0x00000008   Code   RO         1722    .ARM.Collect$$libinit$$00000005  c_w.l(libinit2.o)
    0x00000232   0x00000000   Code   RO         1724    .ARM.Collect$$libinit$$0000000A  c_w.l(libinit2.o)
    0x00000232   0x00000000   Code   RO         1726    .ARM.Collect$$libinit$$0000000C  c_w.l(libinit2.o)
    0x00000232   0x00000000   Code   RO         1728    .ARM.Collect$$libinit$$0000000E  c_w.l(libinit2.o)
    0x00000232   0x00000006   Code   RO         1729    .ARM.Collect$$libinit$$0000000F  c_w.l(libinit2.o)
    0x00000238   0x00000000   Code   RO         1731    .ARM.Collect$$libinit$$00000011  c_w.l(libinit2.o)
    0x00000238   0x0000000c   Code   RO         1732    .ARM.Collect$$libinit$$00000012  c_w.l(libinit2.o)
    0x00000244   0x00000000   Code   RO         1733    .ARM.Collect$$libinit$$00000013  c_w.l(libinit2.o)
    0x00000244   0x00000000   Code   RO         1735    .ARM.Collect$$libinit$$00000015  c_w.l(libinit2.o)
    0x00000244   0x0000000a   Code   RO         1736    .ARM.Collect$$libinit$$00000016  c_w.l(libinit2.o)
    0x0000024e   0x00000000   Code   RO         1737    .ARM.Collect$$libinit$$00000017  c_w.l(libinit2.o)
    0x0000024e   0x00000000   Code   RO         1739    .ARM.Collect$$libinit$$00000019  c_w.l(libinit2.o)
    0x0000024e   0x00000000   Code   RO         1741    .ARM.Collect$$libinit$$0000001B  c_w.l(libinit2.o)
    0x0000024e   0x00000000   Code   RO         1743    .ARM.Collect$$libinit$$0000001D  c_w.l(libinit2.o)
    0x0000024e   0x00000000   Code   RO         1745    .ARM.Collect$$libinit$$0000001F  c_w.l(libinit2.o)
    0x0000024e   0x00000000   Code   RO         1747    .ARM.Collect$$libinit$$00000021  c_w.l(libinit2.o)
    0x0000024e   0x00000000   Code   RO         1749    .ARM.Collect$$libinit$$00000023  c_w.l(libinit2.o)
    0x0000024e   0x00000000   Code   RO         1751    .ARM.Collect$$libinit$$00000025  c_w.l(libinit2.o)
    0x0000024e   0x00000000   Code   RO         1755    .ARM.Collect$$libinit$$0000002C  c_w.l(libinit2.o)
    0x0000024e   0x00000000   Code   RO         1757    .ARM.Collect$$libinit$$0000002E  c_w.l(libinit2.o)
    0x0000024e   0x00000000   Code   RO         1759    .ARM.Collect$$libinit$$00000030  c_w.l(libinit2.o)
    0x0000024e   0x00000000   Code   RO         1761    .ARM.Collect$$libinit$$00000032  c_w.l(libinit2.o)
    0x0000024e   0x00000002   Code   RO         1762    .ARM.Collect$$libinit$$00000033  c_w.l(libinit2.o)
    0x00000250   0x00000002   Code   RO         1975    .ARM.Collect$$libshutdown$$00000000  c_w.l(libshutdown.o)
    0x00000252   0x00000000   Code   RO         1931    .ARM.Collect$$libshutdown$$00000002  c_w.l(libshutdown2.o)
    0x00000252   0x00000000   Code   RO         1933    .ARM.Collect$$libshutdown$$00000004  c_w.l(libshutdown2.o)
    0x00000252   0x00000000   Code   RO         1936    .ARM.Collect$$libshutdown$$00000007  c_w.l(libshutdown2.o)
    0x00000252   0x00000000   Code   RO         1939    .ARM.Collect$$libshutdown$$0000000A  c_w.l(libshutdown2.o)
    0x00000252   0x00000000   Code   RO         1941    .ARM.Collect$$libshutdown$$0000000C  c_w.l(libshutdown2.o)
    0x00000252   0x00000000   Code   RO         1944    .ARM.Collect$$libshutdown$$0000000F  c_w.l(libshutdown2.o)
    0x00000252   0x00000002   Code   RO         1945    .ARM.Collect$$libshutdown$$00000010  c_w.l(libshutdown2.o)
    0x00000254   0x00000000   Code   RO         1595    .ARM.Collect$$rtentry$$00000000  c_w.l(__rtentry.o)
    0x00000254   0x00000000   Code   RO         1786    .ARM.Collect$$rtentry$$00000002  c_w.l(__rtentry2.o)
    0x00000254   0x00000006   Code   RO         1798    .ARM.Collect$$rtentry$$00000004  c_w.l(__rtentry4.o)
    0x0000025a   0x00000000   Code   RO         1788    .ARM.Collect$$rtentry$$00000009  c_w.l(__rtentry2.o)
    0x0000025a   0x00000004   Code   RO         1789    .ARM.Collect$$rtentry$$0000000A  c_w.l(__rtentry2.o)
    0x0000025e   0x00000000   Code   RO         1791    .ARM.Collect$$rtentry$$0000000C  c_w.l(__rtentry2.o)
    0x0000025e   0x00000008   Code   RO         1792    .ARM.Collect$$rtentry$$0000000D  c_w.l(__rtentry2.o)
    0x00000266   0x00000002   Code   RO         1911    .ARM.Collect$$rtexit$$00000000  c_w.l(rtexit.o)
    0x00000268   0x00000000   Code   RO         1949    .ARM.Collect$$rtexit$$00000002  c_w.l(rtexit2.o)
    0x00000268   0x00000004   Code   RO         1950    .ARM.Collect$$rtexit$$00000003  c_w.l(rtexit2.o)
    0x0000026c   0x00000006   Code   RO         1951    .ARM.Collect$$rtexit$$00000004  c_w.l(rtexit2.o)
    0x00000272   0x00000002   PAD
    0x00000274   0x00000000   Code   RO         1806    .emb_text           c_w.l(maybetermalloc1.o)
    0x00000274   0x00000814   Code   RO            3    .text               main.o
    0x00000a88   0x00000254   Code   RO          235    .text               bsp.o
    0x00000cdc   0x00000050   Code   RO          272    .text               startup.o
    0x00000d2c   0x00000320   Code   RO          576    .text               snc7320_codec.lib(codec.o)
    0x0000104c   0x00000980   Code   RO          621    .text               snc7320_i2c.lib(i2c.o)
    0x000019cc   0x00000564   Code   RO          656    .text               snc7320_spifc.lib(spifc.o)
    0x00001f30   0x000001a8   Code   RO          695    .text               snc7320_util.lib(log_util.o)
    0x000020d8   0x00000724   Code   RO          935    .text               snc7320_i2s.lib(i2s.o)
    0x000027fc   0x00000538   Code   RO          975    .text               snc7320_idma.lib(idma.o)
    0x00002d34   0x0000005e   Code   RO         1487    .text               c_w.l(h1_alloc.o)
    0x00002d92   0x0000004e   Code   RO         1489    .text               c_w.l(h1_free.o)
    0x00002de0   0x00000034   Code   RO         1551    .text               c_w.l(vsnprintf.o)
    0x00002e14   0x00000064   Code   RO         1555    .text               c_w.l(rt_memcpy_w.o)
    0x00002e78   0x00000044   Code   RO         1559    .text               c_w.l(rt_memclr.o)
    0x00002ebc   0x0000004e   Code   RO         1561    .text               c_w.l(rt_memclr_w.o)
    0x00002f0a   0x00000006   Code   RO         1563    .text               c_w.l(heapauxi.o)
    0x00002f10   0x00000008   Code   RO         1599    .text               c_w.l(rt_heap_descriptor_intlibspace.o)
    0x00002f18   0x00000004   Code   RO         1601    .text               c_w.l(hguard.o)
    0x00002f1c   0x0000008a   Code   RO         1603    .text               c_w.l(init_alloc.o)
    0x00002fa6   0x0000000e   Code   RO         1607    .text               c_w.l(h1_init.o)
    0x00002fb4   0x0000004e   Code   RO         1625    .text               c_w.l(_printf_pad.o)
    0x00003002   0x00000024   Code   RO         1627    .text               c_w.l(_printf_truncate.o)
    0x00003026   0x00000052   Code   RO         1629    .text               c_w.l(_printf_str.o)
    0x00003078   0x00000078   Code   RO         1631    .text               c_w.l(_printf_dec.o)
    0x000030f0   0x00000028   Code   RO         1633    .text               c_w.l(_printf_charcount.o)
    0x00003118   0x00000030   Code   RO         1635    .text               c_w.l(_printf_char_common.o)
    0x00003148   0x0000000a   Code   RO         1637    .text               c_w.l(_sputc.o)
    0x00003152   0x00000010   Code   RO         1639    .text               c_w.l(_snputc.o)
    0x00003162   0x00000002   PAD
    0x00003164   0x000000bc   Code   RO         1641    .text               c_w.l(_printf_wctomb.o)
    0x00003220   0x0000007c   Code   RO         1644    .text               c_w.l(_printf_longlong_dec.o)
    0x0000329c   0x00000070   Code   RO         1650    .text               c_w.l(_printf_oct_int_ll.o)
    0x0000330c   0x00000094   Code   RO         1670    .text               c_w.l(_printf_hex_int_ll_ptr.o)
    0x000033a0   0x00000188   Code   RO         1690    .text               c_w.l(__printf_flags_ss_wp.o)
    0x00003528   0x00000008   Code   RO         1782    .text               c_w.l(libspace.o)
    0x00003530   0x00000034   Code   RO         1808    .text               c_w.l(h1_extend.o)
    0x00003564   0x0000008a   Code   RO         1812    .text               c_w.l(lludiv10.o)
    0x000035ee   0x000000b2   Code   RO         1814    .text               c_w.l(_printf_intcommon.o)
    0x000036a0   0x0000041a   Code   RO         1816    .text               c_w.l(_printf_fp_dec.o)
    0x00003aba   0x00000002   PAD
    0x00003abc   0x000002fc   Code   RO         1818    .text               c_w.l(_printf_fp_hex.o)
    0x00003db8   0x0000002c   Code   RO         1823    .text               c_w.l(_printf_char.o)
    0x00003de4   0x0000002c   Code   RO         1825    .text               c_w.l(_printf_wchar.o)
    0x00003e10   0x00000040   Code   RO         1828    .text               c_w.l(_wcrtomb.o)
    0x00003e50   0x0000000e   Code   RO         1830    .text               c_w.l(defsig_rtmem_outer.o)
    0x00003e5e   0x00000002   Code   RO         1841    .text               c_w.l(use_no_semi.o)
    0x00003e60   0x00000000   Code   RO         1843    .text               c_w.l(indicate_semi.o)
    0x00003e60   0x0000004a   Code   RO         1844    .text               c_w.l(sys_stackheap_outer.o)
    0x00003eaa   0x00000002   PAD
    0x00003eac   0x00000010   Code   RO         1846    .text               c_w.l(rt_ctype_table.o)
    0x00003ebc   0x00000008   Code   RO         1855    .text               c_w.l(rt_locale_intlibspace.o)
    0x00003ec4   0x00000080   Code   RO         1859    .text               c_w.l(_printf_fp_infnan.o)
    0x00003f44   0x000000dc   Code   RO         1861    .text               c_w.l(bigflt0.o)
    0x00004020   0x00000012   Code   RO         1889    .text               c_w.l(exit.o)
    0x00004032   0x0000000a   Code   RO         1891    .text               c_w.l(defsig_exit.o)
    0x0000403c   0x00000050   Code   RO         1893    .text               c_w.l(defsig_rtmem_inner.o)
    0x0000408c   0x0000000c   Code   RO         1909    .text               c_w.l(sys_exit.o)
    0x00004098   0x00000032   Code   RO         1922    .text               c_w.l(defsig_general.o)
    0x000040ca   0x00000002   PAD
    0x000040cc   0x00000080   Code   RO         1928    .text               c_w.l(strcmpv7m.o)
    0x0000414c   0x0000000e   Code   RO         1946    .text               c_w.l(sys_wrch.o)
    0x0000415a   0x0000003e   Code   RO         1864    CL$$btod_d2e        c_w.l(btod.o)
    0x00004198   0x00000046   Code   RO         1866    CL$$btod_d2e_denorm_low  c_w.l(btod.o)
    0x000041de   0x00000060   Code   RO         1865    CL$$btod_d2e_norm_op1  c_w.l(btod.o)
    0x0000423e   0x00000338   Code   RO         1874    CL$$btod_div_common  c_w.l(btod.o)
    0x00004576   0x000000c6   Code   RO         1871    CL$$btod_e2e        c_w.l(btod.o)
    0x0000463c   0x00000028   Code   RO         1868    CL$$btod_ediv       c_w.l(btod.o)
    0x00004664   0x00000028   Code   RO         1867    CL$$btod_emul       c_w.l(btod.o)
    0x0000468c   0x00000244   Code   RO         1873    CL$$btod_mult_common  c_w.l(btod.o)
    0x000048d0   0x0000000a   Ven    RO         1984    Veneer$$Code        anon$$obj.o
    0x000048da   0x0000000a   Ven    RO         1985    Veneer$$Code        anon$$obj.o
    0x000048e4   0x0000000a   Ven    RO         1986    Veneer$$Code        anon$$obj.o
    0x000048ee   0x0000000a   Ven    RO         1987    Veneer$$Code        anon$$obj.o
    0x000048f8   0x0000000a   Ven    RO         1988    Veneer$$Code        anon$$obj.o
    0x00004902   0x0000000a   Ven    RO         1989    Veneer$$Code        anon$$obj.o
    0x0000490c   0x0000000a   Ven    RO         1990    Veneer$$Code        anon$$obj.o
    0x00004916   0x0000000a   Ven    RO         1991    Veneer$$Code        anon$$obj.o
    0x00004920   0x0000000a   Ven    RO         1992    Veneer$$Code        anon$$obj.o
    0x0000492a   0x0000000a   Ven    RO         1993    Veneer$$Code        anon$$obj.o
    0x00004934   0x0000000a   Ven    RO         1994    Veneer$$Code        anon$$obj.o
    0x0000493e   0x0000002c   Code   RO         1162    i.BsrAbby           libCSpotterSDK_16k_24d_A_SNC7312_arm-cm3_V6.4.5_b20180726.lib(BsrJoe.o)
    0x0000496a   0x00000082   Code   RO         1163    i.BsrAbel           libCSpotterSDK_16k_24d_A_SNC7312_arm-cm3_V6.4.5_b20180726.lib(BsrJoe.o)
    0x000049ec   0x000000e4   Code   RO         1164    i.BsrAdam           libCSpotterSDK_16k_24d_A_SNC7312_arm-cm3_V6.4.5_b20180726.lib(BsrJoe.o)
    0x00004ad0   0x000000fc   Code   RO         1030    i.BsrAlma           libCSpotterSDK_16k_24d_A_SNC7312_arm-cm3_V6.4.5_b20180726.lib(BsrDon.o)
    0x00004bcc   0x00000018   Code   RO         1031    i.BsrAmir           libCSpotterSDK_16k_24d_A_SNC7312_arm-cm3_V6.4.5_b20180726.lib(BsrDon.o)
    0x00004be4   0x00000134   Code   RO         1032    i.BsrAmos           libCSpotterSDK_16k_24d_A_SNC7312_arm-cm3_V6.4.5_b20180726.lib(BsrDon.o)
    0x00004d18   0x00000028   Code   RO         1066    i.BsrAna            libCSpotterSDK_16k_24d_A_SNC7312_arm-cm3_V6.4.5_b20180726.lib(BsrJim.o)
    0x00004d40   0x00000024   Code   RO         1034    i.BsrAnna           libCSpotterSDK_16k_24d_A_SNC7312_arm-cm3_V6.4.5_b20180726.lib(BsrDon.o)
    0x00004d64   0x00000016   Code   RO         1035    i.BsrAnne           libCSpotterSDK_16k_24d_A_SNC7312_arm-cm3_V6.4.5_b20180726.lib(BsrDon.o)
    0x00004d7a   0x00000020   Code   RO         1036    i.BsrAnnie          libCSpotterSDK_16k_24d_A_SNC7312_arm-cm3_V6.4.5_b20180726.lib(BsrDon.o)
    0x00004d9a   0x00000002   PAD
    0x00004d9c   0x000000c0   Code   RO         1067    i.BsrAri            libCSpotterSDK_16k_24d_A_SNC7312_arm-cm3_V6.4.5_b20180726.lib(BsrJim.o)
    0x00004e5c   0x00000108   Code   RO         1068    i.BsrAsa            libCSpotterSDK_16k_24d_A_SNC7312_arm-cm3_V6.4.5_b20180726.lib(BsrJim.o)
    0x00004f64   0x000000b6   Code   RO         1070    i.BsrAvea           libCSpotterSDK_16k_24d_A_SNC7312_arm-cm3_V6.4.5_b20180726.lib(BsrJim.o)
    0x0000501a   0x00000018   Code   RO         1042    i.BsrAyla           libCSpotterSDK_16k_24d_A_SNC7312_arm-cm3_V6.4.5_b20180726.lib(BsrDon.o)
    0x00005032   0x0000000c   Code   RO         1043    i.BsrBaby           libCSpotterSDK_16k_24d_A_SNC7312_arm-cm3_V6.4.5_b20180726.lib(BsrDon.o)
    0x0000503e   0x00000002   PAD
    0x00005040   0x00000128   Code   RO         1071    i.BsrBen            libCSpotterSDK_16k_24d_A_SNC7312_arm-cm3_V6.4.5_b20180726.lib(BsrJim.o)
    0x00005168   0x00000038   Code   RO         1027    i.BsrBrad           libCSpotterSDK_16k_24d_A_SNC7312_arm-cm3_V6.4.5_b20180726.lib(BsrBen.o)
    0x000051a0   0x0000012c   Code   RO         1345    i.BsrBret           libCSpotterSDK_16k_24d_A_SNC7312_arm-cm3_V6.4.5_b20180726.lib(BsrJay.o)
    0x000052cc   0x00000158   Code   RO         1346    i.BsrCade           libCSpotterSDK_16k_24d_A_SNC7312_arm-cm3_V6.4.5_b20180726.lib(BsrJay.o)
    0x00005424   0x000000fc   Code   RO         1347    i.BsrCadea          libCSpotterSDK_16k_24d_A_SNC7312_arm-cm3_V6.4.5_b20180726.lib(BsrJay.o)
    0x00005520   0x00000052   Code   RO         1348    i.BsrCale           libCSpotterSDK_16k_24d_A_SNC7312_arm-cm3_V6.4.5_b20180726.lib(BsrJay.o)
    0x00005572   0x00000002   PAD
    0x00005574   0x000003cc   Code   RO         1349    i.BsrCara           libCSpotterSDK_16k_24d_A_SNC7312_arm-cm3_V6.4.5_b20180726.lib(BsrJay.o)
    0x00005940   0x000000bc   Code   RO         1350    i.BsrCarae          libCSpotterSDK_16k_24d_A_SNC7312_arm-cm3_V6.4.5_b20180726.lib(BsrJay.o)
    0x000059fc   0x000000d0   Code   RO         1351    i.BsrChad           libCSpotterSDK_16k_24d_A_SNC7312_arm-cm3_V6.4.5_b20180726.lib(BsrJay.o)
    0x00005acc   0x0000004c   Code   RO         1352    i.BsrChada          libCSpotterSDK_16k_24d_A_SNC7312_arm-cm3_V6.4.5_b20180726.lib(BsrJay.o)
    0x00005b18   0x000000dc   Code   RO         1353    i.BsrChaz           libCSpotterSDK_16k_24d_A_SNC7312_arm-cm3_V6.4.5_b20180726.lib(BsrJay.o)
    0x00005bf4   0x000000a0   Code   RO         1354    i.BsrChaza          libCSpotterSDK_16k_24d_A_SNC7312_arm-cm3_V6.4.5_b20180726.lib(BsrJay.o)
    0x00005c94   0x000000d8   Code   RO         1355    i.BsrChaze          libCSpotterSDK_16k_24d_A_SNC7312_arm-cm3_V6.4.5_b20180726.lib(BsrJay.o)
    0x00005d6c   0x000000c4   Code   RO         1356    i.BsrChazi          libCSpotterSDK_16k_24d_A_SNC7312_arm-cm3_V6.4.5_b20180726.lib(BsrJay.o)
    0x00005e30   0x0000059e   Code   RO         1357    i.BsrClay           libCSpotterSDK_16k_24d_A_SNC7312_arm-cm3_V6.4.5_b20180726.lib(BsrJay.o)
    0x000063ce   0x00000002   PAD
    0x000063d0   0x000001dc   Code   RO         1373    i.BsrCory           libCSpotterSDK_16k_24d_A_SNC7312_arm-cm3_V6.4.5_b20180726.lib(BsrJoy.o)
    0x000065ac   0x00000020   Code   RO         1374    i.BsrCoty           libCSpotterSDK_16k_24d_A_SNC7312_arm-cm3_V6.4.5_b20180726.lib(BsrJoy.o)
    0x000065cc   0x0000005a   Code   RO         1073    i.BsrDan            libCSpotterSDK_16k_24d_A_SNC7312_arm-cm3_V6.4.5_b20180726.lib(BsrJim.o)
    0x00006626   0x00000008   Code   RO         1378    i.BsrDane           libCSpotterSDK_16k_24d_A_SNC7312_arm-cm3_V6.4.5_b20180726.lib(BsrJoy.o)
    0x0000662e   0x00000008   Code   RO         1380    i.BsrDawn           libCSpotterSDK_16k_24d_A_SNC7312_arm-cm3_V6.4.5_b20180726.lib(BsrJoy.o)
    0x00006636   0x00000002   PAD
    0x00006638   0x00000082   Code   RO         1381    i.BsrDeja           libCSpotterSDK_16k_24d_A_SNC7312_arm-cm3_V6.4.5_b20180726.lib(BsrJoy.o)
    0x000066ba   0x00000002   PAD
    0x000066bc   0x00000160   Code   RO         1382    i.BsrDemi           libCSpotterSDK_16k_24d_A_SNC7312_arm-cm3_V6.4.5_b20180726.lib(BsrJoy.o)
    0x0000681c   0x00000146   Code   RO         1383    i.BsrDeon           libCSpotterSDK_16k_24d_A_SNC7312_arm-cm3_V6.4.5_b20180726.lib(BsrJoy.o)
    0x00006962   0x00000002   PAD
    0x00006964   0x00000228   Code   RO         1384    i.BsrDina           libCSpotterSDK_16k_24d_A_SNC7312_arm-cm3_V6.4.5_b20180726.lib(BsrJoy.o)
    0x00006b8c   0x000000d0   Code   RO         1385    i.BsrDion           libCSpotterSDK_16k_24d_A_SNC7312_arm-cm3_V6.4.5_b20180726.lib(BsrJoy.o)
    0x00006c5c   0x00000174   Code   RO         1337    i.BsrEden           libCSpotterSDK_16k_24d_A_SNC7312_arm-cm3_V6.4.5_b20180726.lib(BsrEva.o)
    0x00006dd0   0x0000005c   Code   RO         1076    i.BsrEli            libCSpotterSDK_16k_24d_A_SNC7312_arm-cm3_V6.4.5_b20180726.lib(BsrJim.o)
    0x00006e2c   0x000001d0   Code   RO         1338    i.BsrElla           libCSpotterSDK_16k_24d_A_SNC7312_arm-cm3_V6.4.5_b20180726.lib(BsrEva.o)
    0x00006ffc   0x000001a0   Code   RO         1339    i.BsrElsa           libCSpotterSDK_16k_24d_A_SNC7312_arm-cm3_V6.4.5_b20180726.lib(BsrEva.o)
    0x0000719c   0x000000de   Code   RO         1324    i.BsrEmma           libCSpotterSDK_16k_24d_A_SNC7312_arm-cm3_V6.4.5_b20180726.lib(BsrEli.o)
    0x0000727a   0x0000008c   Code   RO         1325    i.BsrEric           libCSpotterSDK_16k_24d_A_SNC7312_arm-cm3_V6.4.5_b20180726.lib(BsrEli.o)
    0x00007306   0x00000002   PAD
    0x00007308   0x00000124   Code   RO         1326    i.BsrErica          libCSpotterSDK_16k_24d_A_SNC7312_arm-cm3_V6.4.5_b20180726.lib(BsrEli.o)
    0x0000742c   0x0000003c   Code   RO         1327    i.BsrErik           libCSpotterSDK_16k_24d_A_SNC7312_arm-cm3_V6.4.5_b20180726.lib(BsrEli.o)
    0x00007468   0x000000fc   Code   RO         1328    i.BsrErin           libCSpotterSDK_16k_24d_A_SNC7312_arm-cm3_V6.4.5_b20180726.lib(BsrEli.o)
    0x00007564   0x00000022   Code   RO         1077    i.BsrEva            libCSpotterSDK_16k_24d_A_SNC7312_arm-cm3_V6.4.5_b20180726.lib(BsrJim.o)
    0x00007586   0x0000003a   Code   RO         1329    i.BsrEvan           libCSpotterSDK_16k_24d_A_SNC7312_arm-cm3_V6.4.5_b20180726.lib(BsrEli.o)
    0x000075c0   0x000000b4   Code   RO         1411    i.BsrGary           libCSpotterSDK_16k_24d_A_SNC7312_arm-cm3_V6.4.5_b20180726.lib(BsrAna.o)
    0x00007674   0x000001ac   Code   RO         1416    i.BsrGreg           libCSpotterSDK_16k_24d_A_SNC7312_arm-cm3_V6.4.5_b20180726.lib(BsrAnn.o)
    0x00007820   0x0000003c   Code   RO         1079    i.BsrGuy            libCSpotterSDK_16k_24d_A_SNC7312_arm-cm3_V6.4.5_b20180726.lib(BsrJim.o)
    0x0000785c   0x000000d0   Code   RO         1425    i.BsrHugo           libCSpotterSDK_16k_24d_A_SNC7312_arm-cm3_V6.4.5_b20180726.lib(BsrGuy.o)
    0x0000792c   0x00000038   Code   RO         1426    i.BsrIris           libCSpotterSDK_16k_24d_A_SNC7312_arm-cm3_V6.4.5_b20180726.lib(BsrGuy.o)
    0x00007964   0x00000058   Code   RO         1427    i.BsrIrma           libCSpotterSDK_16k_24d_A_SNC7312_arm-cm3_V6.4.5_b20180726.lib(BsrGuy.o)
    0x000079bc   0x00000036   Code   RO         1428    i.BsrIsai           libCSpotterSDK_16k_24d_A_SNC7312_arm-cm3_V6.4.5_b20180726.lib(BsrGuy.o)
    0x000079f2   0x000000b4   Code   RO         1081    i.BsrIvy            libCSpotterSDK_16k_24d_A_SNC7312_arm-cm3_V6.4.5_b20180726.lib(BsrJim.o)
    0x00007aa6   0x00000002   PAD
    0x00007aa8   0x000000d8   Code   RO         1387    i.BsrJamii          libCSpotterSDK_16k_24d_A_SNC7312_arm-cm3_V6.4.5_b20180726.lib(BsrJoy.o)
    0x00007b80   0x00000014   Code   RO         1083    i.BsrJan            libCSpotterSDK_16k_24d_A_SNC7312_arm-cm3_V6.4.5_b20180726.lib(BsrJim.o)
    0x00007b94   0x0000016c   Code   RO         1358    i.BsrJeni           libCSpotterSDK_16k_24d_A_SNC7312_arm-cm3_V6.4.5_b20180726.lib(BsrJay.o)
    0x00007d00   0x00000148   Code   RO         1178    i.BsrJoan           libCSpotterSDK_16k_24d_A_SNC7312_arm-cm3_V6.4.5_b20180726.lib(BsrKai.o)
    0x00007e48   0x0000002c   Code   RO          742    i.BsrJohn           libCSpotterSDK_16k_24d_A_SNC7312_arm-cm3_V6.4.5_b20180726.lib(BsrAli.o)
    0x00007e74   0x0000003c   Code   RO          743    i.BsrJose           libCSpotterSDK_16k_24d_A_SNC7312_arm-cm3_V6.4.5_b20180726.lib(BsrAli.o)
    0x00007eb0   0x000000b2   Code   RO          744    i.BsrJosh           libCSpotterSDK_16k_24d_A_SNC7312_arm-cm3_V6.4.5_b20180726.lib(BsrAli.o)
    0x00007f62   0x00000002   PAD
    0x00007f64   0x000000ec   Code   RO         1094    i.BsrJoyci          libCSpotterSDK_16k_24d_A_SNC7312_arm-cm3_V6.4.5_b20180726.lib(BsrJim.o)
    0x00008050   0x0000003a   Code   RO         1340    i.BsrJuanitez       libCSpotterSDK_16k_24d_A_SNC7312_arm-cm3_V6.4.5_b20180726.lib(BsrEva.o)
    0x0000808a   0x0000001c   Code   RO         1101    i.BsrLei            libCSpotterSDK_16k_24d_A_SNC7312_arm-cm3_V6.4.5_b20180726.lib(BsrJim.o)
    0x000080a6   0x00000002   PAD
    0x000080a8   0x00000574   Code   RO         1107    i.BsrMichael        libCSpotterSDK_16k_24d_A_SNC7312_arm-cm3_V6.4.5_b20180726.lib(BsrJim.o)
    0x0000861c   0x00000008   Code   RO         1108    i.BsrMichelle       libCSpotterSDK_16k_24d_A_SNC7312_arm-cm3_V6.4.5_b20180726.lib(BsrJim.o)
    0x00008624   0x000000ce   Code   RO         1110    i.BsrMike           libCSpotterSDK_16k_24d_A_SNC7312_arm-cm3_V6.4.5_b20180726.lib(BsrJim.o)
    0x000086f2   0x0000009c   Code   RO         1180    i.BsrMya            libCSpotterSDK_16k_24d_A_SNC7312_arm-cm3_V6.4.5_b20180726.lib(BsrKai.o)
    0x0000878e   0x00000038   Code   RO         1181    i.BsrNia            libCSpotterSDK_16k_24d_A_SNC7312_arm-cm3_V6.4.5_b20180726.lib(BsrKai.o)
    0x000087c6   0x0000011c   Code   RO         1184    i.BsrRay            libCSpotterSDK_16k_24d_A_SNC7312_arm-cm3_V6.4.5_b20180726.lib(BsrKai.o)
    0x000088e2   0x00000010   Code   RO         1185    i.BsrRex            libCSpotterSDK_16k_24d_A_SNC7312_arm-cm3_V6.4.5_b20180726.lib(BsrKai.o)
    0x000088f2   0x0000000e   Code   RO         1186    i.BsrRey            libCSpotterSDK_16k_24d_A_SNC7312_arm-cm3_V6.4.5_b20180726.lib(BsrKai.o)
    0x00008900   0x000004d4   Code   RO         1187    i.BsrRon            libCSpotterSDK_16k_24d_A_SNC7312_arm-cm3_V6.4.5_b20180726.lib(BsrKai.o)
    0x00008dd4   0x0000002c   Code   RO         1188    i.BsrRoy            libCSpotterSDK_16k_24d_A_SNC7312_arm-cm3_V6.4.5_b20180726.lib(BsrKai.o)
    0x00008e00   0x0000000e   Code   RO         1189    i.BsrTed            libCSpotterSDK_16k_24d_A_SNC7312_arm-cm3_V6.4.5_b20180726.lib(BsrKai.o)
    0x00008e0e   0x00000072   Code   RO         1190    i.BsrTia            libCSpotterSDK_16k_24d_A_SNC7312_arm-cm3_V6.4.5_b20180726.lib(BsrKai.o)
    0x00008e80   0x0000009e   Code   RO         1191    i.BsrTom            libCSpotterSDK_16k_24d_A_SNC7312_arm-cm3_V6.4.5_b20180726.lib(BsrKai.o)
    0x00008f1e   0x00000062   Code   RO         1192    i.BsrTop            libCSpotterSDK_16k_24d_A_SNC7312_arm-cm3_V6.4.5_b20180726.lib(BsrKai.o)
    0x00008f80   0x00000014   Code   RO         1193    i.BsrTre            libCSpotterSDK_16k_24d_A_SNC7312_arm-cm3_V6.4.5_b20180726.lib(BsrKai.o)
    0x00008f94   0x00000004   Code   RO         1169    i.BsrZoe            libCSpotterSDK_16k_24d_A_SNC7312_arm-cm3_V6.4.5_b20180726.lib(BsrJoe.o)
    0x00008f98   0x00000058   Code   RO          478    i.CSpotter_AddSample  libCSpotterSDK_16k_24d_A_SNC7312_arm-cm3_V6.4.5_b20180726.lib(CSpotterSDKApi.o)
    0x00008ff0   0x00000018   Code   RO          480    i.CSpotter_GetMemoryUsage_Multi  libCSpotterSDK_16k_24d_A_SNC7312_arm-cm3_V6.4.5_b20180726.lib(CSpotterSDKApi.o)
    0x00009008   0x000000d8   Code   RO          483    i.CSpotter_GetMemoryUsage_MultiWithSpeakerAndExtRejModel  libCSpotterSDK_16k_24d_A_SNC7312_arm-cm3_V6.4.5_b20180726.lib(CSpotterSDKApi.o)
    0x000090e0   0x00000038   Code   RO          490    i.CSpotter_GetNumWord  libCSpotterSDK_16k_24d_A_SNC7312_arm-cm3_V6.4.5_b20180726.lib(CSpotterSDKApi.o)
    0x00009118   0x00000020   Code   RO          491    i.CSpotter_GetResult  libCSpotterSDK_16k_24d_A_SNC7312_arm-cm3_V6.4.5_b20180726.lib(CSpotterSDKApi.o)
    0x00009138   0x00000028   Code   RO          498    i.CSpotter_Init_Multi  libCSpotterSDK_16k_24d_A_SNC7312_arm-cm3_V6.4.5_b20180726.lib(CSpotterSDKApi.o)
    0x00009160   0x00000200   Code   RO          499    i.CSpotter_Init_MultiWithExtRejModel  libCSpotterSDK_16k_24d_A_SNC7312_arm-cm3_V6.4.5_b20180726.lib(CSpotterSDKApi.o)
    0x00009360   0x00000030   Code   RO          505    i.CSpotter_Reset    libCSpotterSDK_16k_24d_A_SNC7312_arm-cm3_V6.4.5_b20180726.lib(CSpotterSDKApi.o)
    0x00009390   0x0000002c   Code   RO          519    i.CSpotter_SetRejectionLevel  libCSpotterSDK_16k_24d_A_SNC7312_arm-cm3_V6.4.5_b20180726.lib(CSpotterSDKApi.o)
    0x000093bc   0x00000076   Code   RO          750    i.NINJA_API_1       libCSpotterSDK_16k_24d_A_SNC7312_arm-cm3_V6.4.5_b20180726.lib(BsrGo.o)
    0x00009432   0x00000002   PAD
    0x00009434   0x00000274   Code   RO          752    i.NINJA_API_11      libCSpotterSDK_16k_24d_A_SNC7312_arm-cm3_V6.4.5_b20180726.lib(BsrGo.o)
    0x000096a8   0x00000164   Code   RO          754    i.NINJA_API_13      libCSpotterSDK_16k_24d_A_SNC7312_arm-cm3_V6.4.5_b20180726.lib(BsrGo.o)
    0x0000980c   0x00000020   Code   RO          756    i.NINJA_API_15      libCSpotterSDK_16k_24d_A_SNC7312_arm-cm3_V6.4.5_b20180726.lib(BsrGo.o)
    0x0000982c   0x00000020   Code   RO          760    i.NINJA_API_19      libCSpotterSDK_16k_24d_A_SNC7312_arm-cm3_V6.4.5_b20180726.lib(BsrGo.o)
    0x0000984c   0x00000028   Code   RO          761    i.NINJA_API_2       libCSpotterSDK_16k_24d_A_SNC7312_arm-cm3_V6.4.5_b20180726.lib(BsrGo.o)
    0x00009874   0x00000024   Code   RO          764    i.NINJA_API_23      libCSpotterSDK_16k_24d_A_SNC7312_arm-cm3_V6.4.5_b20180726.lib(BsrGo.o)
    0x00009898   0x00000030   Code   RO          767    i.NINJA_API_26      libCSpotterSDK_16k_24d_A_SNC7312_arm-cm3_V6.4.5_b20180726.lib(BsrGo.o)
    0x000098c8   0x00000022   Code   RO          771    i.NINJA_API_3       libCSpotterSDK_16k_24d_A_SNC7312_arm-cm3_V6.4.5_b20180726.lib(BsrGo.o)
    0x000098ea   0x0000000a   Code   RO          773    i.NINJA_API_31      libCSpotterSDK_16k_24d_A_SNC7312_arm-cm3_V6.4.5_b20180726.lib(BsrGo.o)
    0x000098f4   0x0000006c   Code   RO          788    i.NINJA_API_47      libCSpotterSDK_16k_24d_A_SNC7312_arm-cm3_V6.4.5_b20180726.lib(BsrGo.o)
    0x00009960   0x00000080   Code   RO          789    i.NINJA_API_48      libCSpotterSDK_16k_24d_A_SNC7312_arm-cm3_V6.4.5_b20180726.lib(BsrGo.o)
    0x000099e0   0x00000036   Code   RO          794    i.NINJA_API_55      libCSpotterSDK_16k_24d_A_SNC7312_arm-cm3_V6.4.5_b20180726.lib(BsrGo.o)
    0x00009a16   0x00000026   Code   RO          795    i.NINJA_API_56      libCSpotterSDK_16k_24d_A_SNC7312_arm-cm3_V6.4.5_b20180726.lib(BsrGo.o)
    0x00009a3c   0x000003c0   Code   RO          810    i.NINJA_API_73      libCSpotterSDK_16k_24d_A_SNC7312_arm-cm3_V6.4.5_b20180726.lib(BsrGo.o)
    0x00009dfc   0x000000c4   Code   RO          812    i.NINJA_API_75      libCSpotterSDK_16k_24d_A_SNC7312_arm-cm3_V6.4.5_b20180726.lib(BsrGo.o)
    0x00009ec0   0x00000028   Code   RO         1907    i.__ARM_fpclassify  m_ws.l(fpclassify.o)
    0x00009ee8   0x0000000e   Code   RO         1683    i._is_digit         c_w.l(__printf_wp.o)
    0x00009ef6   0x00000002   PAD
    0x00009ef8   0x0000002c   Code   RO         1887    locale$$code        c_w.l(lc_numeric_c.o)
    0x00009f24   0x0000002c   Code   RO         1918    locale$$code        c_w.l(lc_ctype_c.o)
    0x00009f50   0x00000018   Code   RO         1763    x$fpl$dcmpinf       fz_ws.l(dcmpi.o)
    0x00009f68   0x000002b0   Code   RO         1568    x$fpl$ddiv          fz_ws.l(ddiv.o)
    0x0000a218   0x0000005e   Code   RO         1571    x$fpl$dfix          fz_ws.l(dfix.o)
    0x0000a276   0x0000002e   Code   RO         1576    x$fpl$dflt          fz_ws.l(dflt_clz.o)
    0x0000a2a4   0x00000078   Code   RO         1581    x$fpl$dleqf         fz_ws.l(dleqf.o)
    0x0000a31c   0x00000154   Code   RO         1583    x$fpl$dmul          fz_ws.l(dmul.o)
    0x0000a470   0x0000009c   Code   RO         1765    x$fpl$dnaninf       fz_ws.l(dnaninf.o)
    0x0000a50c   0x0000000c   Code   RO         1767    x$fpl$dretinf       fz_ws.l(dretinf.o)
    0x0000a518   0x00000056   Code   RO         1585    x$fpl$f2d           fz_ws.l(f2d.o)
    0x0000a56e   0x00000002   PAD
    0x0000a570   0x00000030   Code   RO         1588    x$fpl$fflt          fz_ws.l(fflt_clz.o)
    0x0000a5a0   0x0000008c   Code   RO         1769    x$fpl$fnaninf       fz_ws.l(fnaninf.o)
    0x0000a62c   0x00000004   Code   RO         1771    x$fpl$printf1       fz_ws.l(printf1.o)
    0x0000a630   0x00000004   Code   RO         1773    x$fpl$printf2       fz_ws.l(printf2.o)
    0x0000a634   0x00000000   Code   RO         1779    x$fpl$usenofp       fz_ws.l(usenofp.o)
    0x0000a634   0x000000fc   Data   RO          237    .constdata          bsp.o
    0x0000a730   0x00000914   Data   RO          818    .constdata          libCSpotterSDK_16k_24d_A_SNC7312_arm-cm3_V6.4.5_b20180726.lib(BsrGo.o)
    0x0000b044   0x00000018   Data   RO          976    .constdata          snc7320_idma.lib(idma.o)
    0x0000b05c   0x00000800   Data   RO         1028    .constdata          libCSpotterSDK_16k_24d_A_SNC7312_arm-cm3_V6.4.5_b20180726.lib(BsrBen.o)
    0x0000b85c   0x00000064   Data   RO         1330    .constdata          libCSpotterSDK_16k_24d_A_SNC7312_arm-cm3_V6.4.5_b20180726.lib(BsrEli.o)
    0x0000b8c0   0x00000009   Data   RO         1388    .constdata          libCSpotterSDK_16k_24d_A_SNC7312_arm-cm3_V6.4.5_b20180726.lib(BsrJoy.o)
    0x0000b8c9   0x00000001   PAD
    0x0000b8ca   0x00000284   Data   RO         1413    .constdata          libCSpotterSDK_16k_24d_A_SNC7312_arm-cm3_V6.4.5_b20180726.lib(BsrAna.o)
    0x0000bb4e   0x00000404   Data   RO         1420    .constdata          libCSpotterSDK_16k_24d_A_SNC7312_arm-cm3_V6.4.5_b20180726.lib(BsrAnn.o)
    0x0000bf52   0x00000002   PAD
    0x0000bf54   0x00000200   Data   RO         1429    .constdata          libCSpotterSDK_16k_24d_A_SNC7312_arm-cm3_V6.4.5_b20180726.lib(BsrGuy.o)
    0x0000c154   0x00000008   Data   RO         1642    .constdata          c_w.l(_printf_wctomb.o)
    0x0000c15c   0x00000028   Data   RO         1671    .constdata          c_w.l(_printf_hex_int_ll_ptr.o)
    0x0000c184   0x00000011   Data   RO         1691    .constdata          c_w.l(__printf_flags_ss_wp.o)
    0x0000c195   0x00000026   Data   RO         1819    .constdata          c_w.l(_printf_fp_hex.o)
    0x0000c1bb   0x00000001   PAD
    0x0000c1bc   0x00000094   Data   RO         1862    .constdata          c_w.l(bigflt0.o)
    0x0000c250   0x00000030   Data   RO         1976    Region$$Table       anon$$obj.o
    0x0000c280   0x0000001c   Data   RO         1886    locale$$data        c_w.l(lc_numeric_c.o)
    0x0000c29c   0x00000110   Data   RO         1917    locale$$data        c_w.l(lc_ctype_c.o)


    Execution Region RW_SRAM0 (Base: 0x18000000, Size: 0x0001d408, Max: 0x0001ec00, ABSOLUTE)

    Base Addr    Size         Type   Attr      Idx    E Section Name        Object

    0x18000000   0x00000114   Data   RW            5    .data               main.o
    0x18000114   0x000000b4   Data   RW          194    .data               snx_audio_agc.o
    0x180001c8   0x00000034   Data   RW          364    .data               i2c_software_master.o
    0x180001fc   0x00000002   Data   RW          388    .data               aud_driver.o
    0x180001fe   0x00000002   PAD
    0x18000200   0x00000004   Data   RW          414    .data               i2s4.o
    0x18000204   0x00000008   Data   RW          445    .data               uart.o
    0x1800020c   0x00000004   Data   RW          622    .data               snc7320_i2c.lib(i2c.o)
    0x18000210   0x0000000c   Data   RW          697    .data               snc7320_util.lib(log_util.o)
    0x1800021c   0x00000004   Data   RW          977    .data               snc7320_idma.lib(idma.o)
    0x18000220   0x000130b4   Zero   RW            4    .bss                main.o
    0x180132d4   0x00000022   Zero   RW          386    .bss                aud_driver.o
    0x180132f6   0x00000002   PAD
    0x180132f8   0x00000030   Zero   RW          443    .bss                uart.o
    0x18013328   0x00000080   Zero   RW          696    .bss                snc7320_util.lib(log_util.o)
    0x180133a8   0x00000060   Zero   RW         1783    .bss                c_w.l(libspace.o)
    0x18013408   0x00009000   Zero   RW          270    HEAP                startup.o
    0x1801c408   0x00001000   Zero   RW          269    STACK               startup.o



  Load Region LR_FLASH (Base: 0x60025000, Size: 0x0000582c, Max: 0xffffffff, ABSOLUTE)

    Execution Region ER_SRAM2 (Base: 0x1801ec00, Size: 0x0000582c, Max: 0x00009400, ABSOLUTE)

    Base Addr    Size         Type   Attr      Idx    E Section Name        Object

    0x1801ec00   0x00000938   Code   RO          193    .text               snx_audio_agc.o
    0x1801f538   0x00000140   Code   RO          287    .text               audio.o
    0x1801f678   0x000009ac   Code   RO          363    .text               i2c_software_master.o
    0x18020024   0x000034f4   Code   RO          385    .text               aud_driver.o
    0x18023518   0x00000628   Code   RO          413    .text               i2s4.o
    0x18023b40   0x00000634   Code   RO          442    .text               uart.o
    0x18024174   0x0000000a   Ven    RO         1995    Veneer$$Code        anon$$obj.o
    0x1802417e   0x0000000a   Ven    RO         1996    Veneer$$Code        anon$$obj.o
    0x18024188   0x0000000a   Ven    RO         1997    Veneer$$Code        anon$$obj.o
    0x18024192   0x0000000a   Ven    RO         1998    Veneer$$Code        anon$$obj.o
    0x1802419c   0x0000000a   Ven    RO         1999    Veneer$$Code        anon$$obj.o
    0x180241a6   0x0000000a   Ven    RO         2000    Veneer$$Code        anon$$obj.o
    0x180241b0   0x0000000a   Ven    RO         2001    Veneer$$Code        anon$$obj.o
    0x180241ba   0x0000000a   Ven    RO         2002    Veneer$$Code        anon$$obj.o
    0x180241c4   0x0000000a   Ven    RO         2003    Veneer$$Code        anon$$obj.o
    0x180241ce   0x0000000a   Ven    RO         2004    Veneer$$Code        anon$$obj.o
    0x180241d8   0x0000000a   Ven    RO         2005    Veneer$$Code        anon$$obj.o
    0x180241e2   0x0000000a   Ven    RO         2006    Veneer$$Code        anon$$obj.o
    0x180241ec   0x0000000a   Ven    RO         2007    Veneer$$Code        anon$$obj.o
    0x180241f6   0x00000002   PAD
    0x180241f8   0x000001a4   Data   RO          444    .constdata          uart.o
    0x1802439c   0x0000008f   Data   RO          387    .conststring        aud_driver.o



  Load Region LR$$.ARM.__AT_0x60000000 (Base: 0x60000000, Size: 0x00000048, Max: 0x00000048, ABSOLUTE)

    Execution Region ER$$.ARM.__AT_0x60000000 (Base: 0x60000000, Size: 0x00000048, Max: 0x00000048, ABSOLUTE, UNINIT)

    Base Addr    Size         Type   Attr      Idx    E Section Name        Object

    0x60000000   0x00000048   Data   RO          276    .ARM.__AT_0x60000000  sonix_load_table.o



  Load Region LR$$.ARM.__at_0x6002B000 (Base: 0x6002b000, Size: 0x00009a94, Max: 0x00009a94, ABSOLUTE)

    Execution Region ER$$.ARM.__at_0x6002B000 (Base: 0x6002b000, Size: 0x00009a94, Max: 0x00009a94, ABSOLUTE, UNINIT)

    Base Addr    Size         Type   Attr      Idx    E Section Name        Object

    0x6002b000   0x00009a94   Data   RO          208    .ARM.__at_0x6002B000  rd_wr_flash.o



  Load Region LR$$.ARM.__AT_0x60070000 (Base: 0x60070000, Size: 0x0000dca8, Max: 0x0000dca8, ABSOLUTE)

    Execution Region ER$$.ARM.__AT_0x60070000 (Base: 0x60070000, Size: 0x0000dca8, Max: 0x0000dca8, ABSOLUTE, UNINIT)

    Base Addr    Size         Type   Attr      Idx    E Section Name        Object

    0x60070000   0x0000dca8   Data   RO          236    .ARM.__AT_0x60070000  bsp.o


==============================================================================

Image component sizes


      Code (inc. data)   RO Data    RW Data    ZI Data      Debug   Object Name

     13556       1302        143          2         34      18575   aud_driver.o
       320          4          0          0          0       7129   audio.o
       596         52      56740          0          0      30647   bsp.o
      2476         58          0         52          0       6998   i2c_software_master.o
      1576         22          0          4          0      31758   i2s4.o
      2068        244          0        276      78004      78849   main.o
         0          0      39572          0          0          0   rd_wr_flash.o
      2360        366          0        180          0       6162   snx_audio_agc.o
         0          0         72          0          0        943   sonix_load_table.o
        80         26        292          0      40960        900   startup.o
      1588         64        420          8         48      38466   uart.o

    ----------------------------------------------------------------------
     24862       2138      97288        524     119048     220427   Object Totals
       240          0         48          0          0          0   (incl. Generated)
         2          0          1          2          2          0   (incl. Padding)

    ----------------------------------------------------------------------

      Code (inc. data)   RO Data    RW Data    ZI Data      Debug   Library Member Name

         8          0          0          0          0         68   __main.o
       392          4         17          0          0         92   __printf_flags_ss_wp.o
        14          0          0          0          0         68   __printf_wp.o
         0          0          0          0          0          0   __rtentry.o
        12          0          0          0          0          0   __rtentry2.o
         6          0          0          0          0          0   __rtentry4.o
        52          8          0          0          0          0   __scatter.o
        26          0          0          0          0          0   __scatter_copy.o
        28          0          0          0          0          0   __scatter_zi.o
         6          0          0          0          0          0   _printf_a.o
         6          0          0          0          0          0   _printf_c.o
        44          0          0          0          0        108   _printf_char.o
        48          6          0          0          0         96   _printf_char_common.o
        40          0          0          0          0         68   _printf_charcount.o
         6          0          0          0          0          0   _printf_d.o
       120         16          0          0          0         92   _printf_dec.o
         6          0          0          0          0          0   _printf_e.o
         6          0          0          0          0          0   _printf_f.o
      1050          0          0          0          0        216   _printf_fp_dec.o
       764          8         38          0          0        100   _printf_fp_hex.o
       128         16          0          0          0         84   _printf_fp_infnan.o
         6          0          0          0          0          0   _printf_g.o
       148          4         40          0          0        160   _printf_hex_int_ll_ptr.o
         6          0          0          0          0          0   _printf_i.o
       178          0          0          0          0         88   _printf_intcommon.o
        10          0          0          0          0          0   _printf_l.o
         6          0          0          0          0          0   _printf_lc.o
        10          0          0          0          0          0   _printf_ll.o
         6          0          0          0          0          0   _printf_lld.o
         6          0          0          0          0          0   _printf_lli.o
         6          0          0          0          0          0   _printf_llo.o
         6          0          0          0          0          0   _printf_llu.o
         6          0          0          0          0          0   _printf_llx.o
       124         16          0          0          0         92   _printf_longlong_dec.o
         6          0          0          0          0          0   _printf_ls.o
         6          0          0          0          0          0   _printf_n.o
         6          0          0          0          0          0   _printf_o.o
       112          8          0          0          0        124   _printf_oct_int_ll.o
         6          0          0          0          0          0   _printf_p.o
        78          0          0          0          0        108   _printf_pad.o
         0          0          0          0          0          0   _printf_percent.o
         4          0          0          0          0          0   _printf_percent_end.o
         6          0          0          0          0          0   _printf_s.o
        82          0          0          0          0         80   _printf_str.o
        36          0          0          0          0         84   _printf_truncate.o
         6          0          0          0          0          0   _printf_u.o
        44          0          0          0          0        108   _printf_wchar.o
       188          6          8          0          0         92   _printf_wctomb.o
         6          0          0          0          0          0   _printf_x.o
        16          0          0          0          0         68   _snputc.o
        10          0          0          0          0         68   _sputc.o
        64          0          0          0          0         92   _wcrtomb.o
       220          4        148          0          0         96   bigflt0.o
      1910        128          0          0          0        672   btod.o
        10          0          0          0          0         68   defsig_exit.o
        50          0          0          0          0         88   defsig_general.o
        80         58          0          0          0         76   defsig_rtmem_inner.o
        14          0          0          0          0         80   defsig_rtmem_outer.o
        18          0          0          0          0         80   exit.o
        94          0          0          0          0         80   h1_alloc.o
        52          0          0          0          0         68   h1_extend.o
        78          0          0          0          0         80   h1_free.o
        14          0          0          0          0         84   h1_init.o
         6          0          0          0          0        152   heapauxi.o
         4          0          0          0          0        136   hguard.o
         0          0          0          0          0          0   indicate_semi.o
       138          0          0          0          0        168   init_alloc.o
        44         10        272          0          0         76   lc_ctype_c.o
        44         10         28          0          0         76   lc_numeric_c.o
         2          0          0          0          0          0   libinit.o
        38          0          0          0          0          0   libinit2.o
         2          0          0          0          0          0   libshutdown.o
         2          0          0          0          0          0   libshutdown2.o
         8          4          0          0         96         68   libspace.o
       138          0          0          0          0         80   lludiv10.o
         0          0          0          0          0          0   maybetermalloc1.o
        16          4          0          0          0         76   rt_ctype_table.o
         8          4          0          0          0         68   rt_heap_descriptor_intlibspace.o
         8          4          0          0          0         68   rt_locale_intlibspace.o
        68          0          0          0          0         68   rt_memclr.o
        78          0          0          0          0         80   rt_memclr_w.o
       100          0          0          0          0         80   rt_memcpy_w.o
         2          0          0          0          0          0   rtexit.o
        10          0          0          0          0          0   rtexit2.o
       128          0          0          0          0         68   strcmpv7m.o
        12          4          0          0          0         68   sys_exit.o
        74          0          0          0          0         80   sys_stackheap_outer.o
        14          0          0          0          0         76   sys_wrch.o
         2          0          0          0          0         68   use_no_semi.o
        52          4          0          0          0         80   vsnprintf.o
        24          0          0          0          0         68   dcmpi.o
       688        140          0          0          0        208   ddiv.o
        94          4          0          0          0         92   dfix.o
        46          0          0          0          0         68   dflt_clz.o
       120          4          0          0          0         92   dleqf.o
       340         12          0          0          0        104   dmul.o
       156          4          0          0          0         92   dnaninf.o
        12          0          0          0          0         68   dretinf.o
        86          4          0          0          0         84   f2d.o
        48          0          0          0          0         68   fflt_clz.o
       140          4          0          0          0         84   fnaninf.o
         4          0          0          0          0         68   printf1.o
         4          0          0          0          0         68   printf2.o
         0          0          0          0          0          0   usenofp.o
       282          0          0          0          0        248   BsrAli.o
       180          6        644          0          0         96   BsrAna.o
       428          6       1028          0          0        104   BsrAnn.o
        56          4       2048          0          0         68   BsrBen.o
       710          0          0          0          0        652   BsrDon.o
      1024          6        100          0          0        528   BsrEli.o
      1310         24          0          0          0        348   BsrEva.o
      2818         16       2324          0          0       1372   BsrGo.o
       406          4        512          0          0        352   BsrGuy.o
      5016         56          0          0          0       1388   BsrJay.o
      3324         18          0          0          0       1272   BsrJim.o
       406          0          0          0          0        320   BsrJoe.o
      2308         12          9          0          0        916   BsrJoy.o
      2538          4          0          0          0       1172   BsrKai.o
      1060         70          0          0          0        764   CSpotterSDKApi.o
        40          0          0          0          0         68   fpclassify.o
       800          0          0          0          0       8968   codec.o
      2432         26          0          4          0      44043   i2c.o
      1828         68          0          0          0      42867   i2s.o
      1336         74         24          4          0      13140   idma.o
      1380         14          0          0          0      12173   spifc.o
       424         28          0         12        128      35241   log_util.o

    ----------------------------------------------------------------------
     39402        934       7244         20        224     172528   Library Totals
        40          0          4          0          0          0   (incl. Padding)

    ----------------------------------------------------------------------

      Code (inc. data)   RO Data    RW Data    ZI Data      Debug   Library Name

      7494        326        551          0         96       5264   c_w.l
      1762        172          0          0          0       1164   fz_ws.l
     21866        226       6665          0          0       9600   libCSpotterSDK_16k_24d_A_SNC7312_arm-cm3_V6.4.5_b20180726.lib
        40          0          0          0          0         68   m_ws.l
       800          0          0          0          0       8968   snc7320_codec.lib
      2432         26          0          4          0      44043   snc7320_i2c.lib
      1828         68          0          0          0      42867   snc7320_i2s.lib
      1336         74         24          4          0      13140   snc7320_idma.lib
      1380         14          0          0          0      12173   snc7320_spifc.lib
       424         28          0         12        128      35241   snc7320_util.lib

    ----------------------------------------------------------------------
     39402        934       7244         20        224     172528   Library Totals

    ----------------------------------------------------------------------

==============================================================================


      Code (inc. data)   RO Data    RW Data    ZI Data      Debug   

     64264       3072     104532        544     119272     382083   Grand Totals
     64264       3072     104532        544     119272     382083   ELF Image Totals
     64264       3072     104532        544          0          0   ROM Totals

==============================================================================

    Total RO  Size (Code + RO Data)               168796 ( 164.84kB)
    Total RW  Size (RW Data + ZI Data)            119816 ( 117.01kB)
    Total ROM Size (Code + RO Data + RW Data)     169340 ( 165.37kB)

==============================================================================

