Component: ARM Compiler 5.06 update 3 (build 300) Tool: armlink [4d35c9]

==============================================================================

Section Cross References

    main.o(.text) refers to aud_driver.o(.text) for AUD_RegWrite
    main.o(.text) refers to CSpotterSDKApi.o(i.CSpotter_AddSample) for CSpotter_AddSample
    main.o(.text) refers to CSpotterSDKApi.o(i.CSpotter_GetResult) for CSpotter_GetResult
    main.o(.text) refers to CSpotterSDKApi.o(i.CSpotter_SetRejectionLevel) for CSpotter_SetRejectionLevel
    main.o(.text) refers to gpio.o(.text) for GPIO_GetPin
    main.o(.text) refers to fun_main.o(.text) for setting_pwm
    main.o(.text) refers to motor.o(.text) for is_start_motor
    main.o(.text) refers to snx_audio_agc.o(.text) for SNX_AGC_Process
    main.o(.text) refers to main.o(.data) for last_gainidx
    main.o(.text) refers to main.o(.bss) for AEC_OutBuf
    main.o(.text) refers to codec.o(.text) for ADC_Get_Rx_Index
    main.o(.text) refers to spifc.o(.text) for SPIFC_ReadWithDma
    main.o(.text) refers to CSpotterSDKApi.o(i.CSpotter_GetMemoryUsage_Multi) for CSpotter_GetMemoryUsage_Multi
    main.o(.text) refers to CSpotterSDKApi.o(i.CSpotter_Init_Multi) for CSpotter_Init_Multi
    main.o(.text) refers to CSpotterSDKApi.o(i.CSpotter_Reset) for CSpotter_Reset
    main.o(.text) refers to CSpotterSDKApi.o(i.CSpotter_GetNumWord) for CSpotter_GetNumWord
    main.o(.text) refers to h1_alloc.o(.text) for malloc
    main.o(.text) refers to audio.o(.text) for External_Audio_Codec_Init
    main.o(.text) refers to i2s4.o(.text) for I2S4_Init
    main.o(.text) refers to rd_wr_flash.o(.ARM.__at_0x60030000) for CYB_CMD1_INFLASH
    main.o(.text) refers to snx_audio_agc.o(.data) for g_AGC_bufsize
    main.o(.text) refers to log_util.o(.text) for LOG_Driver_Init
    snx_audio_agc.o(.text) refers to snx_audio_agc.o(.data) for update_frmcnt
    snx_audio_agc.o(.text) refers to dflt_clz.o(x$fpl$dflt) for __aeabi_i2d
    snx_audio_agc.o(.text) refers to dmul.o(x$fpl$dmul) for __aeabi_dmul
    snx_audio_agc.o(.text) refers to dleqf.o(x$fpl$dleqf) for __aeabi_cdcmple
    snx_audio_agc.o(.text) refers to fflt_clz.o(x$fpl$fflt) for __aeabi_i2f
    snx_audio_agc.o(.text) refers to f2d.o(x$fpl$f2d) for __aeabi_f2d
    snx_audio_agc.o(.text) refers to dfix.o(x$fpl$dfix) for __aeabi_d2iz
    snx_audio_agc.o(.text) refers to ddiv.o(x$fpl$ddiv) for __aeabi_ddiv
    dataflashapi.o(.text) refers to rt_memcpy_v6.o(.text) for __aeabi_memcpy
    dataflashapi.o(.text) refers to aeabi_memset.o(.text) for __aeabi_memset
    key.o(.text) refers to gpio.o(.text) for GPIO_SetPin
    key.o(.text) refers to key.o(.data) for curKey
    key.o(.text) refers to main.o(.data) for is_5ms_Flag
    led.o(.text) refers to gpio.o(.text) for GPIO_SetPin
    led.o(.text) refers to led.o(.data) for led_white_mode
    led.o(.text) refers to fun_main.o(.data) for batlevel
    motor.o(.text) refers to gpio.o(.text) for GPIO_Irq_GetPinIrq
    motor.o(.text) refers to timer_pwm.o(.text) for TimerPwm_Reset
    motor.o(.text) refers to motor.o(.data) for Motor_done_cnt
    motor.o(.text) refers to motor.o(.bss) for init_info
    fun_main.o(.text) refers to motor.o(.text) for get_motor_level
    fun_main.o(.text) refers to led.o(.text) for Init_LED
    fun_main.o(.text) refers to key.o(.text) for KeyInit
    fun_main.o(.text) refers to sar_adc.o(.text) for SAR_ADC_init
    fun_main.o(.text) refers to fun_main.o(.data) for dpdtime
    fun_main.o(.text) refers to led.o(.data) for led_display_time
    fun_main.o(.text) refers to motor.o(.data) for isStartMotor
    fun_main.o(.text) refers to fun_main.o(.bss) for adc
    fun_main.o(.text) refers to main.o(.data) for is_5ms_Flag
    bsp.o(.text) refers to rt_memcpy_w.o(.text) for __aeabi_memcpy4
    bsp.o(.text) refers to bsp.o(.constdata) for init_clk_table
    bsp.o(.constdata) refers to bsp.o(.text) for _init_clock_setting
    startup.o(STACK) refers (Special) to heapauxi.o(.text) for __use_two_region_memory
    startup.o(HEAP) refers (Special) to heapauxi.o(.text) for __use_two_region_memory
    startup.o(RESET) refers (Special) to heapauxi.o(.text) for __use_two_region_memory
    startup.o(RESET) refers to startup.o(STACK) for __initial_sp
    startup.o(RESET) refers to startup.o(.text) for Reset_Handler
    startup.o(RESET) refers to bsp.o(.text) for HardFault_Handler
    startup.o(RESET) refers to main.o(.text) for SysTick_Handler
    startup.o(RESET) refers to motor.o(.text) for GPIO3_IRQHandler
    startup.o(RESET) refers to uart.o(.text) for UART0_IRQHandler
    startup.o(.text) refers (Special) to heapauxi.o(.text) for __use_two_region_memory
    startup.o(.text) refers to bsp.o(.text) for System_Init
    startup.o(.text) refers to __main.o(!!!main) for __main
    startup.o(.text) refers to startup.o(HEAP) for Heap_Mem
    startup.o(.text) refers to startup.o(STACK) for Stack_Mem
    audio.o(.text) refers to i2s4.o(.text) for I2S4_Init
[...]
    BsrMike                                  0x00009691   Thumb Code   206  BsrJim.o(i.BsrMike)
    BsrMya                                   0x0000975f   Thumb Code   156  BsrKai.o(i.BsrMya)
    BsrNia                                   0x000097fb   Thumb Code    56  BsrKai.o(i.BsrNia)
    BsrRay                                   0x00009833   Thumb Code   284  BsrKai.o(i.BsrRay)
    BsrRex                                   0x0000994f   Thumb Code    16  BsrKai.o(i.BsrRex)
    BsrRey                                   0x0000995f   Thumb Code    14  BsrKai.o(i.BsrRey)
    BsrRon                                   0x0000996d   Thumb Code  1236  BsrKai.o(i.BsrRon)
    BsrRoy                                   0x00009e41   Thumb Code    44  BsrKai.o(i.BsrRoy)
    BsrTed                                   0x00009e6d   Thumb Code    14  BsrKai.o(i.BsrTed)
    BsrTia                                   0x00009e7b   Thumb Code   114  BsrKai.o(i.BsrTia)
    BsrTom                                   0x00009eed   Thumb Code   158  BsrKai.o(i.BsrTom)
    BsrTop                                   0x00009f8b   Thumb Code    98  BsrKai.o(i.BsrTop)
    BsrTre                                   0x00009fed   Thumb Code    20  BsrKai.o(i.BsrTre)
    BsrZoe                                   0x0000a001   Thumb Code     4  BsrJoe.o(i.BsrZoe)
    CSpotter_AddSample                       0x0000a005   Thumb Code    80  CSpotterSDKApi.o(i.CSpotter_AddSample)
    CSpotter_GetMemoryUsage_Multi            0x0000a05d   Thumb Code    24  CSpotterSDKApi.o(i.CSpotter_GetMemoryUsage_Multi)
    CSpotter_GetMemoryUsage_MultiWithSpeakerAndExtRejModel 0x0000a075   Thumb Code   208  CSpotterSDKApi.o(i.CSpotter_GetMemoryUsage_MultiWithSpeakerAndExtRejModel)
    CSpotter_GetNumWord                      0x0000a14d   Thumb Code    38  CSpotterSDKApi.o(i.CSpotter_GetNumWord)
    CSpotter_GetResult                       0x0000a185   Thumb Code    32  CSpotterSDKApi.o(i.CSpotter_GetResult)
    CSpotter_Init_Multi                      0x0000a1a5   Thumb Code    40  CSpotterSDKApi.o(i.CSpotter_Init_Multi)
    CSpotter_Init_MultiWithExtRejModel       0x0000a1cd   Thumb Code   488  CSpotterSDKApi.o(i.CSpotter_Init_MultiWithExtRejModel)
    CSpotter_Reset                           0x0000a3cd   Thumb Code    42  CSpotterSDKApi.o(i.CSpotter_Reset)
    CSpotter_SetRejectionLevel               0x0000a3fd   Thumb Code    38  CSpotterSDKApi.o(i.CSpotter_SetRejectionLevel)
    NINJA_API_1                              0x0000a429   Thumb Code   118  BsrGo.o(i.NINJA_API_1)
    NINJA_API_11                             0x0000a4a1   Thumb Code   628  BsrGo.o(i.NINJA_API_11)
    NINJA_API_13                             0x0000a715   Thumb Code   356  BsrGo.o(i.NINJA_API_13)
    NINJA_API_15                             0x0000a879   Thumb Code    32  BsrGo.o(i.NINJA_API_15)
    NINJA_API_19                             0x0000a899   Thumb Code    32  BsrGo.o(i.NINJA_API_19)
    NINJA_API_2                              0x0000a8b9   Thumb Code    40  BsrGo.o(i.NINJA_API_2)
    NINJA_API_23                             0x0000a8e1   Thumb Code    36  BsrGo.o(i.NINJA_API_23)
    NINJA_API_26                             0x0000a905   Thumb Code    48  BsrGo.o(i.NINJA_API_26)
    NINJA_API_3                              0x0000a935   Thumb Code    34  BsrGo.o(i.NINJA_API_3)
    NINJA_API_31                             0x0000a957   Thumb Code    10  BsrGo.o(i.NINJA_API_31)
    NINJA_API_47                             0x0000a961   Thumb Code   108  BsrGo.o(i.NINJA_API_47)
    NINJA_API_48                             0x0000a9cd   Thumb Code   128  BsrGo.o(i.NINJA_API_48)
    NINJA_API_55                             0x0000aa4d   Thumb Code    54  BsrGo.o(i.NINJA_API_55)
    NINJA_API_56                             0x0000aa83   Thumb Code    38  BsrGo.o(i.NINJA_API_56)
    NINJA_API_73                             0x0000aaa9   Thumb Code   950  BsrGo.o(i.NINJA_API_73)
    NINJA_API_75                             0x0000ae69   Thumb Code   190  BsrGo.o(i.NINJA_API_75)
    __ARM_fpclassify                         0x0000af2d   Thumb Code    40  fpclassify.o(i.__ARM_fpclassify)
    _is_digit                                0x0000af55   Thumb Code    14  __printf_wp.o(i._is_digit)
    _get_lc_numeric                          0x0000af65   Thumb Code    44  lc_numeric_c.o(locale$$code)
    _get_lc_ctype                            0x0000af91   Thumb Code    44  lc_ctype_c.o(locale$$code)
    __fpl_dcmp_Inf                           0x0000afbd   Thumb Code    24  dcmpi.o(x$fpl$dcmpinf)
    __aeabi_ddiv                             0x0000afd5   Thumb Code     0  ddiv.o(x$fpl$ddiv)
    _ddiv                                    0x0000afd5   Thumb Code   552  ddiv.o(x$fpl$ddiv)
    __aeabi_d2iz                             0x0000b285   Thumb Code     0  dfix.o(x$fpl$dfix)
    _dfix                                    0x0000b285   Thumb Code    94  dfix.o(x$fpl$dfix)
    __aeabi_i2d                              0x0000b2e3   Thumb Code     0  dflt_clz.o(x$fpl$dflt)
    _dflt                                    0x0000b2e3   Thumb Code    46  dflt_clz.o(x$fpl$dflt)
    __aeabi_cdcmple                          0x0000b311   Thumb Code     0  dleqf.o(x$fpl$dleqf)
    _dcmple                                  0x0000b311   Thumb Code   120  dleqf.o(x$fpl$dleqf)
    __fpl_dcmple_InfNaN                      0x0000b373   Thumb Code     0  dleqf.o(x$fpl$dleqf)
    __aeabi_dmul                             0x0000b389   Thumb Code     0  dmul.o(x$fpl$dmul)
    _dmul                                    0x0000b389   Thumb Code   332  dmul.o(x$fpl$dmul)
    __fpl_dnaninf                            0x0000b4dd   Thumb Code   156  dnaninf.o(x$fpl$dnaninf)
    __fpl_dretinf                            0x0000b579   Thumb Code    12  dretinf.o(x$fpl$dretinf)
    __aeabi_f2d                              0x0000b585   Thumb Code     0  f2d.o(x$fpl$f2d)
    _f2d                                     0x0000b585   Thumb Code    86  f2d.o(x$fpl$f2d)
    __aeabi_i2f                              0x0000b5dd   Thumb Code     0  fflt_clz.o(x$fpl$fflt)
    _fflt                                    0x0000b5dd   Thumb Code    48  fflt_clz.o(x$fpl$fflt)
    __fpl_fnaninf                            0x0000b60d   Thumb Code   140  fnaninf.o(x$fpl$fnaninf)
    _printf_fp_dec                           0x0000b699   Thumb Code     4  printf1.o(x$fpl$printf1)
    _printf_fp_hex                           0x0000b69d   Thumb Code     4  printf2.o(x$fpl$printf2)
    __I$use$fp                               0x0000b6a0   Number         0  usenofp.o(x$fpl$usenofp)
    Region$$Table$$Base                      0x0000d2bc   Number         0  anon$$obj.o(Region$$Table)
    Region$$Table$$Limit                     0x0000d2ec   Number         0  anon$$obj.o(Region$$Table)
    __ctype                                  0x0000d315   Data           0  lc_ctype_c.o(locale$$data)
    dsp_alg_status                           0x18000000   Data           1  main.o(.data)
    AD_Gain_Tab                              0x18000002   Data         128  main.o(.data)
    cmd_idx                                  0x18000084   Data           4  main.o(.data)
    stop_flag                                0x18000088   Data           4  main.o(.data)
    trigger_flag                             0x1800008c   Data           4  main.o(.data)
    trigger_timer_count                      0x18000090   Data           4  main.o(.data)
    cmd_timer_count                          0x18000094   Data           4  main.o(.data)
    ALG_FLAG                                 0x18000098   Data           4  main.o(.data)
    recognition_result                       0x1800009c   Data           4  main.o(.data)
    pnWordIdx                                0x180000a0   Data           8  main.o(.data)
    nErr                                     0x180000a8   Data           4  main.o(.data)
    nStateSize                               0x180000ac   Data           4  main.o(.data)
    tmp                                      0x180000b0   Data           4  main.o(.data)
    hCSpotter                                0x180000b4   Data           4  main.o(.data)
    nNumSample                               0x180000b8   Data           4  main.o(.data)
    audio_buf_L                              0x180000bc   Data           4  main.o(.data)
    audio_buf_R                              0x180000c0   Data           4  main.o(.data)
    AGC_GAIN_temp                            0x180000c4   Data           4  main.o(.data)
    last_gainidx                             0x180000c8   Data           2  main.o(.data)
    ALG_Status                               0x180000ca   Data           2  main.o(.data)
    ALGSequegInputBuf                        0x180000cc   Data           4  main.o(.data)
    ALGSequegInputBuf1                       0x180000d0   Data           4  main.o(.data)
    ADC_IDX                                  0x180000d4   Data           4  main.o(.data)
    DAC_IDX                                  0x180000d8   Data           4  main.o(.data)
    fpA32Current                             0x180000dc   Data           4  main.o(.data)
    fpA32End                                 0x180000e0   Data           4  main.o(.data)
    bDAC_Switch                              0x180000e4   Data           1  main.o(.data)
    anw                                      0x180000e8   Data           4  main.o(.data)
    g_pld_control                            0x180000ec   Data           4  main.o(.data)
    g_speechenhance_control                  0x180000f0   Data           4  main.o(.data)
    ptrQ                                     0x180000f4   Data           4  main.o(.data)
    eADC_PPB                                 0x180000f8   Data           1  main.o(.data)
    eDAC_PPB                                 0x180000f9   Data           1  main.o(.data)
    eDAC_BR                                  0x180000fc   Data           4  main.o(.data)
    psA32dec                                 0x18000100   Data           4  main.o(.data)
    AGC_ptr                                  0x18000104   Data           4  main.o(.data)
    temp_var                                 0x18000108   Data           4  main.o(.data)
    Language_index                           0x1800010c   Data           1  main.o(.data)
    isneedsetlanguage                        0x1800010d   Data           1  main.o(.data)
    pwmvalue                                 0x1800010e   Data           1  main.o(.data)
    LED_status                               0x18000110   Data           4  main.o(.data)
    led_vr_time                              0x18000114   Data           4  main.o(.data)
    is_5ms_Flag                              0x18000118   Data           1  main.o(.data)
    cnt_5ms                                  0x18000119   Data           1  main.o(.data)
    realgainL                                0x1800011a   Data           2  main.o(.data)
    realgainR                                0x1800011c   Data           2  main.o(.data)
    g_AGC_bufsize                            0x18000120   Data           4  snx_audio_agc.o(.data)
    g_AGC_gain                               0x18000124   Data           4  snx_audio_agc.o(.data)
    g_AGC_peakamp_thres                      0x18000128   Data           4  snx_audio_agc.o(.data)
    g_AGC_peakcnt_thres                      0x1800012c   Data           4  snx_audio_agc.o(.data)
    g_AGC_peakcnt_thres2                     0x18000130   Data           4  snx_audio_agc.o(.data)
    g_AGC_noise_floor                        0x18000134   Data           4  snx_audio_agc.o(.data)
    g_AGC_saturation_alarm                   0x18000138   Data           4  snx_audio_agc.o(.data)
    g_AGC_silence_cnt                        0x1800013c   Data           4  snx_audio_agc.o(.data)
    g_AGC_current_amp                        0x18000140   Data           4  snx_audio_agc.o(.data)
    g_AGC_max_gain                           0x18000144   Data           4  snx_audio_agc.o(.data)
    g_AGC_default_gain                       0x18000148   Data           4  snx_audio_agc.o(.data)
    g_AGC_frame_trigger                      0x1800014c   Data           4  snx_audio_agc.o(.data)
    g_AGC_dynamic_default_gain               0x18000150   Data           4  snx_audio_agc.o(.data)
    g_AGC_dynamic_up_control_frmcnt          0x18000154   Data           4  snx_audio_agc.o(.data)
    g_AGC_dynamic_down_control_frmcnt        0x18000158   Data           4  snx_audio_agc.o(.data)
    g_AGC_dynamic_max_gain                   0x1800015c   Data           4  snx_audio_agc.o(.data)
    g_AGC_dynamic_min_gain                   0x18000160   Data           4  snx_audio_agc.o(.data)
    g_AGC_dynamic_targetLv_lowbound          0x18000164   Data           4  snx_audio_agc.o(.data)
    g_AGC_dynamic_targetLv_highbound         0x18000168   Data           4  snx_audio_agc.o(.data)
    g_AGC_dynamic_targetLv_speed             0x1800016c   Data           4  snx_audio_agc.o(.data)
    g_AGC_min_gain                           0x18000170   Data           4  snx_audio_agc.o(.data)
    g_AGC_response_up_frmcnt                 0x18000174   Data           4  snx_audio_agc.o(.data)
    g_AGC_response_up_speed                  0x18000178   Data           4  snx_audio_agc.o(.data)
    g_AGC_response_down_frmcnt               0x1800017c   Data           4  snx_audio_agc.o(.data)
    g_AGC_response_down_speed                0x18000180   Data           4  snx_audio_agc.o(.data)
    update_frmcnt                            0x18000184   Data           4  snx_audio_agc.o(.data)
    tracking_frmcnt                          0x18000188   Data           4  snx_audio_agc.o(.data)
    EngMin                                   0x1800018c   Data           4  snx_audio_agc.o(.data)
    EngMinTmp                                0x18000190   Data           4  snx_audio_agc.o(.data)
    noise_update_lv1                         0x18000194   Data           4  snx_audio_agc.o(.data)
    noise_update_lv2                         0x18000198   Data           4  snx_audio_agc.o(.data)
    tracking_update_init                     0x1800019c   Data           4  snx_audio_agc.o(.data)
    noise_tracking_update_lv1                0x180001a0   Data           4  snx_audio_agc.o(.data)
    noise_tracking_update_lv2                0x180001a4   Data           4  snx_audio_agc.o(.data)
    g_silencecnt_thres                       0x180001a8   Data           4  snx_audio_agc.o(.data)
    g_silence_tag                            0x180001ac   Data           4  snx_audio_agc.o(.data)
    peakcnt                                  0x180001b0   Data           4  snx_audio_agc.o(.data)
    peakcnt2                                 0x180001b4   Data           4  snx_audio_agc.o(.data)
    g_temp                                   0x180001b8   Data           4  snx_audio_agc.o(.data)
    g_AGC_TV_flag                            0x180001bc   Data           4  snx_audio_agc.o(.data)
    g_silence_flag                           0x180001c0   Data           4  snx_audio_agc.o(.data)
    curKey                                   0x180001d4   Data           1  key.o(.data)
    preKey                                   0x180001d5   Data           1  key.o(.data)
    debounce                                 0x180001d8   Data           4  key.o(.data)
    Safety_key_debounce                      0x180001dc   Data           1  key.o(.data)
    Charging_key_debounce                    0x180001dd   Data           1  key.o(.data)
    iswaitrelease                            0x180001de   Data           1  key.o(.data)
    issafety                                 0x180001df   Data           1  key.o(.data)
    led_stage                                0x180001e0   Data           1  led.o(.data)
    led_white_mode                           0x180001e1   Data           1  led.o(.data)
    led_rgb_mode                             0x180001e2   Data           1  led.o(.data)
    led_white_tog                            0x180001e3   Data           1  led.o(.data)
    led_display_time                         0x180001e4   Data           4  led.o(.data)
    Motor_Level                              0x180001e8   Data           1  motor.o(.data)
    isStartMotor                             0x180001e9   Data           1  motor.o(.data)
    isMaxPWM                                 0x180001ea   Data           1  motor.o(.data)
    cur_Motor_PWM                            0x180001ec   Data           4  motor.o(.data)
    Motor_Wakeup_cnt                         0x180001f0   Data           1  motor.o(.data)
    Motor_done_cnt                           0x180001f1   Data           1  motor.o(.data)
    dpdtime                                  0x180001f4   Data           4  fun_main.o(.data)
    adccnt                                   0x180001f8   Data           1  fun_main.o(.data)
    batlevel                                 0x180001f9   Data           1  fun_main.o(.data)
    adcvalue                                 0x180001fc   Data           4  fun_main.o(.data)
    system_stage                             0x18000200   Data           1  fun_main.o(.data)
    isneedinitstage                          0x18000201   Data           1  fun_main.o(.data)
    isneedinitbatled                         0x18000202   Data           1  fun_main.o(.data)
    isneedinitsys                            0x18000203   Data           1  fun_main.o(.data)
    ischarging                               0x18000204   Data           1  fun_main.o(.data)
    isstartsystem                            0x18000205   Data           1  fun_main.o(.data)
    startADC_cnt                             0x18000206   Data           1  fun_main.o(.data)
    batlevel_led_value                       0x18000207   Data           1  fun_main.o(.data)
    led_type                                 0x18000208   Data           1  fun_main.o(.data)
    adc_pre_cnt                              0x18000209   Data           1  fun_main.o(.data)
    gLog_flags                               0x18000254   Data           4  log_util.o(.data)
    ITM_RxBuffer                             0x1800025c   Data           4  log_util.o(.data)
    lppbyModel                               0x18000264   Data          12  main.o(.bss)
    lpbyState                                0x18000270   Data          96  main.o(.bss)
    AEC_OutBuf                               0x180002d0   Data         512  main.o(.bss)
    memory_pool                              0x180004d0   Data       10240  main.o(.bss)
    model_buf                                0x18002cd0   Data       61440  main.o(.bss)
    ADC_Buffer                               0x18011cd0   Data        2048  main.o(.bss)
    MIC_Buffer                               0x180124d0   Data        2048  main.o(.bss)
    DAC_Buffer                               0x18012cd0   Data        1280  main.o(.bss)
    AGC_ptr_Mic                              0x180131d0   Data         164  main.o(.bss)
    AGC_ptr_Ref                              0x18013274   Data         164  main.o(.bss)
    init_info                                0x18013318   Data          32  motor.o(.bss)
    adc                                      0x18013338   Data          32  fun_main.o(.bss)
    sar_adc                                  0x18013358   Data          12  fun_main.o(.bss)
    rx_buffer                                0x18013388   Data          24  uart.o(.bss)
    rx_buffer1                               0x180133a0   Data          24  uart.o(.bss)
    __libspace_start                         0x1801344c   Data          96  libspace.o(.bss)
    __temporary_stack_top$libspace           0x180134ac   Data           0  libspace.o(.bss)
    dynamic_default_gain                     0x1801ec01   Thumb Code   262  snx_audio_agc.o(.text)
    saturation_protect                       0x1801ed07   Thumb Code   340  snx_audio_agc.o(.text)
    update_NoiseFloor                        0x1801ee5b   Thumb Code   194  snx_audio_agc.o(.text)
    SNX_AGC_Process                          0x1801ef1d   Thumb Code   668  snx_audio_agc.o(.text)
    SNX_AGC_Process_init                     0x1801f1b9   Thumb Code   896  snx_audio_agc.o(.text)
    KeyInit                                  0x1801f539   Thumb Code    66  key.o(.text)
    KeyScan                                  0x1801f57b   Thumb Code   260  key.o(.text)
    Init_LED                                 0x1801f6a1   Thumb Code   182  led.o(.text)
    DeInit_LED                               0x1801f757   Thumb Code     2  led.o(.text)
    LED_WHITE_Set_value                      0x1801f759   Thumb Code    68  led.o(.text)
    LED_WHITE_Setting                        0x1801f79d   Thumb Code    24  led.o(.text)
    LED_RGB_Set_value                        0x1801f7b5   Thumb Code    52  led.o(.text)
    LED_RGB_Setting                          0x1801f7e9   Thumb Code    26  led.o(.text)
    batlevel_to_led_value                    0x1801f803   Thumb Code   230  led.o(.text)
    LED_Setting                              0x1801f8e9   Thumb Code   180  led.o(.text)
    LED_Process                              0x1801f99d   Thumb Code   318  led.o(.text)
    GPIO3_IRQHandler                         0x1801faf5   Thumb Code    24  motor.o(.text)
    InitPWM                                  0x1801fb0d   Thumb Code    56  motor.o(.text)
    TurnOffMotor                             0x1801fb45   Thumb Code    92  motor.o(.text)
    Change_Motor_PWM                         0x1801fba1   Thumb Code   238  motor.o(.text)
    get_motor_level                          0x1801fc8f   Thumb Code     6  motor.o(.text)
    is_start_motor                           0x1801fc95   Thumb Code     6  motor.o(.text)
    cur_pwm                                  0x1801fc9b   Thumb Code    36  motor.o(.text)
    check_motor_done                         0x1801fcbf   Thumb Code   172  motor.o(.text)
    interrupt_service                        0x1801fd8d   Thumb Code    48  fun_main.o(.text)
    getadcvalue                              0x1801fdbd   Thumb Code    26  fun_main.o(.text)
    getbatlevel                              0x1801fdd7   Thumb Code   348  fun_main.o(.text)
    SysInit                                  0x1801ff33   Thumb Code   130  fun_main.o(.text)
    setting_pwm                              0x1801ffb5   Thumb Code    58  fun_main.o(.text)
    fun_main                                 0x1801ffef   Thumb Code   808  fun_main.o(.text)
    Convert_to_Codec_Channel                 0x18020339   Thumb Code    24  audio.o(.text)
    Convert_to_Codec_Sampling_Rate           0x18020351   Thumb Code   116  audio.o(.text)
    Convert_to_Aud_Sampling_Rate             0x180203c5   Thumb Code   116  audio.o(.text)
    External_Audio_Codec_Init                0x18020439   Thumb Code    60  audio.o(.text)
    I2C_ch_sel                               0x18020479   Thumb Code     6  i2c_software_master.o(.text)
    SCL_rd                                   0x1802047f   Thumb Code    48  i2c_software_master.o(.text)
    SDA_rd                                   0x180204af   Thumb Code    48  i2c_software_master.o(.text)
    I2C_SoftWare_Master_Init                 0x180204df   Thumb Code   362  i2c_software_master.o(.text)
    ACK_read_init                            0x18020649   Thumb Code    38  i2c_software_master.o(.text)
    ACK_read_deinit                          0x1802066f   Thumb Code    38  i2c_software_master.o(.text)
    SCL_read                                 0x18020695   Thumb Code     8  i2c_software_master.o(.text)
    SDA_read                                 0x1802069d   Thumb Code     8  i2c_software_master.o(.text)
    I2C_delay                                0x180206a5   Thumb Code    24  i2c_software_master.o(.text)
    I2C_delay_C                              0x180206bd   Thumb Code    24  i2c_software_master.o(.text)
    I2C_delay_2                              0x180206d5   Thumb Code    24  i2c_software_master.o(.text)
    I2C_delay_3                              0x180206ed   Thumb Code    24  i2c_software_master.o(.text)
    I2C_Start                                0x18020705   Thumb Code   182  i2c_software_master.o(.text)
    I2C_Stop                                 0x180207bb   Thumb Code   186  i2c_software_master.o(.text)
    I2C_Ack                                  0x18020875   Thumb Code   164  i2c_software_master.o(.text)
    I2C_NoAck                                0x18020919   Thumb Code   164  i2c_software_master.o(.text)
    I2C_WaitAck                              0x180209bd   Thumb Code   180  i2c_software_master.o(.text)
    I2C_SendByte                             0x18020a71   Thumb Code   228  i2c_software_master.o(.text)
    I2C_SendByte2                            0x18020b55   Thumb Code   228  i2c_software_master.o(.text)
    I2C_ReceiveByte                          0x18020c39   Thumb Code   180  i2c_software_master.o(.text)
    I2C_SoftWare_Master_ReInit               0x18020ced   Thumb Code    12  i2c_software_master.o(.text)
    I2C_SoftWare_Master_Write                0x18020cf9   Thumb Code    84  i2c_software_master.o(.text)
    I2C_Start_Master_read                    0x18020d4d   Thumb Code   124  i2c_software_master.o(.text)
    I2C_SoftWare_Master_Read                 0x18020dc9   Thumb Code    74  i2c_software_master.o(.text)
    Delay                                    0x18020e25   Thumb Code    26  aud_driver.o(.text)
    AUD_RegWrite                             0x18020e4b   Thumb Code   194  aud_driver.o(.text)
    AUD_RegRead                              0x18020f0d   Thumb Code   244  aud_driver.o(.text)
    AUD_mclk_enable                          0x18021001   Thumb Code    30  aud_driver.o(.text)
    AUD_mclk_disable                         0x1802101f   Thumb Code    32  aud_driver.o(.text)
    AUD_Driver_Init                          0x1802103f   Thumb Code   138  aud_driver.o(.text)
    AUD_SlaveMode_Init                       0x180210c9   Thumb Code  1392  aud_driver.o(.text)
    AUD_MasterMode_Init                      0x18021639   Thumb Code  2124  aud_driver.o(.text)
    AUD_DAC_Volume                           0x18021e85   Thumb Code   136  aud_driver.o(.text)
    AUD_ADC_Gain_Setting                     0x18021f0d   Thumb Code   228  aud_driver.o(.text)
    AUD_Get_DAC_Volume                       0x18021ff1   Thumb Code    14  aud_driver.o(.text)
    SNAUD01_MasterMode_Init                  0x1802398f   Thumb Code    86  aud_driver.o(.text)
    SNAUD01_power_down                       0x180239e5   Thumb Code    48  aud_driver.o(.text)
    SNAUD01_sleep                            0x18023a15   Thumb Code    48  aud_driver.o(.text)
    SNAUD01_list_all_reg                     0x18023a45   Thumb Code  1050  aud_driver.o(.text)
    SNAUD01_debug_mode                       0x18023e5f   Thumb Code   480  aud_driver.o(.text)
    AUD_Set_Driver_Mode                      0x1802403f   Thumb Code     6  aud_driver.o(.text)
    AUD01_ADC_Turn_On                        0x18024045   Thumb Code    38  aud_driver.o(.text)
    AUD01_ADC_Turn_Off                       0x1802406b   Thumb Code    12  aud_driver.o(.text)
    AUD01_ADC_Gain_Ctrl                      0x18024077   Thumb Code   308  aud_driver.o(.text)
    AUD01_DAC_Turn_On                        0x180241ab   Thumb Code    52  aud_driver.o(.text)
    AUD01_DAC_Turn_Off                       0x180241df   Thumb Code    42  aud_driver.o(.text)
    AUD01_DAC_Volume_Control                 0x18024209   Thumb Code    72  aud_driver.o(.text)
    AUD01_AMP_Turn_On                        0x18024251   Thumb Code   112  aud_driver.o(.text)
    AUD01_AMP_Turn_Off                       0x180242c1   Thumb Code    66  aud_driver.o(.text)
    AUD01_dpd                                0x18024303   Thumb Code    14  aud_driver.o(.text)
    I2S4_Clr_Rx_FIFO                         0x18024319   Thumb Code    18  i2s4.o(.text)
    I2S4_Clr_Tx_FIFO                         0x1802432b   Thumb Code    18  i2s4.o(.text)
    I2S4_Enable                              0x1802433d   Thumb Code   204  i2s4.o(.text)
    I2S4_Disable                             0x18024409   Thumb Code    14  i2s4.o(.text)
    I2S4_Set_Ch_Len                          0x18024417   Thumb Code    14  i2s4.o(.text)
    I2S4_Set_Data_Len                        0x18024425   Thumb Code    14  i2s4.o(.text)
    I2S4_Set_Format                          0x18024433   Thumb Code    14  i2s4.o(.text)
    I2S4_Set_MONO_STEREO                     0x18024441   Thumb Code    14  i2s4.o(.text)
    I2S4_Start                               0x1802444f   Thumb Code    16  i2s4.o(.text)
    I2S4_Mute                                0x1802445f   Thumb Code    16  i2s4.o(.text)
    I2S4_UnMute                              0x1802446f   Thumb Code    14  i2s4.o(.text)
    I2S4_Stop                                0x1802447d   Thumb Code    14  i2s4.o(.text)
    I2S4_SEL_IMCLK                           0x1802448b   Thumb Code   116  i2s4.o(.text)
    I2S4_SET_BCLKDIV                         0x180244ff   Thumb Code    14  i2s4.o(.text)
    I2S4_SET_IMCLKDIV                        0x1802450d   Thumb Code    14  i2s4.o(.text)
    I2S4_Clr_Int_Flag                        0x1802451b   Thumb Code    12  i2s4.o(.text)
    I2S4_Set_Rx_THD                          0x18024527   Thumb Code    18  i2s4.o(.text)
    I2S4_Set_Tx_THD                          0x18024539   Thumb Code    18  i2s4.o(.text)
    I2S4_Set_INT_Enable                      0x1802454b   Thumb Code   246  i2s4.o(.text)
    I2S4_Set_INT_Disable                     0x18024641   Thumb Code    76  i2s4.o(.text)
    I2S4_Read_Rx_FIFO                        0x1802468d   Thumb Code     6  i2s4.o(.text)
    I2S4_Write_Tx_FIFO                       0x18024693   Thumb Code     6  i2s4.o(.text)
    I2S4_Read_IP_Status                      0x18024699   Thumb Code     6  i2s4.o(.text)
    I2S4_Read_Int_Status                     0x1802469f   Thumb Code     6  i2s4.o(.text)
    I2S4_Read_Tx_FIFO_Status                 0x180246a5   Thumb Code    10  i2s4.o(.text)
    I2S4_Read_Rx_FIFO_Status                 0x180246af   Thumb Code    10  i2s4.o(.text)
    I2S4_MCLK_OUT0_SEL                       0x180246b9   Thumb Code    14  i2s4.o(.text)
    I2S4_MCLK_OUT1_SEL                       0x180246c7   Thumb Code    14  i2s4.o(.text)
    I2S4_MCLK_OUT_ENABLE                     0x180246d5   Thumb Code    14  i2s4.o(.text)
    I2S4_MCLK_OUT0_OUT1_SEL                  0x180246e3   Thumb Code    76  i2s4.o(.text)
    I2S4_Init                                0x1802472f   Thumb Code    18  i2s4.o(.text)
    I2S4_8Bit_STD_Handler                    0x18024741   Thumb Code   184  i2s4.o(.text)
    I2S4_16Bit_STD_Handler                   0x180247f9   Thumb Code   120  i2s4.o(.text)
    I2S4_32Bit_STD_Handler                   0x18024871   Thumb Code   120  i2s4.o(.text)
    I2S4_MONO_Handler                        0x180248e9   Thumb Code    82  i2s4.o(.text)
    UART_Init                                0x18024a81   Thumb Code   764  uart.o(.text)
    uart_deinit                              0x18024d7d   Thumb Code     6  uart.o(.text)
    UART_ReadByte                            0x18024d83   Thumb Code    68  uart.o(.text)
    UART_WriteByte                           0x18024dc7   Thumb Code    66  uart.o(.text)
    UART_WriteMultiBytes                     0x18024e09   Thumb Code    84  uart.o(.text)
    UART_ReadIrqByte                         0x18024e5d   Thumb Code    30  uart.o(.text)
    UART0_IRQHandler                         0x18024e7b   Thumb Code    12  uart.o(.text)
    UART1_IRQHandler                         0x18024e87   Thumb Code    12  uart.o(.text)
    UART_GetVersion                          0x18024e93   Thumb Code     4  uart.o(.text)
    UART_READ                                0x18024e97   Thumb Code    46  uart.o(.text)
    UART_AVAILABLE                           0x18024ec5   Thumb Code    26  uart.o(.text)
    UART_PEEK                                0x18024edf   Thumb Code    34  uart.o(.text)
    UART_END                                 0x18024f01   Thumb Code    22  uart.o(.text)
    UART_WRITEBYTE                           0x18024f17   Thumb Code    66  uart.o(.text)
    Long Thumb to Thumb Veneer to __aeabi_i2d 0x18024f75   Thumb Code    10  anon$$obj.o(Veneer$$Code)
    Long Thumb to Thumb Veneer to __aeabi_dmul 0x18024f7f   Thumb Code    10  anon$$obj.o(Veneer$$Code)
    Long Thumb to Thumb Veneer to __aeabi_cdcmple 0x18024f89   Thumb Code    10  anon$$obj.o(Veneer$$Code)
    Long Thumb to Thumb Veneer to __aeabi_i2f 0x18024f93   Thumb Code    10  anon$$obj.o(Veneer$$Code)
    Long Thumb to Thumb Veneer to __aeabi_f2d 0x18024f9d   Thumb Code    10  anon$$obj.o(Veneer$$Code)
    Long Thumb to Thumb Veneer to __aeabi_d2iz 0x18024fa7   Thumb Code    10  anon$$obj.o(Veneer$$Code)
    Long Thumb to Thumb Veneer to __aeabi_ddiv 0x18024fb1   Thumb Code    10  anon$$obj.o(Veneer$$Code)
    Long Thumb to Thumb Veneer to GPIO_SetPin 0x18024fbb   Thumb Code    10  anon$$obj.o(Veneer$$Code)
    Long Thumb to Thumb Veneer to GPIO_GetPin 0x18024fc5   Thumb Code    10  anon$$obj.o(Veneer$$Code)
    Long Thumb to Thumb Veneer to GPIO_Irq_GetPinIrq 0x18024fcf   Thumb Code    10  anon$$obj.o(Veneer$$Code)
    Long Thumb to Thumb Veneer to GPIO_Irq_ClearPinIrq 0x18024fd9   Thumb Code    10  anon$$obj.o(Veneer$$Code)
    Long Thumb to Thumb Veneer to GPIO_Irq_Deinit 0x18024fe3   Thumb Code    10  anon$$obj.o(Veneer$$Code)
    Long Thumb to Thumb Veneer to TimerPwm_Reset 0x18024fed   Thumb Code    10  anon$$obj.o(Veneer$$Code)
    Long Thumb to Thumb Veneer to Timer_Launch 0x18024ff7   Thumb Code    10  anon$$obj.o(Veneer$$Code)
    Long Thumb to Thumb Veneer to GPIO_Irq_Init 0x18025001   Thumb Code    10  anon$$obj.o(Veneer$$Code)
    Long Thumb to Thumb Veneer to GPIO_Irq_SetPin 0x1802500b   Thumb Code    10  anon$$obj.o(Veneer$$Code)
    Long Thumb to Thumb Veneer to SAR_ADC_init 0x18025015   Thumb Code    10  anon$$obj.o(Veneer$$Code)
    Long Thumb to Thumb Veneer to SAR_ADC_Enable 0x1802501f   Thumb Code    10  anon$$obj.o(Veneer$$Code)
    Long Thumb to Thumb Veneer to SAR_ADC_Start 0x18025029   Thumb Code    10  anon$$obj.o(Veneer$$Code)
    Long Thumb to Thumb Veneer to I2C_Master_Send 0x18025033   Thumb Code    10  anon$$obj.o(Veneer$$Code)
    Long Thumb to Thumb Veneer to I2C_Set_Stop_Condition 0x1802503d   Thumb Code    10  anon$$obj.o(Veneer$$Code)
    Long Thumb to Thumb Veneer to I2C_Master_Recv 0x18025047   Thumb Code    10  anon$$obj.o(Veneer$$Code)
    Long Thumb to Thumb Veneer to I2C_Initial 0x18025051   Thumb Code    10  anon$$obj.o(Veneer$$Code)
    Long Thumb to Thumb Veneer to __aeabi_memclr 0x1802505b   Thumb Code    10  anon$$obj.o(Veneer$$Code)
    Long Thumb to Thumb Veneer to printf_uart 0x18025065   Thumb Code    10  anon$$obj.o(Veneer$$Code)
    sonix_load_table                         0x60000000   Data          72  sonix_load_table.o(.ARM.__AT_0x60000000)
    CYB_CMD1_INFLASH                         0x60030000   Data           0  rd_wr_flash.o(.ARM.__at_0x60030000)
    CYB_CMD1_INFLASH_END                     0x60039a94   Data           0  rd_wr_flash.o(.ARM.__at_0x60030000)



==============================================================================

Memory Map of the image

  Image Entry point : 0x00000125

  Load Region LR_PRAM (Base: 0x00000000, Size: 0x0000d67c, Max: 0x00010000, ABSOLUTE)

    Execution Region ER_PRAM (Base: 0x00000000, Size: 0x0000d418, Max: 0x00010000, ABSOLUTE)

    Base Addr    Size         Type   Attr      Idx    E Section Name        Object

    0x00000000   0x00000124   Data   RO          405    RESET               startup.o
    0x00000124   0x00000008   Code   RO         1823  * !!!main             c_w.l(__main.o)
    0x0000012c   0x00000034   Code   RO         2236    !!!scatter          c_w.l(__scatter.o)
    0x00000160   0x0000001a   Code   RO         2238    !!handler_copy      c_w.l(__scatter_copy.o)
    0x0000017a   0x00000002   PAD
    0x0000017c   0x0000001c   Code   RO         2240    !!handler_zi        c_w.l(__scatter_zi.o)
    0x00000198   0x00000000   Code   RO         1964    .ARM.Collect$$_printf_percent$$00000000  c_w.l(_printf_percent.o)
    0x00000198   0x00000006   Code   RO         1953    .ARM.Collect$$_printf_percent$$00000001  c_w.l(_printf_n.o)
    0x0000019e   0x00000006   Code   RO         1955    .ARM.Collect$$_printf_percent$$00000002  c_w.l(_printf_p.o)
    0x000001a4   0x00000006   Code   RO         1960    .ARM.Collect$$_printf_percent$$00000003  c_w.l(_printf_f.o)
    0x000001aa   0x00000006   Code   RO         1961    .ARM.Collect$$_printf_percent$$00000004  c_w.l(_printf_e.o)
    0x000001b0   0x00000006   Code   RO         1962    .ARM.Collect$$_printf_percent$$00000005  c_w.l(_printf_g.o)
    0x000001b6   0x00000006   Code   RO         1963    .ARM.Collect$$_printf_percent$$00000006  c_w.l(_printf_a.o)
    0x000001bc   0x0000000a   Code   RO         1968    .ARM.Collect$$_printf_percent$$00000007  c_w.l(_printf_ll.o)
    0x000001c6   0x00000006   Code   RO         1957    .ARM.Collect$$_printf_percent$$00000008  c_w.l(_printf_i.o)
    0x000001cc   0x00000006   Code   RO         1958    .ARM.Collect$$_printf_percent$$00000009  c_w.l(_printf_d.o)
    0x000001d2   0x00000006   Code   RO         1959    .ARM.Collect$$_printf_percent$$0000000A  c_w.l(_printf_u.o)
    0x000001d8   0x00000006   Code   RO         1956    .ARM.Collect$$_printf_percent$$0000000B  c_w.l(_printf_o.o)
    0x000001de   0x00000006   Code   RO         1954    .ARM.Collect$$_printf_percent$$0000000C  c_w.l(_printf_x.o)
    0x000001e4   0x00000006   Code   RO         1965    .ARM.Collect$$_printf_percent$$0000000D  c_w.l(_printf_lli.o)
    0x000001ea   0x00000006   Code   RO         1966    .ARM.Collect$$_printf_percent$$0000000E  c_w.l(_printf_lld.o)
    0x000001f0   0x00000006   Code   RO         1967    .ARM.Collect$$_printf_percent$$0000000F  c_w.l(_printf_llu.o)
    0x000001f6   0x00000006   Code   RO         1972    .ARM.Collect$$_printf_percent$$00000010  c_w.l(_printf_llo.o)
    0x000001fc   0x00000006   Code   RO         1973    .ARM.Collect$$_printf_percent$$00000011  c_w.l(_printf_llx.o)
    0x00000202   0x0000000a   Code   RO         1969    .ARM.Collect$$_printf_percent$$00000012  c_w.l(_printf_l.o)
    0x0000020c   0x00000006   Code   RO         1951    .ARM.Collect$$_printf_percent$$00000013  c_w.l(_printf_c.o)
    0x00000212   0x00000006   Code   RO         1952    .ARM.Collect$$_printf_percent$$00000014  c_w.l(_printf_s.o)
    0x00000218   0x00000006   Code   RO         1970    .ARM.Collect$$_printf_percent$$00000015  c_w.l(_printf_lc.o)
    0x0000021e   0x00000006   Code   RO         1971    .ARM.Collect$$_printf_percent$$00000016  c_w.l(_printf_ls.o)
    0x00000224   0x00000004   Code   RO         2085    .ARM.Collect$$_printf_percent$$00000017  c_w.l(_printf_percent_end.o)
    0x00000228   0x00000002   Code   RO         2162    .ARM.Collect$$libinit$$00000000  c_w.l(libinit.o)
    0x0000022a   0x00000000   Code   RO         1977    .ARM.Collect$$libinit$$00000002  c_w.l(libinit2.o)
    0x0000022a   0x00000000   Code   RO         1979    .ARM.Collect$$libinit$$00000004  c_w.l(libinit2.o)
    0x0000022a   0x00000008   Code   RO         1980    .ARM.Collect$$libinit$$00000005  c_w.l(libinit2.o)
    0x00000232   0x00000000   Code   RO         1982    .ARM.Collect$$libinit$$0000000A  c_w.l(libinit2.o)
    0x00000232   0x00000000   Code   RO         1984    .ARM.Collect$$libinit$$0000000C  c_w.l(libinit2.o)
    0x00000232   0x00000000   Code   RO         1986    .ARM.Collect$$libinit$$0000000E  c_w.l(libinit2.o)
    0x00000232   0x00000006   Code   RO         1987    .ARM.Collect$$libinit$$0000000F  c_w.l(libinit2.o)
    0x00000238   0x00000000   Code   RO         1989    .ARM.Collect$$libinit$$00000011  c_w.l(libinit2.o)
    0x00000238   0x0000000c   Code   RO         1990    .ARM.Collect$$libinit$$00000012  c_w.l(libinit2.o)
    0x00000244   0x00000000   Code   RO         1991    .ARM.Collect$$libinit$$00000013  c_w.l(libinit2.o)
    0x00000244   0x00000000   Code   RO         1993    .ARM.Collect$$libinit$$00000015  c_w.l(libinit2.o)
    0x00000244   0x0000000a   Code   RO         1994    .ARM.Collect$$libinit$$00000016  c_w.l(libinit2.o)
    0x0000024e   0x00000000   Code   RO         1995    .ARM.Collect$$libinit$$00000017  c_w.l(libinit2.o)
    0x0000024e   0x00000000   Code   RO         1997    .ARM.Collect$$libinit$$00000019  c_w.l(libinit2.o)
    0x0000024e   0x00000000   Code   RO         1999    .ARM.Collect$$libinit$$0000001B  c_w.l(libinit2.o)
    0x0000024e   0x00000000   Code   RO         2001    .ARM.Collect$$libinit$$0000001D  c_w.l(libinit2.o)
    0x0000024e   0x00000000   Code   RO         2003    .ARM.Collect$$libinit$$0000001F  c_w.l(libinit2.o)
    0x0000024e   0x00000000   Code   RO         2005    .ARM.Collect$$libinit$$00000021  c_w.l(libinit2.o)
    0x0000024e   0x00000000   Code   RO         2007    .ARM.Collect$$libinit$$00000023  c_w.l(libinit2.o)
    0x0000024e   0x00000000   Code   RO         2009    .ARM.Collect$$libinit$$00000025  c_w.l(libinit2.o)
    0x0000024e   0x00000000   Code   RO         2013    .ARM.Collect$$libinit$$0000002C  c_w.l(libinit2.o)
    0x0000024e   0x00000000   Code   RO         2015    .ARM.Collect$$libinit$$0000002E  c_w.l(libinit2.o)
    0x0000024e   0x00000000   Code   RO         2017    .ARM.Collect$$libinit$$00000030  c_w.l(libinit2.o)
    0x0000024e   0x00000000   Code   RO         2019    .ARM.Collect$$libinit$$00000032  c_w.l(libinit2.o)
    0x0000024e   0x00000002   Code   RO         2020    .ARM.Collect$$libinit$$00000033  c_w.l(libinit2.o)
    0x00000250   0x00000002   Code   RO         2233    .ARM.Collect$$libshutdown$$00000000  c_w.l(libshutdown.o)
    0x00000252   0x00000000   Code   RO         2189    .ARM.Collect$$libshutdown$$00000002  c_w.l(libshutdown2.o)
    0x00000252   0x00000000   Code   RO         2191    .ARM.Collect$$libshutdown$$00000004  c_w.l(libshutdown2.o)
    0x00000252   0x00000000   Code   RO         2194    .ARM.Collect$$libshutdown$$00000007  c_w.l(libshutdown2.o)
    0x00000252   0x00000000   Code   RO         2197    .ARM.Collect$$libshutdown$$0000000A  c_w.l(libshutdown2.o)
    0x00000252   0x00000000   Code   RO         2199    .ARM.Collect$$libshutdown$$0000000C  c_w.l(libshutdown2.o)
    0x00000252   0x00000000   Code   RO         2202    .ARM.Collect$$libshutdown$$0000000F  c_w.l(libshutdown2.o)
    0x00000252   0x00000002   Code   RO         2203    .ARM.Collect$$libshutdown$$00000010  c_w.l(libshutdown2.o)
    0x00000254   0x00000000   Code   RO         1853    .ARM.Collect$$rtentry$$00000000  c_w.l(__rtentry.o)
    0x00000254   0x00000000   Code   RO         2044    .ARM.Collect$$rtentry$$00000002  c_w.l(__rtentry2.o)
    0x00000254   0x00000006   Code   RO         2056    .ARM.Collect$$rtentry$$00000004  c_w.l(__rtentry4.o)
    0x0000025a   0x00000000   Code   RO         2046    .ARM.Collect$$rtentry$$00000009  c_w.l(__rtentry2.o)
    0x0000025a   0x00000004   Code   RO         2047    .ARM.Collect$$rtentry$$0000000A  c_w.l(__rtentry2.o)
    0x0000025e   0x00000000   Code   RO         2049    .ARM.Collect$$rtentry$$0000000C  c_w.l(__rtentry2.o)
    0x0000025e   0x00000008   Code   RO         2050    .ARM.Collect$$rtentry$$0000000D  c_w.l(__rtentry2.o)
    0x00000266   0x00000002   Code   RO         2169    .ARM.Collect$$rtexit$$00000000  c_w.l(rtexit.o)
    0x00000268   0x00000000   Code   RO         2207    .ARM.Collect$$rtexit$$00000002  c_w.l(rtexit2.o)
    0x00000268   0x00000004   Code   RO         2208    .ARM.Collect$$rtexit$$00000003  c_w.l(rtexit2.o)
    0x0000026c   0x00000006   Code   RO         2209    .ARM.Collect$$rtexit$$00000004  c_w.l(rtexit2.o)
    0x00000272   0x00000002   PAD
    0x00000274   0x00000000   Code   RO         2064    .emb_text           c_w.l(maybetermalloc1.o)
    0x00000274   0x00000a08   Code   RO            3    .text               main.o
    0x00000c7c   0x00000254   Code   RO          369    .text               bsp.o
    0x00000ed0   0x00000050   Code   RO          406    .text               startup.o
    0x00000f20   0x00000320   Code   RO          727    .text               snc7320_codec.lib(codec.o)
    0x00001240   0x000007d8   Code   RO          772    .text               snc7320_gpio.lib(gpio.o)
    0x00001a18   0x00000980   Code   RO          810    .text               snc7320_i2c.lib(i2c.o)
    0x00002398   0x00000564   Code   RO          845    .text               snc7320_spifc.lib(spifc.o)
    0x000028fc   0x000001a8   Code   RO          884    .text               snc7320_util.lib(log_util.o)
    0x00002aa4   0x00000590   Code   RO          933    .text               snc7320_timer_pwm.lib(timer_pwm.o)
    0x00003034   0x000000e0   Code   RO          969    .text               snc7320_saradc.lib(sar_adc.o)
    0x00003114   0x00000724   Code   RO         1193    .text               snc7320_i2s.lib(i2s.o)
    0x00003838   0x00000538   Code   RO         1233    .text               snc7320_idma.lib(idma.o)
    0x00003d70   0x0000005e   Code   RO         1745    .text               c_w.l(h1_alloc.o)
    0x00003dce   0x0000004e   Code   RO         1747    .text               c_w.l(h1_free.o)
    0x00003e1c   0x00000034   Code   RO         1809    .text               c_w.l(vsnprintf.o)
    0x00003e50   0x00000064   Code   RO         1813    .text               c_w.l(rt_memcpy_w.o)
    0x00003eb4   0x00000044   Code   RO         1817    .text               c_w.l(rt_memclr.o)
    0x00003ef8   0x0000004e   Code   RO         1819    .text               c_w.l(rt_memclr_w.o)
    0x00003f46   0x00000006   Code   RO         1821    .text               c_w.l(heapauxi.o)
    0x00003f4c   0x00000008   Code   RO         1857    .text               c_w.l(rt_heap_descriptor_intlibspace.o)
    0x00003f54   0x00000004   Code   RO         1859    .text               c_w.l(hguard.o)
    0x00003f58   0x0000008a   Code   RO         1861    .text               c_w.l(init_alloc.o)
    0x00003fe2   0x0000000e   Code   RO         1865    .text               c_w.l(h1_init.o)
    0x00003ff0   0x0000004e   Code   RO         1883    .text               c_w.l(_printf_pad.o)
    0x0000403e   0x00000024   Code   RO         1885    .text               c_w.l(_printf_truncate.o)
    0x00004062   0x00000052   Code   RO         1887    .text               c_w.l(_printf_str.o)
    0x000040b4   0x00000078   Code   RO         1889    .text               c_w.l(_printf_dec.o)
    0x0000412c   0x00000028   Code   RO         1891    .text               c_w.l(_printf_charcount.o)
    0x00004154   0x00000030   Code   RO         1893    .text               c_w.l(_printf_char_common.o)
    0x00004184   0x0000000a   Code   RO         1895    .text               c_w.l(_sputc.o)
    0x0000418e   0x00000010   Code   RO         1897    .text               c_w.l(_snputc.o)
    0x0000419e   0x00000002   PAD
    0x000041a0   0x000000bc   Code   RO         1899    .text               c_w.l(_printf_wctomb.o)
    0x0000425c   0x0000007c   Code   RO         1902    .text               c_w.l(_printf_longlong_dec.o)
    0x000042d8   0x00000070   Code   RO         1908    .text               c_w.l(_printf_oct_int_ll.o)
    0x00004348   0x00000094   Code   RO         1928    .text               c_w.l(_printf_hex_int_ll_ptr.o)
    0x000043dc   0x00000188   Code   RO         1948    .text               c_w.l(__printf_flags_ss_wp.o)
    0x00004564   0x00000008   Code   RO         2040    .text               c_w.l(libspace.o)
    0x0000456c   0x00000034   Code   RO         2066    .text               c_w.l(h1_extend.o)
    0x000045a0   0x0000008a   Code   RO         2070    .text               c_w.l(lludiv10.o)
    0x0000462a   0x000000b2   Code   RO         2072    .text               c_w.l(_printf_intcommon.o)
    0x000046dc   0x0000041a   Code   RO         2074    .text               c_w.l(_printf_fp_dec.o)
    0x00004af6   0x00000002   PAD
    0x00004af8   0x000002fc   Code   RO         2076    .text               c_w.l(_printf_fp_hex.o)
    0x00004df4   0x0000002c   Code   RO         2081    .text               c_w.l(_printf_char.o)
    0x00004e20   0x0000002c   Code   RO         2083    .text               c_w.l(_printf_wchar.o)
    0x00004e4c   0x00000040   Code   RO         2086    .text               c_w.l(_wcrtomb.o)
    0x00004e8c   0x0000000e   Code   RO         2088    .text               c_w.l(defsig_rtmem_outer.o)
    0x00004e9a   0x00000002   Code   RO         2099    .text               c_w.l(use_no_semi.o)
    0x00004e9c   0x00000000   Code   RO         2101    .text               c_w.l(indicate_semi.o)
    0x00004e9c   0x0000004a   Code   RO         2102    .text               c_w.l(sys_stackheap_outer.o)
    0x00004ee6   0x00000002   PAD
    0x00004ee8   0x00000010   Code   RO         2104    .text               c_w.l(rt_ctype_table.o)
    0x00004ef8   0x00000008   Code   RO         2113    .text               c_w.l(rt_locale_intlibspace.o)
    0x00004f00   0x00000080   Code   RO         2117    .text               c_w.l(_printf_fp_infnan.o)
    0x00004f80   0x000000dc   Code   RO         2119    .text               c_w.l(bigflt0.o)
    0x0000505c   0x00000012   Code   RO         2147    .text               c_w.l(exit.o)
    0x0000506e   0x0000000a   Code   RO         2149    .text               c_w.l(defsig_exit.o)
    0x00005078   0x00000050   Code   RO         2151    .text               c_w.l(defsig_rtmem_inner.o)
    0x000050c8   0x0000000c   Code   RO         2167    .text               c_w.l(sys_exit.o)
    0x000050d4   0x00000032   Code   RO         2180    .text               c_w.l(defsig_general.o)
    0x00005106   0x00000002   PAD
    0x00005108   0x00000080   Code   RO         2186    .text               c_w.l(strcmpv7m.o)
    0x00005188   0x0000000e   Code   RO         2204    .text               c_w.l(sys_wrch.o)
    0x00005196   0x0000003e   Code   RO         2122    CL$$btod_d2e        c_w.l(btod.o)
    0x000051d4   0x00000046   Code   RO         2124    CL$$btod_d2e_denorm_low  c_w.l(btod.o)
    0x0000521a   0x00000060   Code   RO         2123    CL$$btod_d2e_norm_op1  c_w.l(btod.o)
    0x0000527a   0x00000338   Code   RO         2132    CL$$btod_div_common  c_w.l(btod.o)
    0x000055b2   0x000000c6   Code   RO         2129    CL$$btod_e2e        c_w.l(btod.o)
    0x00005678   0x00000028   Code   RO         2126    CL$$btod_ediv       c_w.l(btod.o)
    0x000056a0   0x00000028   Code   RO         2125    CL$$btod_emul       c_w.l(btod.o)
    0x000056c8   0x00000244   Code   RO         2131    CL$$btod_mult_common  c_w.l(btod.o)
    0x0000590c   0x0000000a   Ven    RO         2242    Veneer$$Code        anon$$obj.o
    0x00005916   0x0000000a   Ven    RO         2243    Veneer$$Code        anon$$obj.o
    0x00005920   0x0000000a   Ven    RO         2244    Veneer$$Code        anon$$obj.o
    0x0000592a   0x0000000a   Ven    RO         2245    Veneer$$Code        anon$$obj.o
    0x00005934   0x0000000a   Ven    RO         2246    Veneer$$Code        anon$$obj.o
    0x0000593e   0x0000000a   Ven    RO         2247    Veneer$$Code        anon$$obj.o
    0x00005948   0x0000000a   Ven    RO         2248    Veneer$$Code        anon$$obj.o
    0x00005952   0x0000000a   Ven    RO         2249    Veneer$$Code        anon$$obj.o
    0x0000595c   0x0000000a   Ven    RO         2250    Veneer$$Code        anon$$obj.o
    0x00005966   0x0000000a   Ven    RO         2251    Veneer$$Code        anon$$obj.o
    0x00005970   0x0000000a   Ven    RO         2252    Veneer$$Code        anon$$obj.o
    0x0000597a   0x0000000a   Ven    RO         2253    Veneer$$Code        anon$$obj.o
    0x00005984   0x0000000a   Ven    RO         2254    Veneer$$Code        anon$$obj.o
    0x0000598e   0x0000000a   Ven    RO         2255    Veneer$$Code        anon$$obj.o
    0x00005998   0x0000000a   Ven    RO         2256    Veneer$$Code        anon$$obj.o
    0x000059a2   0x0000000a   Ven    RO         2257    Veneer$$Code        anon$$obj.o
    0x000059ac   0x0000002c   Code   RO         1420    i.BsrAbby           libCSpotterSDK_16k_24d_A_SNC7312_arm-cm3_V6.4.5_b20180726.lib(BsrJoe.o)
    0x000059d8   0x00000082   Code   RO         1421    i.BsrAbel           libCSpotterSDK_16k_24d_A_SNC7312_arm-cm3_V6.4.5_b20180726.lib(BsrJoe.o)
    0x00005a5a   0x000000e4   Code   RO         1422    i.BsrAdam           libCSpotterSDK_16k_24d_A_SNC7312_arm-cm3_V6.4.5_b20180726.lib(BsrJoe.o)
    0x00005b3e   0x000000fc   Code   RO         1288    i.BsrAlma           libCSpotterSDK_16k_24d_A_SNC7312_arm-cm3_V6.4.5_b20180726.lib(BsrDon.o)
    0x00005c3a   0x00000018   Code   RO         1289    i.BsrAmir           libCSpotterSDK_16k_24d_A_SNC7312_arm-cm3_V6.4.5_b20180726.lib(BsrDon.o)
    0x00005c52   0x00000134   Code   RO         1290    i.BsrAmos           libCSpotterSDK_16k_24d_A_SNC7312_arm-cm3_V6.4.5_b20180726.lib(BsrDon.o)
    0x00005d86   0x00000028   Code   RO         1324    i.BsrAna            libCSpotterSDK_16k_24d_A_SNC7312_arm-cm3_V6.4.5_b20180726.lib(BsrJim.o)
    0x00005dae   0x00000024   Code   RO         1292    i.BsrAnna           libCSpotterSDK_16k_24d_A_SNC7312_arm-cm3_V6.4.5_b20180726.lib(BsrDon.o)
    0x00005dd2   0x00000016   Code   RO         1293    i.BsrAnne           libCSpotterSDK_16k_24d_A_SNC7312_arm-cm3_V6.4.5_b20180726.lib(BsrDon.o)
    0x00005de8   0x00000020   Code   RO         1294    i.BsrAnnie          libCSpotterSDK_16k_24d_A_SNC7312_arm-cm3_V6.4.5_b20180726.lib(BsrDon.o)
    0x00005e08   0x000000c0   Code   RO         1325    i.BsrAri            libCSpotterSDK_16k_24d_A_SNC7312_arm-cm3_V6.4.5_b20180726.lib(BsrJim.o)
    0x00005ec8   0x00000108   Code   RO         1326    i.BsrAsa            libCSpotterSDK_16k_24d_A_SNC7312_arm-cm3_V6.4.5_b20180726.lib(BsrJim.o)
    0x00005fd0   0x000000b6   Code   RO         1328    i.BsrAvea           libCSpotterSDK_16k_24d_A_SNC7312_arm-cm3_V6.4.5_b20180726.lib(BsrJim.o)
    0x00006086   0x00000018   Code   RO         1300    i.BsrAyla           libCSpotterSDK_16k_24d_A_SNC7312_arm-cm3_V6.4.5_b20180726.lib(BsrDon.o)
    0x0000609e   0x0000000c   Code   RO         1301    i.BsrBaby           libCSpotterSDK_16k_24d_A_SNC7312_arm-cm3_V6.4.5_b20180726.lib(BsrDon.o)
    0x000060aa   0x00000002   PAD
    0x000060ac   0x00000128   Code   RO         1329    i.BsrBen            libCSpotterSDK_16k_24d_A_SNC7312_arm-cm3_V6.4.5_b20180726.lib(BsrJim.o)
    0x000061d4   0x00000038   Code   RO         1285    i.BsrBrad           libCSpotterSDK_16k_24d_A_SNC7312_arm-cm3_V6.4.5_b20180726.lib(BsrBen.o)
    0x0000620c   0x0000012c   Code   RO         1603    i.BsrBret           libCSpotterSDK_16k_24d_A_SNC7312_arm-cm3_V6.4.5_b20180726.lib(BsrJay.o)
    0x00006338   0x00000158   Code   RO         1604    i.BsrCade           libCSpotterSDK_16k_24d_A_SNC7312_arm-cm3_V6.4.5_b20180726.lib(BsrJay.o)
    0x00006490   0x000000fc   Code   RO         1605    i.BsrCadea          libCSpotterSDK_16k_24d_A_SNC7312_arm-cm3_V6.4.5_b20180726.lib(BsrJay.o)
    0x0000658c   0x00000052   Code   RO         1606    i.BsrCale           libCSpotterSDK_16k_24d_A_SNC7312_arm-cm3_V6.4.5_b20180726.lib(BsrJay.o)
    0x000065de   0x00000002   PAD
    0x000065e0   0x000003cc   Code   RO         1607    i.BsrCara           libCSpotterSDK_16k_24d_A_SNC7312_arm-cm3_V6.4.5_b20180726.lib(BsrJay.o)
    0x000069ac   0x000000bc   Code   RO         1608    i.BsrCarae          libCSpotterSDK_16k_24d_A_SNC7312_arm-cm3_V6.4.5_b20180726.lib(BsrJay.o)
    0x00006a68   0x000000d0   Code   RO         1609    i.BsrChad           libCSpotterSDK_16k_24d_A_SNC7312_arm-cm3_V6.4.5_b20180726.lib(BsrJay.o)
    0x00006b38   0x0000004c   Code   RO         1610    i.BsrChada          libCSpotterSDK_16k_24d_A_SNC7312_arm-cm3_V6.4.5_b20180726.lib(BsrJay.o)
    0x00006b84   0x000000dc   Code   RO         1611    i.BsrChaz           libCSpotterSDK_16k_24d_A_SNC7312_arm-cm3_V6.4.5_b20180726.lib(BsrJay.o)
    0x00006c60   0x000000a0   Code   RO         1612    i.BsrChaza          libCSpotterSDK_16k_24d_A_SNC7312_arm-cm3_V6.4.5_b20180726.lib(BsrJay.o)
    0x00006d00   0x000000d8   Code   RO         1613    i.BsrChaze          libCSpotterSDK_16k_24d_A_SNC7312_arm-cm3_V6.4.5_b20180726.lib(BsrJay.o)
    0x00006dd8   0x000000c4   Code   RO         1614    i.BsrChazi          libCSpotterSDK_16k_24d_A_SNC7312_arm-cm3_V6.4.5_b20180726.lib(BsrJay.o)
    0x00006e9c   0x0000059e   Code   RO         1615    i.BsrClay           libCSpotterSDK_16k_24d_A_SNC7312_arm-cm3_V6.4.5_b20180726.lib(BsrJay.o)
    0x0000743a   0x00000002   PAD
    0x0000743c   0x000001dc   Code   RO         1631    i.BsrCory           libCSpotterSDK_16k_24d_A_SNC7312_arm-cm3_V6.4.5_b20180726.lib(BsrJoy.o)
    0x00007618   0x00000020   Code   RO         1632    i.BsrCoty           libCSpotterSDK_16k_24d_A_SNC7312_arm-cm3_V6.4.5_b20180726.lib(BsrJoy.o)
    0x00007638   0x0000005a   Code   RO         1331    i.BsrDan            libCSpotterSDK_16k_24d_A_SNC7312_arm-cm3_V6.4.5_b20180726.lib(BsrJim.o)
    0x00007692   0x00000008   Code   RO         1636    i.BsrDane           libCSpotterSDK_16k_24d_A_SNC7312_arm-cm3_V6.4.5_b20180726.lib(BsrJoy.o)
    0x0000769a   0x00000008   Code   RO         1638    i.BsrDawn           libCSpotterSDK_16k_24d_A_SNC7312_arm-cm3_V6.4.5_b20180726.lib(BsrJoy.o)
    0x000076a2   0x00000002   PAD
    0x000076a4   0x00000082   Code   RO         1639    i.BsrDeja           libCSpotterSDK_16k_24d_A_SNC7312_arm-cm3_V6.4.5_b20180726.lib(BsrJoy.o)
    0x00007726   0x00000002   PAD
    0x00007728   0x00000160   Code   RO         1640    i.BsrDemi           libCSpotterSDK_16k_24d_A_SNC7312_arm-cm3_V6.4.5_b20180726.lib(BsrJoy.o)
    0x00007888   0x00000146   Code   RO         1641    i.BsrDeon           libCSpotterSDK_16k_24d_A_SNC7312_arm-cm3_V6.4.5_b20180726.lib(BsrJoy.o)
    0x000079ce   0x00000002   PAD
    0x000079d0   0x00000228   Code   RO         1642    i.BsrDina           libCSpotterSDK_16k_24d_A_SNC7312_arm-cm3_V6.4.5_b20180726.lib(BsrJoy.o)
    0x00007bf8   0x000000d0   Code   RO         1643    i.BsrDion           libCSpotterSDK_16k_24d_A_SNC7312_arm-cm3_V6.4.5_b20180726.lib(BsrJoy.o)
    0x00007cc8   0x00000174   Code   RO         1595    i.BsrEden           libCSpotterSDK_16k_24d_A_SNC7312_arm-cm3_V6.4.5_b20180726.lib(BsrEva.o)
    0x00007e3c   0x0000005c   Code   RO         1334    i.BsrEli            libCSpotterSDK_16k_24d_A_SNC7312_arm-cm3_V6.4.5_b20180726.lib(BsrJim.o)
    0x00007e98   0x000001d0   Code   RO         1596    i.BsrElla           libCSpotterSDK_16k_24d_A_SNC7312_arm-cm3_V6.4.5_b20180726.lib(BsrEva.o)
    0x00008068   0x000001a0   Code   RO         1597    i.BsrElsa           libCSpotterSDK_16k_24d_A_SNC7312_arm-cm3_V6.4.5_b20180726.lib(BsrEva.o)
    0x00008208   0x000000de   Code   RO         1582    i.BsrEmma           libCSpotterSDK_16k_24d_A_SNC7312_arm-cm3_V6.4.5_b20180726.lib(BsrEli.o)
    0x000082e6   0x0000008c   Code   RO         1583    i.BsrEric           libCSpotterSDK_16k_24d_A_SNC7312_arm-cm3_V6.4.5_b20180726.lib(BsrEli.o)
    0x00008372   0x00000002   PAD
    0x00008374   0x00000124   Code   RO         1584    i.BsrErica          libCSpotterSDK_16k_24d_A_SNC7312_arm-cm3_V6.4.5_b20180726.lib(BsrEli.o)
    0x00008498   0x0000003c   Code   RO         1585    i.BsrErik           libCSpotterSDK_16k_24d_A_SNC7312_arm-cm3_V6.4.5_b20180726.lib(BsrEli.o)
    0x000084d4   0x000000fc   Code   RO         1586    i.BsrErin           libCSpotterSDK_16k_24d_A_SNC7312_arm-cm3_V6.4.5_b20180726.lib(BsrEli.o)
    0x000085d0   0x00000022   Code   RO         1335    i.BsrEva            libCSpotterSDK_16k_24d_A_SNC7312_arm-cm3_V6.4.5_b20180726.lib(BsrJim.o)
    0x000085f2   0x0000003a   Code   RO         1587    i.BsrEvan           libCSpotterSDK_16k_24d_A_SNC7312_arm-cm3_V6.4.5_b20180726.lib(BsrEli.o)
    0x0000862c   0x000000b4   Code   RO         1669    i.BsrGary           libCSpotterSDK_16k_24d_A_SNC7312_arm-cm3_V6.4.5_b20180726.lib(BsrAna.o)
    0x000086e0   0x000001ac   Code   RO         1674    i.BsrGreg           libCSpotterSDK_16k_24d_A_SNC7312_arm-cm3_V6.4.5_b20180726.lib(BsrAnn.o)
    0x0000888c   0x0000003c   Code   RO         1337    i.BsrGuy            libCSpotterSDK_16k_24d_A_SNC7312_arm-cm3_V6.4.5_b20180726.lib(BsrJim.o)
    0x000088c8   0x000000d0   Code   RO         1683    i.BsrHugo           libCSpotterSDK_16k_24d_A_SNC7312_arm-cm3_V6.4.5_b20180726.lib(BsrGuy.o)
    0x00008998   0x00000038   Code   RO         1684    i.BsrIris           libCSpotterSDK_16k_24d_A_SNC7312_arm-cm3_V6.4.5_b20180726.lib(BsrGuy.o)
    0x000089d0   0x00000058   Code   RO         1685    i.BsrIrma           libCSpotterSDK_16k_24d_A_SNC7312_arm-cm3_V6.4.5_b20180726.lib(BsrGuy.o)
    0x00008a28   0x00000036   Code   RO         1686    i.BsrIsai           libCSpotterSDK_16k_24d_A_SNC7312_arm-cm3_V6.4.5_b20180726.lib(BsrGuy.o)
    0x00008a5e   0x000000b4   Code   RO         1339    i.BsrIvy            libCSpotterSDK_16k_24d_A_SNC7312_arm-cm3_V6.4.5_b20180726.lib(BsrJim.o)
    0x00008b12   0x00000002   PAD
    0x00008b14   0x000000d8   Code   RO         1645    i.BsrJamii          libCSpotterSDK_16k_24d_A_SNC7312_arm-cm3_V6.4.5_b20180726.lib(BsrJoy.o)
    0x00008bec   0x00000014   Code   RO         1341    i.BsrJan            libCSpotterSDK_16k_24d_A_SNC7312_arm-cm3_V6.4.5_b20180726.lib(BsrJim.o)
    0x00008c00   0x0000016c   Code   RO         1616    i.BsrJeni           libCSpotterSDK_16k_24d_A_SNC7312_arm-cm3_V6.4.5_b20180726.lib(BsrJay.o)
    0x00008d6c   0x00000148   Code   RO         1436    i.BsrJoan           libCSpotterSDK_16k_24d_A_SNC7312_arm-cm3_V6.4.5_b20180726.lib(BsrKai.o)
    0x00008eb4   0x0000002c   Code   RO         1000    i.BsrJohn           libCSpotterSDK_16k_24d_A_SNC7312_arm-cm3_V6.4.5_b20180726.lib(BsrAli.o)
    0x00008ee0   0x0000003c   Code   RO         1001    i.BsrJose           libCSpotterSDK_16k_24d_A_SNC7312_arm-cm3_V6.4.5_b20180726.lib(BsrAli.o)
    0x00008f1c   0x000000b2   Code   RO         1002    i.BsrJosh           libCSpotterSDK_16k_24d_A_SNC7312_arm-cm3_V6.4.5_b20180726.lib(BsrAli.o)
    0x00008fce   0x00000002   PAD
    0x00008fd0   0x000000ec   Code   RO         1352    i.BsrJoyci          libCSpotterSDK_16k_24d_A_SNC7312_arm-cm3_V6.4.5_b20180726.lib(BsrJim.o)
    0x000090bc   0x0000003a   Code   RO         1598    i.BsrJuanitez       libCSpotterSDK_16k_24d_A_SNC7312_arm-cm3_V6.4.5_b20180726.lib(BsrEva.o)
    0x000090f6   0x0000001c   Code   RO         1359    i.BsrLei            libCSpotterSDK_16k_24d_A_SNC7312_arm-cm3_V6.4.5_b20180726.lib(BsrJim.o)
    0x00009112   0x00000002   PAD
    0x00009114   0x00000574   Code   RO         1365    i.BsrMichael        libCSpotterSDK_16k_24d_A_SNC7312_arm-cm3_V6.4.5_b20180726.lib(BsrJim.o)
    0x00009688   0x00000008   Code   RO         1366    i.BsrMichelle       libCSpotterSDK_16k_24d_A_SNC7312_arm-cm3_V6.4.5_b20180726.lib(BsrJim.o)
    0x00009690   0x000000ce   Code   RO         1368    i.BsrMike           libCSpotterSDK_16k_24d_A_SNC7312_arm-cm3_V6.4.5_b20180726.lib(BsrJim.o)
    0x0000975e   0x0000009c   Code   RO         1438    i.BsrMya            libCSpotterSDK_16k_24d_A_SNC7312_arm-cm3_V6.4.5_b20180726.lib(BsrKai.o)
    0x000097fa   0x00000038   Code   RO         1439    i.BsrNia            libCSpotterSDK_16k_24d_A_SNC7312_arm-cm3_V6.4.5_b20180726.lib(BsrKai.o)
    0x00009832   0x0000011c   Code   RO         1442    i.BsrRay            libCSpotterSDK_16k_24d_A_SNC7312_arm-cm3_V6.4.5_b20180726.lib(BsrKai.o)
    0x0000994e   0x00000010   Code   RO         1443    i.BsrRex            libCSpotterSDK_16k_24d_A_SNC7312_arm-cm3_V6.4.5_b20180726.lib(BsrKai.o)
    0x0000995e   0x0000000e   Code   RO         1444    i.BsrRey            libCSpotterSDK_16k_24d_A_SNC7312_arm-cm3_V6.4.5_b20180726.lib(BsrKai.o)
    0x0000996c   0x000004d4   Code   RO         1445    i.BsrRon            libCSpotterSDK_16k_24d_A_SNC7312_arm-cm3_V6.4.5_b20180726.lib(BsrKai.o)
    0x00009e40   0x0000002c   Code   RO         1446    i.BsrRoy            libCSpotterSDK_16k_24d_A_SNC7312_arm-cm3_V6.4.5_b20180726.lib(BsrKai.o)
    0x00009e6c   0x0000000e   Code   RO         1447    i.BsrTed            libCSpotterSDK_16k_24d_A_SNC7312_arm-cm3_V6.4.5_b20180726.lib(BsrKai.o)
    0x00009e7a   0x00000072   Code   RO         1448    i.BsrTia            libCSpotterSDK_16k_24d_A_SNC7312_arm-cm3_V6.4.5_b20180726.lib(BsrKai.o)
    0x00009eec   0x0000009e   Code   RO         1449    i.BsrTom            libCSpotterSDK_16k_24d_A_SNC7312_arm-cm3_V6.4.5_b20180726.lib(BsrKai.o)
    0x00009f8a   0x00000062   Code   RO         1450    i.BsrTop            libCSpotterSDK_16k_24d_A_SNC7312_arm-cm3_V6.4.5_b20180726.lib(BsrKai.o)
    0x00009fec   0x00000014   Code   RO         1451    i.BsrTre            libCSpotterSDK_16k_24d_A_SNC7312_arm-cm3_V6.4.5_b20180726.lib(BsrKai.o)
    0x0000a000   0x00000004   Code   RO         1427    i.BsrZoe            libCSpotterSDK_16k_24d_A_SNC7312_arm-cm3_V6.4.5_b20180726.lib(BsrJoe.o)
    0x0000a004   0x00000058   Code   RO          629    i.CSpotter_AddSample  libCSpotterSDK_16k_24d_A_SNC7312_arm-cm3_V6.4.5_b20180726.lib(CSpotterSDKApi.o)
    0x0000a05c   0x00000018   Code   RO          631    i.CSpotter_GetMemoryUsage_Multi  libCSpotterSDK_16k_24d_A_SNC7312_arm-cm3_V6.4.5_b20180726.lib(CSpotterSDKApi.o)
    0x0000a074   0x000000d8   Code   RO          634    i.CSpotter_GetMemoryUsage_MultiWithSpeakerAndExtRejModel  libCSpotterSDK_16k_24d_A_SNC7312_arm-cm3_V6.4.5_b20180726.lib(CSpotterSDKApi.o)
    0x0000a14c   0x00000038   Code   RO          641    i.CSpotter_GetNumWord  libCSpotterSDK_16k_24d_A_SNC7312_arm-cm3_V6.4.5_b20180726.lib(CSpotterSDKApi.o)
    0x0000a184   0x00000020   Code   RO          642    i.CSpotter_GetResult  libCSpotterSDK_16k_24d_A_SNC7312_arm-cm3_V6.4.5_b20180726.lib(CSpotterSDKApi.o)
    0x0000a1a4   0x00000028   Code   RO          649    i.CSpotter_Init_Multi  libCSpotterSDK_16k_24d_A_SNC7312_arm-cm3_V6.4.5_b20180726.lib(CSpotterSDKApi.o)
    0x0000a1cc   0x00000200   Code   RO          650    i.CSpotter_Init_MultiWithExtRejModel  libCSpotterSDK_16k_24d_A_SNC7312_arm-cm3_V6.4.5_b20180726.lib(CSpotterSDKApi.o)
    0x0000a3cc   0x00000030   Code   RO          656    i.CSpotter_Reset    libCSpotterSDK_16k_24d_A_SNC7312_arm-cm3_V6.4.5_b20180726.lib(CSpotterSDKApi.o)
    0x0000a3fc   0x0000002c   Code   RO          670    i.CSpotter_SetRejectionLevel  libCSpotterSDK_16k_24d_A_SNC7312_arm-cm3_V6.4.5_b20180726.lib(CSpotterSDKApi.o)
    0x0000a428   0x00000076   Code   RO         1008    i.NINJA_API_1       libCSpotterSDK_16k_24d_A_SNC7312_arm-cm3_V6.4.5_b20180726.lib(BsrGo.o)
    0x0000a49e   0x00000002   PAD
    0x0000a4a0   0x00000274   Code   RO         1010    i.NINJA_API_11      libCSpotterSDK_16k_24d_A_SNC7312_arm-cm3_V6.4.5_b20180726.lib(BsrGo.o)
    0x0000a714   0x00000164   Code   RO         1012    i.NINJA_API_13      libCSpotterSDK_16k_24d_A_SNC7312_arm-cm3_V6.4.5_b20180726.lib(BsrGo.o)
    0x0000a878   0x00000020   Code   RO         1014    i.NINJA_API_15      libCSpotterSDK_16k_24d_A_SNC7312_arm-cm3_V6.4.5_b20180726.lib(BsrGo.o)
    0x0000a898   0x00000020   Code   RO         1018    i.NINJA_API_19      libCSpotterSDK_16k_24d_A_SNC7312_arm-cm3_V6.4.5_b20180726.lib(BsrGo.o)
    0x0000a8b8   0x00000028   Code   RO         1019    i.NINJA_API_2       libCSpotterSDK_16k_24d_A_SNC7312_arm-cm3_V6.4.5_b20180726.lib(BsrGo.o)
    0x0000a8e0   0x00000024   Code   RO         1022    i.NINJA_API_23      libCSpotterSDK_16k_24d_A_SNC7312_arm-cm3_V6.4.5_b20180726.lib(BsrGo.o)
    0x0000a904   0x00000030   Code   RO         1025    i.NINJA_API_26      libCSpotterSDK_16k_24d_A_SNC7312_arm-cm3_V6.4.5_b20180726.lib(BsrGo.o)
    0x0000a934   0x00000022   Code   RO         1029    i.NINJA_API_3       libCSpotterSDK_16k_24d_A_SNC7312_arm-cm3_V6.4.5_b20180726.lib(BsrGo.o)
    0x0000a956   0x0000000a   Code   RO         1031    i.NINJA_API_31      libCSpotterSDK_16k_24d_A_SNC7312_arm-cm3_V6.4.5_b20180726.lib(BsrGo.o)
    0x0000a960   0x0000006c   Code   RO         1046    i.NINJA_API_47      libCSpotterSDK_16k_24d_A_SNC7312_arm-cm3_V6.4.5_b20180726.lib(BsrGo.o)
    0x0000a9cc   0x00000080   Code   RO         1047    i.NINJA_API_48      libCSpotterSDK_16k_24d_A_SNC7312_arm-cm3_V6.4.5_b20180726.lib(BsrGo.o)
    0x0000aa4c   0x00000036   Code   RO         1052    i.NINJA_API_55      libCSpotterSDK_16k_24d_A_SNC7312_arm-cm3_V6.4.5_b20180726.lib(BsrGo.o)
    0x0000aa82   0x00000026   Code   RO         1053    i.NINJA_API_56      libCSpotterSDK_16k_24d_A_SNC7312_arm-cm3_V6.4.5_b20180726.lib(BsrGo.o)
    0x0000aaa8   0x000003c0   Code   RO         1068    i.NINJA_API_73      libCSpotterSDK_16k_24d_A_SNC7312_arm-cm3_V6.4.5_b20180726.lib(BsrGo.o)
    0x0000ae68   0x000000c4   Code   RO         1070    i.NINJA_API_75      libCSpotterSDK_16k_24d_A_SNC7312_arm-cm3_V6.4.5_b20180726.lib(BsrGo.o)
    0x0000af2c   0x00000028   Code   RO         2165    i.__ARM_fpclassify  m_ws.l(fpclassify.o)
    0x0000af54   0x0000000e   Code   RO         1941    i._is_digit         c_w.l(__printf_wp.o)
    0x0000af62   0x00000002   PAD
    0x0000af64   0x0000002c   Code   RO         2145    locale$$code        c_w.l(lc_numeric_c.o)
    0x0000af90   0x0000002c   Code   RO         2176    locale$$code        c_w.l(lc_ctype_c.o)
    0x0000afbc   0x00000018   Code   RO         2021    x$fpl$dcmpinf       fz_ws.l(dcmpi.o)
    0x0000afd4   0x000002b0   Code   RO         1826    x$fpl$ddiv          fz_ws.l(ddiv.o)
    0x0000b284   0x0000005e   Code   RO         1829    x$fpl$dfix          fz_ws.l(dfix.o)
    0x0000b2e2   0x0000002e   Code   RO         1834    x$fpl$dflt          fz_ws.l(dflt_clz.o)
    0x0000b310   0x00000078   Code   RO         1839    x$fpl$dleqf         fz_ws.l(dleqf.o)
    0x0000b388   0x00000154   Code   RO         1841    x$fpl$dmul          fz_ws.l(dmul.o)
    0x0000b4dc   0x0000009c   Code   RO         2023    x$fpl$dnaninf       fz_ws.l(dnaninf.o)
    0x0000b578   0x0000000c   Code   RO         2025    x$fpl$dretinf       fz_ws.l(dretinf.o)
    0x0000b584   0x00000056   Code   RO         1843    x$fpl$f2d           fz_ws.l(f2d.o)
    0x0000b5da   0x00000002   PAD
    0x0000b5dc   0x00000030   Code   RO         1846    x$fpl$fflt          fz_ws.l(fflt_clz.o)
    0x0000b60c   0x0000008c   Code   RO         2027    x$fpl$fnaninf       fz_ws.l(fnaninf.o)
    0x0000b698   0x00000004   Code   RO         2029    x$fpl$printf1       fz_ws.l(printf1.o)
    0x0000b69c   0x00000004   Code   RO         2031    x$fpl$printf2       fz_ws.l(printf2.o)
    0x0000b6a0   0x00000000   Code   RO         2037    x$fpl$usenofp       fz_ws.l(usenofp.o)
    0x0000b6a0   0x000000fc   Data   RO          371    .constdata          bsp.o
    0x0000b79c   0x00000914   Data   RO         1076    .constdata          libCSpotterSDK_16k_24d_A_SNC7312_arm-cm3_V6.4.5_b20180726.lib(BsrGo.o)
    0x0000c0b0   0x00000018   Data   RO         1234    .constdata          snc7320_idma.lib(idma.o)
    0x0000c0c8   0x00000800   Data   RO         1286    .constdata          libCSpotterSDK_16k_24d_A_SNC7312_arm-cm3_V6.4.5_b20180726.lib(BsrBen.o)
    0x0000c8c8   0x00000064   Data   RO         1588    .constdata          libCSpotterSDK_16k_24d_A_SNC7312_arm-cm3_V6.4.5_b20180726.lib(BsrEli.o)
    0x0000c92c   0x00000009   Data   RO         1646    .constdata          libCSpotterSDK_16k_24d_A_SNC7312_arm-cm3_V6.4.5_b20180726.lib(BsrJoy.o)
    0x0000c935   0x00000001   PAD
    0x0000c936   0x00000284   Data   RO         1671    .constdata          libCSpotterSDK_16k_24d_A_SNC7312_arm-cm3_V6.4.5_b20180726.lib(BsrAna.o)
    0x0000cbba   0x00000404   Data   RO         1678    .constdata          libCSpotterSDK_16k_24d_A_SNC7312_arm-cm3_V6.4.5_b20180726.lib(BsrAnn.o)
    0x0000cfbe   0x00000002   PAD
    0x0000cfc0   0x00000200   Data   RO         1687    .constdata          libCSpotterSDK_16k_24d_A_SNC7312_arm-cm3_V6.4.5_b20180726.lib(BsrGuy.o)
    0x0000d1c0   0x00000008   Data   RO         1900    .constdata          c_w.l(_printf_wctomb.o)
    0x0000d1c8   0x00000028   Data   RO         1929    .constdata          c_w.l(_printf_hex_int_ll_ptr.o)
    0x0000d1f0   0x00000011   Data   RO         1949    .constdata          c_w.l(__printf_flags_ss_wp.o)
    0x0000d201   0x00000026   Data   RO         2077    .constdata          c_w.l(_printf_fp_hex.o)
    0x0000d227   0x00000001   PAD
    0x0000d228   0x00000094   Data   RO         2120    .constdata          c_w.l(bigflt0.o)
    0x0000d2bc   0x00000030   Data   RO         2234    Region$$Table       anon$$obj.o
    0x0000d2ec   0x0000001c   Data   RO         2144    locale$$data        c_w.l(lc_numeric_c.o)
    0x0000d308   0x00000110   Data   RO         2175    locale$$data        c_w.l(lc_ctype_c.o)


    Execution Region RW_SRAM0 (Base: 0x18000000, Size: 0x0001d4b0, Max: 0x0001ec00, ABSOLUTE)

    Base Addr    Size         Type   Attr      Idx    E Section Name        Object

    0x18000000   0x0000011e   Data   RW            5    .data               main.o
    0x1800011e   0x00000002   PAD
    0x18000120   0x000000b4   Data   RW          200    .data               snx_audio_agc.o
    0x180001d4   0x0000000c   Data   RW          242    .data               key.o
    0x180001e0   0x00000008   Data   RW          270    .data               led.o
    0x180001e8   0x0000000a   Data   RW          310    .data               motor.o
    0x180001f2   0x00000002   PAD
    0x180001f4   0x00000016   Data   RW          338    .data               fun_main.o
    0x1800020a   0x00000002   PAD
    0x1800020c   0x00000034   Data   RW          494    .data               i2c_software_master.o
    0x18000240   0x00000002   Data   RW          521    .data               aud_driver.o
    0x18000242   0x00000002   PAD
    0x18000244   0x00000004   Data   RW          565    .data               i2s4.o
    0x18000248   0x00000008   Data   RW          596    .data               uart.o
    0x18000250   0x00000004   Data   RW          811    .data               snc7320_i2c.lib(i2c.o)
    0x18000254   0x0000000c   Data   RW          886    .data               snc7320_util.lib(log_util.o)
    0x18000260   0x00000004   Data   RW         1235    .data               snc7320_idma.lib(idma.o)
    0x18000264   0x000130b4   Zero   RW            4    .bss                main.o
    0x18013318   0x00000020   Zero   RW          309    .bss                motor.o
    0x18013338   0x0000002c   Zero   RW          337    .bss                fun_main.o
    0x18013364   0x00000022   Zero   RW          519    .bss                aud_driver.o
    0x18013386   0x00000002   PAD
    0x18013388   0x00000030   Zero   RW          594    .bss                uart.o
    0x180133b8   0x00000014   Zero   RW          773    .bss                snc7320_gpio.lib(gpio.o)
    0x180133cc   0x00000080   Zero   RW          885    .bss                snc7320_util.lib(log_util.o)
    0x1801344c   0x00000060   Zero   RW         2041    .bss                c_w.l(libspace.o)
    0x180134ac   0x00000004   PAD
    0x180134b0   0x00009000   Zero   RW          404    HEAP                startup.o
    0x1801c4b0   0x00001000   Zero   RW          403    STACK               startup.o



  Load Region LR_FLASH (Base: 0x60025000, Size: 0x000066a4, Max: 0xffffffff, ABSOLUTE)

    Execution Region ER_SRAM2 (Base: 0x1801ec00, Size: 0x000066a4, Max: 0x00009400, ABSOLUTE)

    Base Addr    Size         Type   Attr      Idx    E Section Name        Object

    0x1801ec00   0x00000938   Code   RO          199    .text               snx_audio_agc.o
    0x1801f538   0x00000168   Code   RO          241    .text               key.o
    0x1801f6a0   0x00000454   Code   RO          269    .text               led.o
    0x1801faf4   0x00000298   Code   RO          308    .text               motor.o
    0x1801fd8c   0x000005ac   Code   RO          336    .text               fun_main.o
    0x18020338   0x00000140   Code   RO          421    .text               audio.o
    0x18020478   0x000009ac   Code   RO          493    .text               i2c_software_master.o
    0x18020e24   0x000034f4   Code   RO          518    .text               aud_driver.o
    0x18024318   0x00000628   Code   RO          564    .text               i2s4.o
    0x18024940   0x00000634   Code   RO          593    .text               uart.o
    0x18024f74   0x0000000a   Ven    RO         2258    Veneer$$Code        anon$$obj.o
    0x18024f7e   0x0000000a   Ven    RO         2259    Veneer$$Code        anon$$obj.o
    0x18024f88   0x0000000a   Ven    RO         2260    Veneer$$Code        anon$$obj.o
    0x18024f92   0x0000000a   Ven    RO         2261    Veneer$$Code        anon$$obj.o
    0x18024f9c   0x0000000a   Ven    RO         2262    Veneer$$Code        anon$$obj.o
    0x18024fa6   0x0000000a   Ven    RO         2263    Veneer$$Code        anon$$obj.o
    0x18024fb0   0x0000000a   Ven    RO         2264    Veneer$$Code        anon$$obj.o
    0x18024fba   0x0000000a   Ven    RO         2265    Veneer$$Code        anon$$obj.o
    0x18024fc4   0x0000000a   Ven    RO         2266    Veneer$$Code        anon$$obj.o
    0x18024fce   0x0000000a   Ven    RO         2267    Veneer$$Code        anon$$obj.o
    0x18024fd8   0x0000000a   Ven    RO         2268    Veneer$$Code        anon$$obj.o
    0x18024fe2   0x0000000a   Ven    RO         2269    Veneer$$Code        anon$$obj.o
    0x18024fec   0x0000000a   Ven    RO         2270    Veneer$$Code        anon$$obj.o
    0x18024ff6   0x0000000a   Ven    RO         2271    Veneer$$Code        anon$$obj.o
    0x18025000   0x0000000a   Ven    RO         2272    Veneer$$Code        anon$$obj.o
    0x1802500a   0x0000000a   Ven    RO         2273    Veneer$$Code        anon$$obj.o
    0x18025014   0x0000000a   Ven    RO         2274    Veneer$$Code        anon$$obj.o
    0x1802501e   0x0000000a   Ven    RO         2275    Veneer$$Code        anon$$obj.o
    0x18025028   0x0000000a   Ven    RO         2276    Veneer$$Code        anon$$obj.o
    0x18025032   0x0000000a   Ven    RO         2277    Veneer$$Code        anon$$obj.o
    0x1802503c   0x0000000a   Ven    RO         2278    Veneer$$Code        anon$$obj.o
    0x18025046   0x0000000a   Ven    RO         2279    Veneer$$Code        anon$$obj.o
    0x18025050   0x0000000a   Ven    RO         2280    Veneer$$Code        anon$$obj.o
    0x1802505a   0x0000000a   Ven    RO         2281    Veneer$$Code        anon$$obj.o
    0x18025064   0x0000000a   Ven    RO         2282    Veneer$$Code        anon$$obj.o
    0x1802506e   0x00000002   PAD
    0x18025070   0x000001a4   Data   RO          595    .constdata          uart.o
    0x18025214   0x0000008f   Data   RO          520    .conststring        aud_driver.o



  Load Region LR$$.ARM.__AT_0x60000000 (Base: 0x60000000, Size: 0x00000048, Max: 0x00000048, ABSOLUTE)

    Execution Region ER$$.ARM.__AT_0x60000000 (Base: 0x60000000, Size: 0x00000048, Max: 0x00000048, ABSOLUTE, UNINIT)

    Base Addr    Size         Type   Attr      Idx    E Section Name        Object

    0x60000000   0x00000048   Data   RO          410    .ARM.__AT_0x60000000  sonix_load_table.o



  Load Region LR$$.ARM.__at_0x60030000 (Base: 0x60030000, Size: 0x00009a94, Max: 0x00009a94, ABSOLUTE)

    Execution Region ER$$.ARM.__at_0x60030000 (Base: 0x60030000, Size: 0x00009a94, Max: 0x00009a94, ABSOLUTE, UNINIT)

    Base Addr    Size         Type   Attr      Idx    E Section Name        Object

    0x60030000   0x00009a94   Data   RO          214    .ARM.__at_0x60030000  rd_wr_flash.o



  Load Region LR$$.ARM.__AT_0x60070000 (Base: 0x60070000, Size: 0x0000dca8, Max: 0x0000dca8, ABSOLUTE)

    Execution Region ER$$.ARM.__AT_0x60070000 (Base: 0x60070000, Size: 0x0000dca8, Max: 0x0000dca8, ABSOLUTE, UNINIT)

    Base Addr    Size         Type   Attr      Idx    E Section Name        Object

    0x60070000   0x0000dca8   Data   RO          370    .ARM.__AT_0x60070000  bsp.o


==============================================================================

Image component sizes


      Code (inc. data)   RO Data    RW Data    ZI Data      Debug   Object Name

     13556       1302        143          2         34      29911   aud_driver.o
       320          4          0          0          0       7153   audio.o
       596         52      56740          0          0      30675   bsp.o
      1452        122          0         22         44       5453   fun_main.o
      2476         58          0         52          0      11446   i2c_software_master.o
      1576         22          0          4          0      31758   i2s4.o
       360         34          0         12          0       1452   key.o
      1108         26          0          8          0       7883   led.o
      2568        274          0        286      78004      76576   main.o
       664         34          0         10         32       4225   motor.o
         0          0      39572          0          0          0   rd_wr_flash.o
      2360        366          0        180          0       6162   snx_audio_agc.o
         0          0         72          0          0        943   sonix_load_table.o
        80         26        292          0      40960        900   startup.o
      1588         64        420          8         48      38466   uart.o

    ----------------------------------------------------------------------
     29116       2384      97288        592     119124     253003   Object Totals
       410          0         48          0          0          0   (incl. Generated)
         2          0          1          8          2          0   (incl. Padding)

    ----------------------------------------------------------------------

      Code (inc. data)   RO Data    RW Data    ZI Data      Debug   Library Member Name

         8          0          0          0          0         68   __main.o
       392          4         17          0          0         92   __printf_flags_ss_wp.o
        14          0          0          0          0         68   __printf_wp.o
         0          0          0          0          0          0   __rtentry.o
        12          0          0          0          0          0   __rtentry2.o
         6          0          0          0          0          0   __rtentry4.o
        52          8          0          0          0          0   __scatter.o
        26          0          0          0          0          0   __scatter_copy.o
        28          0          0          0          0          0   __scatter_zi.o
         6          0          0          0          0          0   _printf_a.o
         6          0          0          0          0          0   _printf_c.o
        44          0          0          0          0        108   _printf_char.o
        48          6          0          0          0         96   _printf_char_common.o
        40          0          0          0          0         68   _printf_charcount.o
         6          0          0          0          0          0   _printf_d.o
       120         16          0          0          0         92   _printf_dec.o
         6          0          0          0          0          0   _printf_e.o
         6          0          0          0          0          0   _printf_f.o
      1050          0          0          0          0        216   _printf_fp_dec.o
       764          8         38          0          0        100   _printf_fp_hex.o
       128         16          0          0          0         84   _printf_fp_infnan.o
         6          0          0          0          0          0   _printf_g.o
       148          4         40          0          0        160   _printf_hex_int_ll_ptr.o
         6          0          0          0          0          0   _printf_i.o
       178          0          0          0          0         88   _printf_intcommon.o
        10          0          0          0          0          0   _printf_l.o
         6          0          0          0          0          0   _printf_lc.o
        10          0          0          0          0          0   _printf_ll.o
         6          0          0          0          0          0   _printf_lld.o
         6          0          0          0          0          0   _printf_lli.o
         6          0          0          0          0          0   _printf_llo.o
         6          0          0          0          0          0   _printf_llu.o
         6          0          0          0          0          0   _printf_llx.o
       124         16          0          0          0         92   _printf_longlong_dec.o
         6          0          0          0          0          0   _printf_ls.o
         6          0          0          0          0          0   _printf_n.o
         6          0          0          0          0          0   _printf_o.o
       112          8          0          0          0        124   _printf_oct_int_ll.o
         6          0          0          0          0          0   _printf_p.o
        78          0          0          0          0        108   _printf_pad.o
         0          0          0          0          0          0   _printf_percent.o
         4          0          0          0          0          0   _printf_percent_end.o
         6          0          0          0          0          0   _printf_s.o
        82          0          0          0          0         80   _printf_str.o
        36          0          0          0          0         84   _printf_truncate.o
         6          0          0          0          0          0   _printf_u.o
        44          0          0          0          0        108   _printf_wchar.o
       188          6          8          0          0         92   _printf_wctomb.o
         6          0          0          0          0          0   _printf_x.o
        16          0          0          0          0         68   _snputc.o
        10          0          0          0          0         68   _sputc.o
        64          0          0          0          0         92   _wcrtomb.o
       220          4        148          0          0         96   bigflt0.o
      1910        128          0          0          0        672   btod.o
        10          0          0          0          0         68   defsig_exit.o
        50          0          0          0          0         88   defsig_general.o
        80         58          0          0          0         76   defsig_rtmem_inner.o
        14          0          0          0          0         80   defsig_rtmem_outer.o
        18          0          0          0          0         80   exit.o
        94          0          0          0          0         80   h1_alloc.o
        52          0          0          0          0         68   h1_extend.o
        78          0          0          0          0         80   h1_free.o
        14          0          0          0          0         84   h1_init.o
         6          0          0          0          0        152   heapauxi.o
         4          0          0          0          0        136   hguard.o
         0          0          0          0          0          0   indicate_semi.o
       138          0          0          0          0        168   init_alloc.o
        44         10        272          0          0         76   lc_ctype_c.o
        44         10         28          0          0         76   lc_numeric_c.o
         2          0          0          0          0          0   libinit.o
        38          0          0          0          0          0   libinit2.o
         2          0          0          0          0          0   libshutdown.o
         2          0          0          0          0          0   libshutdown2.o
         8          4          0          0         96         68   libspace.o
       138          0          0          0          0         80   lludiv10.o
         0          0          0          0          0          0   maybetermalloc1.o
        16          4          0          0          0         76   rt_ctype_table.o
         8          4          0          0          0         68   rt_heap_descriptor_intlibspace.o
         8          4          0          0          0         68   rt_locale_intlibspace.o
        68          0          0          0          0         68   rt_memclr.o
        78          0          0          0          0         80   rt_memclr_w.o
       100          0          0          0          0         80   rt_memcpy_w.o
         2          0          0          0          0          0   rtexit.o
        10          0          0          0          0          0   rtexit2.o
       128          0          0          0          0         68   strcmpv7m.o
        12          4          0          0          0         68   sys_exit.o
        74          0          0          0          0         80   sys_stackheap_outer.o
        14          0          0          0          0         76   sys_wrch.o
         2          0          0          0          0         68   use_no_semi.o
        52          4          0          0          0         80   vsnprintf.o
        24          0          0          0          0         68   dcmpi.o
       688        140          0          0          0        208   ddiv.o
        94          4          0          0          0         92   dfix.o
        46          0          0          0          0         68   dflt_clz.o
       120          4          0          0          0         92   dleqf.o
       340         12          0          0          0        104   dmul.o
       156          4          0          0          0         92   dnaninf.o
        12          0          0          0          0         68   dretinf.o
        86          4          0          0          0         84   f2d.o
        48          0          0          0          0         68   fflt_clz.o
       140          4          0          0          0         84   fnaninf.o
         4          0          0          0          0         68   printf1.o
         4          0          0          0          0         68   printf2.o
         0          0          0          0          0          0   usenofp.o
       282          0          0          0          0        248   BsrAli.o
       180          6        644          0          0         96   BsrAna.o
       428          6       1028          0          0        104   BsrAnn.o
        56          4       2048          0          0         68   BsrBen.o
       710          0          0          0          0        652   BsrDon.o
      1024          6        100          0          0        528   BsrEli.o
      1310         24          0          0          0        348   BsrEva.o
      2818         16       2324          0          0       1372   BsrGo.o
       406          4        512          0          0        352   BsrGuy.o
      5016         56          0          0          0       1388   BsrJay.o
      3324         18          0          0          0       1272   BsrJim.o
       406          0          0          0          0        320   BsrJoe.o
      2308         12          9          0          0        916   BsrJoy.o
      2538          4          0          0          0       1172   BsrKai.o
      1060         70          0          0          0        764   CSpotterSDKApi.o
        40          0          0          0          0         68   fpclassify.o
       800          0          0          0          0       8968   codec.o
      2008         72          0          0         20      43904   gpio.o
      2432         26          0          4          0      44043   i2c.o
      1828         68          0          0          0      42867   i2s.o
      1336         74         24          4          0      13140   idma.o
       224          6          0          0          0       5319   sar_adc.o
      1380         14          0          0          0      12173   spifc.o
      1424         48          0          0          0      39544   timer_pwm.o
       424         28          0         12        128      35241   log_util.o

    ----------------------------------------------------------------------
     43056       1060       7244         20        248     261295   Library Totals
        38          0          4          0          4          0   (incl. Padding)

    ----------------------------------------------------------------------

      Code (inc. data)   RO Data    RW Data    ZI Data      Debug   Library Name

      7494        326        551          0         96       5264   c_w.l
      1762        172          0          0          0       1164   fz_ws.l
     21866        226       6665          0          0       9600   libCSpotterSDK_16k_24d_A_SNC7312_arm-cm3_V6.4.5_b20180726.lib
        40          0          0          0          0         68   m_ws.l
       800          0          0          0          0       8968   snc7320_codec.lib
      2008         72          0          0         20      43904   snc7320_gpio.lib
      2432         26          0          4          0      44043   snc7320_i2c.lib
      1828         68          0          0          0      42867   snc7320_i2s.lib
      1336         74         24          4          0      13140   snc7320_idma.lib
       224          6          0          0          0       5319   snc7320_saradc.lib
      1380         14          0          0          0      12173   snc7320_spifc.lib
      1424         48          0          0          0      39544   snc7320_timer_pwm.lib
       424         28          0         12        128      35241   snc7320_util.lib

    ----------------------------------------------------------------------
     43056       1060       7244         20        248     261295   Library Totals

    ----------------------------------------------------------------------

==============================================================================


      Code (inc. data)   RO Data    RW Data    ZI Data      Debug   

     72172       3444     104532        612     119372     502490   Grand Totals
     72172       3444     104532        612     119372     502490   ELF Image Totals
     72172       3444     104532        612          0          0   ROM Totals

==============================================================================

    Total RO  Size (Code + RO Data)               176704 ( 172.56kB)
    Total RW  Size (RW Data + ZI Data)            119984 ( 117.17kB)
    Total ROM Size (Code + RO Data + RW Data)     177316 ( 173.16kB)

==============================================================================

