<html>
<body>
<pre>
<h1>µVision Build Log</h1>
<h2>Tool Versions:</h2>
IDE-Version: ¦ÌVision V5.21.1.0
Copyright (C) 2016 ARM Ltd and ARM Germany GmbH. All rights reserved.
License Information: ssq jianwei, ssq, LIC=QF8PC-7DK6V-FIG52-92DK0-CYLSH-EAV80
 
Tool Versions:
Toolchain:       MDK-ARM Plus  Version: 5.21a
Toolchain Path:  D:\keil\ARM\ARMCC\Bin
C Compiler:      Armcc.exe V5.06 update 3 (build 300)
Assembler:       Armasm.exe V5.06 update 3 (build 300)
Linker/Locator:  ArmLink.exe V5.06 update 3 (build 300)
Library Manager: ArmAr.exe V5.06 update 3 (build 300)
Hex Converter:   FromElf.exe V5.06 update 3 (build 300)
CPU DLL:         SARMCM3.DLL V5.21a
Dialog DLL:      DCM.DLL V1.13.8.0
Target DLL:      Segger\JL2CM3.dll V2.99.23.0
Dialog DLL:      TCM.DLL V1.14.14.0
 
<h2>Project:</h2>
F:\workplace\fun_vr\code\fun_VR_modify\build\keil\sample\audio32_demo\core_0\audio32_demo.uvproj
Project File Date:  03/24/2019

<h2>Output:</h2>
*** Using Compiler 'V5.06 update 3 (build 300)', folder: 'D:\keil\ARM\ARMCC\Bin'
Build target 'audio32_demo'
compiling fun_main.c...
..\..\..\..\..\project\sample\audio32_demo\core_0\fun_main.c(417): warning:  #1215-D: #warning directive: "change stage to A or B"
  				#warning "change stage to A or B"
..\..\..\..\..\project\sample\audio32_demo\core_0\fun_main.c: 1 warning, 0 errors
linking...
Program Size: Code=72172 RO-data=104532 RW-data=612 ZI-data=119372  
After Build - User command #1: fromelf --bin ".\obj\core_0.axf" --output ".\obj\core_0.bin"
".\obj\core_0.axf" - 0 Error(s), 1 Warning(s).
Build Time Elapsed:  00:00:00
</pre>
</body>
</html>
