Component: ARM Compiler 5.06 update 3 (build 300) Tool: armlink [4d35c9]

==============================================================================

Section Cross References

    main.o(.text) refers to calloc.o(.text) for calloc
    main.o(.text) refers to codec.o(.text) for ADC_Enable
    main.o(.text) refers to rt_memclr.o(.text) for __aeabi_memclr
    main.o(.text) refers to h1_free.o(.text) for free
    main.o(.text) refers to i2c_software_master.o(.text) for I2C_SoftWare_Master_Init
    main.o(.text) refers to i2s4.o(.text) for I2S4_Init
    main.o(.text) refers to main.o(.bss) for codec_buffer
    main.o(.text) refers to audio_file.o(.ARM.__at_0x60011000) for A32_32K_1_END
    startup.o(STACK) refers (Special) to heapauxi.o(.text) for __use_two_region_memory
    startup.o(HEAP) refers (Special) to heapauxi.o(.text) for __use_two_region_memory
    startup.o(RESET) refers (Special) to heapauxi.o(.text) for __use_two_region_memory
    startup.o(RESET) refers to startup.o(STACK) for __initial_sp
    startup.o(RESET) refers to startup.o(.text) for Reset_Handler
    startup.o(RESET) refers to bsp.o(.text) for HardFault_Handler
    startup.o(.text) refers (Special) to heapauxi.o(.text) for __use_two_region_memory
    startup.o(.text) refers to bsp.o(.text) for System_Init
    startup.o(.text) refers to __main.o(!!!main) for __main
    startup.o(.text) refers to startup.o(HEAP) for Heap_Mem
    startup.o(.text) refers to startup.o(STACK) for Stack_Mem
    bsp.o(.text) refers to bsp.o(.constdata) for init_clk_table
    bsp.o(.text) refers to rt_memcpy_w.o(.text) for __aeabi_memcpy4
    bsp.o(.constdata) refers to bsp.o(.text) for _init_clock_setting
    codec.o(.text) refers to i2s.o(.text) for I2S_Set_MONO_STEREO
    codec.o(.text) refers to i2c_software_master.o(.text) for I2C_ch_sel
    codec.o(.text) refers to aud_driver.o(.text) for AUD_MasterMode_Init
    i2c_software_master.o(.text) refers to i2c_software_master.o(.data) for sn_i2c_sw_ch
    gpio.o(.text) refers to gpio.o(.bss) for g_gpio_base_offset
    i2s4.o(.text) refers to i2s4.o(.data) for temp_reg
    aud_driver.o(.text) refers to i2c_software_master.o(.text) for I2C_SoftWare_Master_Write
    aud_driver.o(.text) refers to rt_memclr.o(.text) for __aeabi_memclr
    aud_driver.o(.text) refers to aud_driver.o(.bss) for AUD_Reg
    free.o(.text) refers (Special) to hguard.o(.text) for __heap$guard
    free.o(.text) refers to rt_heap_descriptor_intlibspace.o(.text) for __rt_heap_descriptor
    free.o(.text) refers to heapstubs.o(.text) for __Heap_Free
    calloc.o(.text) refers to h1_alloc.o(.text) for malloc
    calloc.o(.text) refers to rt_memclr.o(.text) for __aeabi_memclr
    h1_free.o(.text) refers to rt_heap_descriptor_intlibspace.o(.text) for __rt_heap_descriptor
    h1_free_mt.o(.text) refers to rt_heap_descriptor_intlibspace.o(.text) for __rt_heap_descriptor
    heap2.o(i._FDIterate) refers to heap2.o(.conststring) for .conststring
    heap2.o(i.___Heap_ProvideMemory$realtime) refers to fdtree.o(i._FDTree_Delete) for _FDTree_Delete
    heap2.o(i.___Heap_ProvideMemory$realtime) refers to fdtree.o(i._FDTree_Insert) for _FDTree_Insert
    heap2.o(i.___Heap_Stats$realtime) refers to heap2.o(i._Heap2_StatsIterate) for _Heap2_StatsIterate
    heap2.o(i.___Heap_Valid$realtime) refers to heap2.o(i._FDIterate) for _FDIterate
    heap2.o(i.___Heap_Valid$realtime) refers to heap2.o(.conststring) for .conststring
    heap2.o(i._free$realtime) refers to rt_heap_descriptor_intlibspace.o(.text) for __rt_heap_descriptor
    heap2.o(i._free$realtime) refers to fdtree.o(i._FDTree_Delete) for _FDTree_Delete
    heap2.o(i._free$realtime) refers to fdtree.o(i._FDTree_Insert) for _FDTree_Insert
    heap2.o(i._malloc$realtime) refers to rt_heap_descriptor_intlibspace.o(.text) for __rt_heap_descriptor
    heap2.o(i._malloc$realtime) refers to fdtree.o(i._FDTree_FindFirst) for _FDTree_FindFirst
    heap2.o(i._malloc$realtime) refers to init_alloc.o(.text) for __Heap_Full
    heap2.o(i._malloc$realtime) refers to fdtree.o(i._FDTree_RemoveNode) for _FDTree_RemoveNode
    heap2.o(i._malloc$realtime) refers to fdtree.o(i._FDTree_Insert) for _FDTree_Insert
    heap2.o(i._posix_memalign$realtime) refers to rt_heap_descriptor_intlibspace.o(.text) for __rt_heap_descriptor
    heap2.o(i._posix_memalign$realtime) refers to fdtree.o(i._FDTree_FindFirst) for _FDTree_FindFirst
    heap2.o(i._posix_memalign$realtime) refers to init_alloc.o(.text) for __Heap_Full
    heap2.o(i._posix_memalign$realtime) refers to fdtree.o(i._FDTree_RemoveNode) for _FDTree_RemoveNode
    heap2.o(i._posix_memalign$realtime) refers to fdtree.o(i._FDTree_Insert) for _FDTree_Insert
    heap2.o(i._realloc$realtime) refers to rt_heap_descriptor_intlibspace.o(.text) for __rt_heap_descriptor
    heap2.o(i._realloc$realtime) refers to fdtree.o(i._FDTree_Insert) for _FDTree_Insert
    heap2.o(i._realloc$realtime) refers to h1_free.o(.text) for free
    heap2.o(i._realloc$realtime) refers to h1_alloc.o(.text) for malloc
    heap2.o(i._realloc$realtime) refers to fdtree.o(i._FDTree_Delete) for _FDTree_Delete
    heap2.o(i._realloc$realtime) refers to rt_memcpy_w.o(.text) for __aeabi_memcpy4
    heap2mt.o(i._FDIterate) refers to heap2mt.o(.conststring) for .conststring
    heap2mt.o(i.___Heap_Initialize$realtime$concurrent) refers to mutex_dummy.o(.text) for _mutex_initialize
    heap2mt.o(i.___Heap_ProvideMemory$realtime$concurrent) refers to fdtree.o(i._FDTree_Delete) for _FDTree_Delete
    heap2mt.o(i.___Heap_ProvideMemory$realtime$concurrent) refers to fdtree.o(i._FDTree_Insert) for _FDTree_Insert
    heap2mt.o(i.___Heap_Stats$realtime$concurrent) refers to heap2mt.o(i._Heap2_StatsIterate) for _Heap2_StatsIterate
    heap2mt.o(i.___Heap_Valid$realtime$concurrent) refers to heap2mt.o(i._FDIterate) for _FDIterate
    heap2mt.o(i.___Heap_Valid$realtime$concurrent) refers to heap2mt.o(.conststring) for .conststring
    heap2mt.o(i._free$realtime$concurrent) refers to rt_heap_descriptor_intlibspace.o(.text) for __rt_heap_descriptor
    heap2mt.o(i._free$realtime$concurrent) refers to fdtree.o(i._FDTree_Delete) for _FDTree_Delete
    heap2mt.o(i._free$realtime$concurrent) refers to fdtree.o(i._FDTree_Insert) for _FDTree_Insert
    heap2mt.o(i._malloc$realtime$concurrent) refers to rt_heap_descriptor_intlibspace.o(.text) for __rt_heap_descriptor
    heap2mt.o(i._malloc$realtime$concurrent) refers to fdtree.o(i._FDTree_FindFirst) for _FDTree_FindFirst
    heap2mt.o(i._malloc$realtime$concurrent) refers to init_alloc.o(.text) for __Heap_Full
    heap2mt.o(i._malloc$realtime$concurrent) refers to fdtree.o(i._FDTree_RemoveNode) for _FDTree_RemoveNode
    heap2mt.o(i._malloc$realtime$concurrent) refers to fdtree.o(i._FDTree_Insert) for _FDTree_Insert
    heap2mt.o(i._posix_memalign$realtime$concurrent) refers to rt_heap_descriptor_intlibspace.o(.text) for __rt_heap_descriptor
    heap2mt.o(i._posix_memalign$realtime$concurrent) refers to fdtree.o(i._FDTree_FindFirst) for _FDTree_FindFirst
    heap2mt.o(i._posix_memalign$realtime$concurrent) refers to init_alloc.o(.text) for __Heap_Full
    heap2mt.o(i._posix_memalign$realtime$concurrent) refers to fdtree.o(i._FDTree_RemoveNode) for _FDTree_RemoveNode
    heap2mt.o(i._posix_memalign$realtime$concurrent) refers to fdtree.o(i._FDTree_Insert) for _FDTree_Insert
    heap2mt.o(i._realloc$realtime$concurrent) refers to rt_heap_descriptor_intlibspace.o(.text) for __rt_heap_descriptor
    heap2mt.o(i._realloc$realtime$concurrent) refers to fdtree.o(i._FDTree_Insert) for _FDTree_Insert
    heap2mt.o(i._realloc$realtime$concurrent) refers to h1_free.o(.text) for free
    heap2mt.o(i._realloc$realtime$concurrent) refers to h1_alloc.o(.text) for malloc
    heap2mt.o(i._realloc$realtime$concurrent) refers to fdtree.o(i._FDTree_Delete) for _FDTree_Delete
    heap2mt.o(i._realloc$realtime$concurrent) refers to rt_memcpy_w.o(.text) for __aeabi_memcpy4
    rt_memclr.o(.text) refers to rt_memclr_w.o(.text) for _memset_w
    __main.o(!!!main) refers to __rtentry.o(.ARM.Collect$$rtentry$$00000000) for __rt_entry
    __rtentry.o(.ARM.Collect$$rtentry$$00000000) refers (Special) to __rtentry2.o(.ARM.Collect$$rtentry$$0000000A) for __rt_entry_li
    __rtentry.o(.ARM.Collect$$rtentry$$00000000) refers (Special) to __rtentry2.o(.ARM.Collect$$rtentry$$0000000D) for __rt_entry_main
    __rtentry.o(.ARM.Collect$$rtentry$$00000000) refers (Special) to __rtentry2.o(.ARM.Collect$$rtentry$$0000000C) for __rt_entry_postli_1
    __rtentry.o(.ARM.Collect$$rtentry$$00000000) refers (Special) to __rtentry2.o(.ARM.Collect$$rtentry$$00000009) for __rt_entry_postsh_1
    __rtentry.o(.ARM.Collect$$rtentry$$00000000) refers (Special) to __rtentry2.o(.ARM.Collect$$rtentry$$00000002) for __rt_entry_presh_1
    __rtentry.o(.ARM.Collect$$rtentry$$00000000) refers (Special) to __rtentry4.o(.ARM.Collect$$rtentry$$00000004) for __rt_entry_sh
    rt_heap_descriptor.o(.text) refers to rt_heap_descriptor.o(.bss) for __rt_heap_descriptor_data
    rt_heap_descriptor_intlibspace.o(.text) refers to libspace.o(.bss) for __libspace_start
    init_alloc.o(.text) refers (Special) to hguard.o(.text) for __heap$guard
    init_alloc.o(.text) refers (Special) to libinit2.o(.ARM.Collect$$libinit$$00000005) for __rt_lib_init_heap_2
    init_alloc.o(.text) refers (Special) to maybetermalloc1.o(.emb_text) for _maybe_terminate_alloc
    init_alloc.o(.text) refers to h1_extend.o(.text) for __Heap_ProvideMemory
    init_alloc.o(.text) refers to defsig_rtmem_outer.o(.text) for __rt_SIGRTMEM
    init_alloc.o(.text) refers to rt_heap_descriptor_intlibspace.o(.text) for __rt_heap_descriptor
    init_alloc.o(.text) refers to h1_init.o(.text) for __Heap_Initialize
    malloc.o(.text) refers (Special) to hguard.o(.text) for __heap$guard
    malloc.o(.text) refers (Special) to init_alloc.o(.text) for _init_alloc
    malloc.o(.text) refers to rt_heap_descriptor_intlibspace.o(.text) for __rt_heap_descriptor
    malloc.o(.text) refers to heapstubs.o(.text) for __Heap_Alloc
    h1_alloc.o(.text) refers (Special) to h1_init.o(.text) for __Heap_Initialize
    h1_alloc.o(.text) refers to rt_heap_descriptor_intlibspace.o(.text) for __rt_heap_descriptor
    h1_alloc.o(.text) refers to init_alloc.o(.text) for __Heap_Full
    h1_alloc_mt.o(.text) refers (Special) to h1_init.o(.text) for __Heap_Initialize
    h1_alloc_mt.o(.text) refers to init_alloc.o(.text) for __Heap_Full
    h1_alloc_mt.o(.text) refers to rt_heap_descriptor_intlibspace.o(.text) for __rt_heap_descriptor
    libspace.o(.text) refers to libspace.o(.bss) for __libspace_start
    __rtentry2.o(.ARM.Collect$$rtentry$$00000008) refers to boardinit2.o(.text) for _platform_post_stackheap_init
    __rtentry2.o(.ARM.Collect$$rtentry$$0000000A) refers to libinit.o(.ARM.Collect$$libinit$$00000000) for __rt_lib_init
    __rtentry2.o(.ARM.Collect$$rtentry$$0000000B) refers to boardinit3.o(.text) for _platform_post_lib_init
    __rtentry2.o(.ARM.Collect$$rtentry$$0000000D) refers to main.o(.text) for main
    __rtentry2.o(.ARM.Collect$$rtentry$$0000000D) refers to exit.o(.text) for exit
    __rtentry2.o(.ARM.exidx) refers to __rtentry2.o(.ARM.Collect$$rtentry$$00000001) for .ARM.Collect$$rtentry$$00000001
    __rtentry2.o(.ARM.exidx) refers to __rtentry2.o(.ARM.Collect$$rtentry$$00000008) for .ARM.Collect$$rtentry$$00000008
    __rtentry2.o(.ARM.exidx) refers to __rtentry2.o(.ARM.Collect$$rtentry$$0000000A) for .ARM.Collect$$rtentry$$0000000A
    __rtentry2.o(.ARM.exidx) refers to __rtentry2.o(.ARM.Collect$$rtentry$$0000000B) for .ARM.Collect$$rtentry$$0000000B
    __rtentry2.o(.ARM.exidx) refers to __rtentry2.o(.ARM.Collect$$rtentry$$0000000D) for .ARM.Collect$$rtentry$$0000000D
    __rtentry4.o(.ARM.Collect$$rtentry$$00000004) refers to sys_stackheap_outer.o(.text) for __user_setup_stackheap
    __rtentry4.o(.ARM.exidx) refers to __rtentry4.o(.ARM.Collect$$rtentry$$00000004) for .ARM.Collect$$rtentry$$00000004
    maybetermalloc2.o(.emb_text) refers (Special) to term_alloc.o(.text) for _terminate_alloc
    h1_extend.o(.text) refers to h1_free.o(.text) for free
    h1_init_mt.o(.text) refers to mutex_dummy.o(.text) for _mutex_initialize
    h1_extend_mt.o(.text) refers to h1_free_mt.o(.text) for _free_internal
    defsig_rtmem_outer.o(.text) refers to defsig_rtmem_inner.o(.text) for __rt_SIGRTMEM_inner
    defsig_rtmem_outer.o(.text) refers to defsig_exit.o(.text) for __sig_exit
    defsig_rtmem_formal.o(.text) refers to rt_raise.o(.text) for __rt_raise
    heapauxa.o(.text) refers to heapauxa.o(.data) for .data
    _get_argv.o(.text) refers (Special) to hrguard.o(.text) for __heap_region$guard
    _get_argv.o(.text) refers to h1_alloc.o(.text) for malloc
    _get_argv.o(.text) refers to defsig_rtmem_outer.o(.text) for __rt_SIGRTMEM
    _get_argv.o(.text) refers to sys_command.o(.text) for _sys_command_string
    libinit2.o(.ARM.Collect$$libinit$$00000005) refers (Weak) to init_alloc.o(.text) for _init_alloc
    libinit2.o(.ARM.Collect$$libinit$$00000010) refers to libinit2.o(.ARM.Collect$$libinit$$0000000F) for .ARM.Collect$$libinit$$0000000F
    libinit2.o(.ARM.Collect$$libinit$$00000012) refers to libinit2.o(.ARM.Collect$$libinit$$0000000F) for .ARM.Collect$$libinit$$0000000F
    libinit2.o(.ARM.Collect$$libinit$$00000014) refers to libinit2.o(.ARM.Collect$$libinit$$0000000F) for .ARM.Collect$$libinit$$0000000F
    libinit2.o(.ARM.Collect$$libinit$$00000016) refers to libinit2.o(.ARM.Collect$$libinit$$0000000F) for .ARM.Collect$$libinit$$0000000F
    libinit2.o(.ARM.Collect$$libinit$$00000018) refers to libinit2.o(.ARM.Collect$$libinit$$0000000F) for .ARM.Collect$$libinit$$0000000F
    libinit2.o(.ARM.Collect$$libinit$$00000026) refers to argv_veneer.o(.emb_text) for __ARM_argv_veneer
    libinit2.o(.ARM.Collect$$libinit$$00000027) refers to argv_veneer.o(.emb_text) for __ARM_argv_veneer
    sys_command.o(.text) refers (Special) to use_no_semi.o(.text) for __I$use$semihosting
    sys_command.o(.text) refers (Special) to indicate_semi.o(.text) for __semihosting_library_function
    sys_stackheap_outer.o(.text) refers to libspace.o(.text) for __user_perproc_libspace
    sys_stackheap_outer.o(.text) refers to startup.o(.text) for __user_initial_stackheap
    rt_raise.o(.text) refers to __raise.o(.text) for __raise
    rt_raise.o(.text) refers to sys_exit.o(.text) for _sys_exit
    term_alloc.o(.text) refers (Special) to libshutdown2.o(.ARM.Collect$$libshutdown$$0000000E) for __rt_lib_shutdown_heap_2
    term_alloc.o(.text) refers to rt_heap_descriptor_intlibspace.o(.text) for __rt_heap_descriptor
    term_alloc.o(.text) refers to h1_final.o(.text) for __Heap_Finalize
    exit.o(.text) refers to rtexit.o(.ARM.Collect$$rtexit$$00000000) for __rt_exit
    defsig_exit.o(.text) refers to sys_exit.o(.text) for _sys_exit
    defsig_rtmem_inner.o(.text) refers to defsig_general.o(.text) for __default_signal_display
    argv_veneer.o(.emb_text) refers to no_argv.o(.text) for __ARM_get_argv
    libinit.o(.ARM.Collect$$libinit$$00000000) refers (Special) to libinit2.o(.ARM.Collect$$libinit$$0000002E) for __rt_lib_init_alloca_1
    libinit.o(.ARM.Collect$$libinit$$00000000) refers (Special) to libinit2.o(.ARM.Collect$$libinit$$0000002C) for __rt_lib_init_argv_1
    libinit.o(.ARM.Collect$$libinit$$00000000) refers (Special) to libinit2.o(.ARM.Collect$$libinit$$0000001B) for __rt_lib_init_atexit_1
    libinit.o(.ARM.Collect$$libinit$$00000000) refers (Special) to libinit2.o(.ARM.Collect$$libinit$$00000021) for __rt_lib_init_clock_1
    libinit.o(.ARM.Collect$$libinit$$00000000) refers (Special) to libinit2.o(.ARM.Collect$$libinit$$00000032) for __rt_lib_init_cpp_1
    libinit.o(.ARM.Collect$$libinit$$00000000) refers (Special) to libinit2.o(.ARM.Collect$$libinit$$00000030) for __rt_lib_init_exceptions_1
    libinit.o(.ARM.Collect$$libinit$$00000000) refers (Special) to libinit2.o(.ARM.Collect$$libinit$$00000002) for __rt_lib_init_fp_1
    libinit.o(.ARM.Collect$$libinit$$00000000) refers (Special) to libinit2.o(.ARM.Collect$$libinit$$0000001F) for __rt_lib_init_fp_trap_1
    libinit.o(.ARM.Collect$$libinit$$00000000) refers (Special) to libinit2.o(.ARM.Collect$$libinit$$00000023) for __rt_lib_init_getenv_1
    libinit.o(.ARM.Collect$$libinit$$00000000) refers (Special) to libinit2.o(.ARM.Collect$$libinit$$0000000A) for __rt_lib_init_heap_1
    libinit.o(.ARM.Collect$$libinit$$00000000) refers (Special) to libinit2.o(.ARM.Collect$$libinit$$00000011) for __rt_lib_init_lc_collate_1
    libinit.o(.ARM.Collect$$libinit$$00000000) refers (Special) to libinit2.o(.ARM.Collect$$libinit$$00000013) for __rt_lib_init_lc_ctype_1
    libinit.o(.ARM.Collect$$libinit$$00000000) refers (Special) to libinit2.o(.ARM.Collect$$libinit$$00000015) for __rt_lib_init_lc_monetary_1
    libinit.o(.ARM.Collect$$libinit$$00000000) refers (Special) to libinit2.o(.ARM.Collect$$libinit$$00000017) for __rt_lib_init_lc_numeric_1
    libinit.o(.ARM.Collect$$libinit$$00000000) refers (Special) to libinit2.o(.ARM.Collect$$libinit$$00000019) for __rt_lib_init_lc_time_1
    libinit.o(.ARM.Collect$$libinit$$00000000) refers (Special) to libinit2.o(.ARM.Collect$$libinit$$00000004) for __rt_lib_init_preinit_1
    libinit.o(.ARM.Collect$$libinit$$00000000) refers (Special) to libinit2.o(.ARM.Collect$$libinit$$0000000E) for __rt_lib_init_rand_1
    libinit.o(.ARM.Collect$$libinit$$00000000) refers (Special) to libinit2.o(.ARM.Collect$$libinit$$00000033) for __rt_lib_init_return
    libinit.o(.ARM.Collect$$libinit$$00000000) refers (Special) to libinit2.o(.ARM.Collect$$libinit$$0000001D) for __rt_lib_init_signal_1
    libinit.o(.ARM.Collect$$libinit$$00000000) refers (Special) to libinit2.o(.ARM.Collect$$libinit$$00000025) for __rt_lib_init_stdio_1
    libinit.o(.ARM.Collect$$libinit$$00000000) refers (Special) to libinit2.o(.ARM.Collect$$libinit$$0000000C) for __rt_lib_init_user_alloc_1
    sys_exit.o(.text) refers (Special) to use_no_semi.o(.text) for __I$use$semihosting
    sys_exit.o(.text) refers (Special) to indicate_semi.o(.text) for __semihosting_library_function
    rtexit.o(.ARM.Collect$$rtexit$$00000000) refers (Special) to rtexit2.o(.ARM.Collect$$rtexit$$00000004) for __rt_exit_exit
    rtexit.o(.ARM.Collect$$rtexit$$00000000) refers (Special) to rtexit2.o(.ARM.Collect$$rtexit$$00000003) for __rt_exit_ls
    rtexit.o(.ARM.Collect$$rtexit$$00000000) refers (Special) to rtexit2.o(.ARM.Collect$$rtexit$$00000002) for __rt_exit_prels_1
    rtexit.o(.ARM.exidx) refers (Special) to rtexit2.o(.ARM.Collect$$rtexit$$00000004) for __rt_exit_exit
    rtexit.o(.ARM.exidx) refers (Special) to rtexit2.o(.ARM.Collect$$rtexit$$00000003) for __rt_exit_ls
    rtexit.o(.ARM.exidx) refers (Special) to rtexit2.o(.ARM.Collect$$rtexit$$00000002) for __rt_exit_prels_1
    rtexit.o(.ARM.exidx) refers to rtexit.o(.ARM.Collect$$rtexit$$00000000) for .ARM.Collect$$rtexit$$00000000
    __raise.o(.text) refers to defsig.o(CL$$defsig) for __default_signal_handler
    defsig_general.o(.text) refers to sys_wrch.o(.text) for _ttywrch
    _get_argv_nomalloc.o(.text) refers (Special) to hrguard.o(.text) for __heap_region$guard
    _get_argv_nomalloc.o(.text) refers to defsig_rtmem_outer.o(.text) for __rt_SIGRTMEM
    _get_argv_nomalloc.o(.text) refers to sys_command.o(.text) for _sys_command_string
    libshutdown2.o(.ARM.Collect$$libshutdown$$0000000D) refers (Weak) to term_alloc.o(.text) for _terminate_alloc
    sys_wrch.o(.text) refers (Special) to use_no_semi.o(.text) for __I$use$semihosting
    sys_wrch.o(.text) refers (Special) to indicate_semi.o(.text) for __semihosting_library_function
    rtexit2.o(.ARM.Collect$$rtexit$$00000003) refers to libshutdown.o(.ARM.Collect$$libshutdown$$00000000) for __rt_lib_shutdown
    rtexit2.o(.ARM.Collect$$rtexit$$00000004) refers to sys_exit.o(.text) for _sys_exit
    rtexit2.o(.ARM.exidx) refers to rtexit2.o(.ARM.Collect$$rtexit$$00000001) for .ARM.Collect$$rtexit$$00000001
    rtexit2.o(.ARM.exidx) refers to rtexit2.o(.ARM.Collect$$rtexit$$00000003) for .ARM.Collect$$rtexit$$00000003
    rtexit2.o(.ARM.exidx) refers to rtexit2.o(.ARM.Collect$$rtexit$$00000004) for .ARM.Collect$$rtexit$$00000004
    defsig.o(CL$$defsig) refers to defsig_rtmem_inner.o(.text) for __rt_SIGRTMEM_inner
    defsig_abrt_inner.o(.text) refers to defsig_general.o(.text) for __default_signal_display
    defsig_fpe_inner.o(.text) refers to defsig_general.o(.text) for __default_signal_display
    defsig_rtred_inner.o(.text) refers to defsig_general.o(.text) for __default_signal_display
    defsig_stak_inner.o(.text) refers to defsig_general.o(.text) for __default_signal_display
    defsig_pvfn_inner.o(.text) refers to defsig_general.o(.text) for __default_signal_display
    defsig_cppl_inner.o(.text) refers to defsig_general.o(.text) for __default_signal_display
    defsig_segv_inner.o(.text) refers to defsig_general.o(.text) for __default_signal_display
    defsig_other.o(.text) refers to defsig_general.o(.text) for __default_signal_display
    libshutdown.o(.ARM.Collect$$libshutdown$$00000000) refers (Special) to libshutdown2.o(.ARM.Collect$$libshutdown$$00000002) for __rt_lib_shutdown_cpp_1
    libshutdown.o(.ARM.Collect$$libshutdown$$00000000) refers (Special) to libshutdown2.o(.ARM.Collect$$libshutdown$$00000007) for __rt_lib_shutdown_fp_trap_1
    libshutdown.o(.ARM.Collect$$libshutdown$$00000000) refers (Special) to libshutdown2.o(.ARM.Collect$$libshutdown$$0000000F) for __rt_lib_shutdown_heap_1
    libshutdown.o(.ARM.Collect$$libshutdown$$00000000) refers (Special) to libshutdown2.o(.ARM.Collect$$libshutdown$$00000010) for __rt_lib_shutdown_return
    libshutdown.o(.ARM.Collect$$libshutdown$$00000000) refers (Special) to libshutdown2.o(.ARM.Collect$$libshutdown$$0000000A) for __rt_lib_shutdown_signal_1
    libshutdown.o(.ARM.Collect$$libshutdown$$00000000) refers (Special) to libshutdown2.o(.ARM.Collect$$libshutdown$$00000004) for __rt_lib_shutdown_stdio_1
    libshutdown.o(.ARM.Collect$$libshutdown$$00000000) refers (Special) to libshutdown2.o(.ARM.Collect$$libshutdown$$0000000C) for __rt_lib_shutdown_user_alloc_1


==============================================================================

Removing Unused input sections from the image.

    Removing main.o(.rev16_text), (4 bytes).
    Removing main.o(.revsh_text), (4 bytes).
    Removing bsp.o(.rev16_text), (4 bytes).
    Removing bsp.o(.revsh_text), (4 bytes).
    Removing codec.o(.rev16_text), (4 bytes).
    Removing codec.o(.revsh_text), (4 bytes).
    Removing i2c_software_master.o(.rev16_text), (4 bytes).
    Removing i2c_software_master.o(.revsh_text), (4 bytes).
    Removing i2s.o(.rev16_text), (4 bytes).
    Removing i2s.o(.revsh_text), (4 bytes).
    Removing gpio.o(.rev16_text), (4 bytes).
    Removing gpio.o(.revsh_text), (4 bytes).
    Removing gpio.o(.text), (1816 bytes).
    Removing gpio.o(.bss), (20 bytes).
    Removing i2s4.o(.rev16_text), (4 bytes).
    Removing i2s4.o(.revsh_text), (4 bytes).
    Removing aud_driver.o(.rev16_text), (4 bytes).
    Removing aud_driver.o(.revsh_text), (4 bytes).
    Removing bsp.o(i.setReg), (30 bytes).

19 unused section(s) (total 1930 bytes) removed from the image.

==============================================================================

Image Symbol Table

    Local Symbols

    Symbol Name                              Value     Ov Type        Size  Object(Section)

    RESET                                    0x00000000   Section      292  startup.o(RESET)
    ../clib/angel/boardlib.s                 0x00000000   Number         0  boardinit3.o ABSOLUTE
    ../clib/angel/boardlib.s                 0x00000000   Number         0  boardinit1.o ABSOLUTE
    ../clib/angel/boardlib.s                 0x00000000   Number         0  boardshut.o ABSOLUTE
    ../clib/angel/boardlib.s                 0x00000000   Number         0  boardinit2.o ABSOLUTE
    ../clib/angel/handlers.s                 0x00000000   Number         0  __scatter_zi.o ABSOLUTE
    ../clib/angel/handlers.s                 0x00000000   Number         0  __scatter_copy.o ABSOLUTE
    ../clib/angel/kernel.s                   0x00000000   Number         0  __rtentry4.o ABSOLUTE
    ../clib/angel/kernel.s                   0x00000000   Number         0  __rtentry2.o ABSOLUTE
    ../clib/angel/kernel.s                   0x00000000   Number         0  rtexit2.o ABSOLUTE
    ../clib/angel/kernel.s                   0x00000000   Number         0  rtexit.o ABSOLUTE
    ../clib/angel/kernel.s                   0x00000000   Number         0  __rtentry.o ABSOLUTE
    ../clib/angel/rt.s                       0x00000000   Number         0  rt_raise.o ABSOLUTE
    ../clib/angel/rt.s                       0x00000000   Number         0  rt_heap_descriptor_intlibspace.o ABSOLUTE
    ../clib/angel/rt.s                       0x00000000   Number         0  rt_heap_descriptor.o ABSOLUTE
    ../clib/angel/scatter.s                  0x00000000   Number         0  __scatter.o ABSOLUTE
    ../clib/angel/startup.s                  0x00000000   Number         0  __main.o ABSOLUTE
    ../clib/angel/sys.s                      0x00000000   Number         0  libspace.o ABSOLUTE
    ../clib/angel/sys.s                      0x00000000   Number         0  indicate_semi.o ABSOLUTE
    ../clib/angel/sys.s                      0x00000000   Number         0  sys_stackheap_outer.o ABSOLUTE
    ../clib/angel/sys.s                      0x00000000   Number         0  mutex_dummy.o ABSOLUTE
    ../clib/angel/sys.s                      0x00000000   Number         0  use_no_semi.o ABSOLUTE
    ../clib/angel/sysapp.c                   0x00000000   Number         0  sys_command.o ABSOLUTE
    ../clib/angel/sysapp.c                   0x00000000   Number         0  sys_exit.o ABSOLUTE
    ../clib/angel/sysapp.c                   0x00000000   Number         0  sys_wrch.o ABSOLUTE
    ../clib/armsys.c                         0x00000000   Number         0  argv_veneer.o ABSOLUTE
    ../clib/armsys.c                         0x00000000   Number         0  _get_argv_nomalloc.o ABSOLUTE
    ../clib/armsys.c                         0x00000000   Number         0  no_argv.o ABSOLUTE
    ../clib/armsys.c                         0x00000000   Number         0  argv_veneer.o ABSOLUTE
    ../clib/armsys.c                         0x00000000   Number         0  _get_argv.o ABSOLUTE
    ../clib/heap1.c                          0x00000000   Number         0  h1_free.o ABSOLUTE
    ../clib/heap1.c                          0x00000000   Number         0  h1_extend_mt.o ABSOLUTE
    ../clib/heap1.c                          0x00000000   Number         0  h1_final_mt.o ABSOLUTE
    ../clib/heap1.c                          0x00000000   Number         0  h1_final.o ABSOLUTE
    ../clib/heap1.c                          0x00000000   Number         0  h1_init_mt.o ABSOLUTE
    ../clib/heap1.c                          0x00000000   Number         0  h1_init.o ABSOLUTE
    ../clib/heap1.c                          0x00000000   Number         0  h1_extend.o ABSOLUTE
    ../clib/heap1.c                          0x00000000   Number         0  h1_free_mt.o ABSOLUTE
    ../clib/heap1.c                          0x00000000   Number         0  h1_alloc.o ABSOLUTE
    ../clib/heap1.c                          0x00000000   Number         0  h1_alloc_mt.o ABSOLUTE
    ../clib/heap2.c                          0x00000000   Number         0  heap2.o ABSOLUTE
    ../clib/heap2.c                          0x00000000   Number         0  heap2mt.o ABSOLUTE
    ../clib/heap2.c                          0x00000000   Number         0  fdtree.o ABSOLUTE
    ../clib/heapalloc.c                      0x00000000   Number         0  maybetermalloc1.o ABSOLUTE
    ../clib/heapalloc.c                      0x00000000   Number         0  maybetermalloc2.o ABSOLUTE
    ../clib/heapalloc.c                      0x00000000   Number         0  maybetermalloc2.o ABSOLUTE
    ../clib/heapalloc.c                      0x00000000   Number         0  calloc.o ABSOLUTE
    ../clib/heapalloc.c                      0x00000000   Number         0  free.o ABSOLUTE
    ../clib/heapalloc.c                      0x00000000   Number         0  term_alloc.o ABSOLUTE
    ../clib/heapalloc.c                      0x00000000   Number         0  hrguard.o ABSOLUTE
    ../clib/heapalloc.c                      0x00000000   Number         0  init_alloc.o ABSOLUTE
    ../clib/heapalloc.c                      0x00000000   Number         0  malloc.o ABSOLUTE
    ../clib/heapalloc.c                      0x00000000   Number         0  heapstubs.o ABSOLUTE
    ../clib/heapalloc.c                      0x00000000   Number         0  maybetermalloc1.o ABSOLUTE
    ../clib/heapalloc.c                      0x00000000   Number         0  hguard.o ABSOLUTE
    ../clib/heapaux.c                        0x00000000   Number         0  heapauxi.o ABSOLUTE
    ../clib/heapaux.c                        0x00000000   Number         0  heapauxa.o ABSOLUTE
    ../clib/libinit.s                        0x00000000   Number         0  libinit.o ABSOLUTE
    ../clib/libinit.s                        0x00000000   Number         0  libinit2.o ABSOLUTE
    ../clib/libinit.s                        0x00000000   Number         0  libshutdown.o ABSOLUTE
    ../clib/libinit.s                        0x00000000   Number         0  libshutdown2.o ABSOLUTE
    ../clib/memcpset.s                       0x00000000   Number         0  rt_memcpy_w.o ABSOLUTE
    ../clib/memcpset.s                       0x00000000   Number         0  rt_memclr.o ABSOLUTE
    ../clib/memcpset.s                       0x00000000   Number         0  rt_memclr_w.o ABSOLUTE
    ../clib/signal.c                         0x00000000   Number         0  defsig_exit.o ABSOLUTE
    ../clib/signal.c                         0x00000000   Number         0  defsig_fpe_inner.o ABSOLUTE
    ../clib/signal.c                         0x00000000   Number         0  defsig_rtred_inner.o ABSOLUTE
    ../clib/signal.c                         0x00000000   Number         0  defsig_rtmem_formal.o ABSOLUTE
    ../clib/signal.c                         0x00000000   Number         0  defsig_stak_inner.o ABSOLUTE
    ../clib/signal.c                         0x00000000   Number         0  defsig_rtmem_outer.o ABSOLUTE
    ../clib/signal.c                         0x00000000   Number         0  defsig_abrt_inner.o ABSOLUTE
    ../clib/signal.c                         0x00000000   Number         0  defsig_rtmem_inner.o ABSOLUTE
    ../clib/signal.c                         0x00000000   Number         0  defsig_pvfn_inner.o ABSOLUTE
    ../clib/signal.c                         0x00000000   Number         0  defsig_cppl_inner.o ABSOLUTE
    ../clib/signal.c                         0x00000000   Number         0  defsig_segv_inner.o ABSOLUTE
    ../clib/signal.c                         0x00000000   Number         0  __raise.o ABSOLUTE
    ../clib/signal.c                         0x00000000   Number         0  defsig_other.o ABSOLUTE
    ../clib/signal.c                         0x00000000   Number         0  defsig_general.o ABSOLUTE
    ../clib/signal.s                         0x00000000   Number         0  defsig.o ABSOLUTE
    ../clib/stdlib.c                         0x00000000   Number         0  exit.o ABSOLUTE
    ../fplib/fpinit.s                        0x00000000   Number         0  fpinit.o ABSOLUTE
    ..\..\..\..\bsp\bsp.c                    0x00000000   Number         0  bsp.o ABSOLUTE
    ..\..\..\..\bsp\sonix_load_table.c       0x00000000   Number         0  sonix_load_table.o ABSOLUTE
    ..\..\..\..\bsp\startup.s                0x00000000   Number         0  startup.o ABSOLUTE
    ..\..\..\..\project\sample\audio32_demo\Audio_File.s 0x00000000   Number         0  audio_file.o ABSOLUTE
    ..\..\..\..\project\sample\audio32_demo\main.c 0x00000000   Number         0  main.o ABSOLUTE
    ..\..\..\..\sdk\driver\codec\codec.c     0x00000000   Number         0  codec.o ABSOLUTE
    ..\..\..\..\sdk\driver\gpio\gpio.c       0x00000000   Number         0  gpio.o ABSOLUTE
    ..\..\..\..\sdk\driver\i2c_sw\I2C_Software_Master.c 0x00000000   Number         0  i2c_software_master.o ABSOLUTE
    ..\..\..\..\sdk\driver\i2s\i2s.c         0x00000000   Number         0  i2s.o ABSOLUTE
    ..\..\..\..\sdk\driver\i2s\i2s4.c        0x00000000   Number         0  i2s4.o ABSOLUTE
    ..\..\..\..\sdk\share\audio\aud_driver.c 0x00000000   Number         0  aud_driver.o ABSOLUTE
    ..\\..\\..\\..\\bsp\\bsp.c               0x00000000   Number         0  bsp.o ABSOLUTE
    ..\\..\\..\\..\\project\\sample\\audio32_demo\\main.c 0x00000000   Number         0  main.o ABSOLUTE
    ..\\..\\..\\..\\sdk\\driver\\codec\\codec.c 0x00000000   Number         0  codec.o ABSOLUTE
    ..\\..\\..\\..\\sdk\\driver\\gpio\\gpio.c 0x00000000   Number         0  gpio.o ABSOLUTE
    ..\\..\\..\\..\\sdk\\driver\\i2c_sw\\I2C_Software_Master.c 0x00000000   Number         0  i2c_software_master.o ABSOLUTE
    ..\\..\\..\\..\\sdk\\driver\\i2s\\i2s.c  0x00000000   Number         0  i2s.o ABSOLUTE
    ..\\..\\..\\..\\sdk\\driver\\i2s\\i2s4.c 0x00000000   Number         0  i2s4.o ABSOLUTE
    ..\\..\\..\\..\\sdk\\share\\audio\\aud_driver.c 0x00000000   Number         0  aud_driver.o ABSOLUTE
    !!!main                                  0x00000124   Section        8  __main.o(!!!main)
    !!!scatter                               0x0000012c   Section       52  __scatter.o(!!!scatter)
    !!handler_copy                           0x00000160   Section       26  __scatter_copy.o(!!handler_copy)
    !!handler_zi                             0x0000017c   Section       28  __scatter_zi.o(!!handler_zi)
    .ARM.Collect$$libinit$$00000000          0x00000198   Section        2  libinit.o(.ARM.Collect$$libinit$$00000000)
    .ARM.Collect$$libinit$$00000002          0x0000019a   Section        0  libinit2.o(.ARM.Collect$$libinit$$00000002)
    .ARM.Collect$$libinit$$00000004          0x0000019a   Section        0  libinit2.o(.ARM.Collect$$libinit$$00000004)
    .ARM.Collect$$libinit$$00000005          0x0000019a   Section        8  libinit2.o(.ARM.Collect$$libinit$$00000005)
    .ARM.Collect$$libinit$$0000000A          0x000001a2   Section        0  libinit2.o(.ARM.Collect$$libinit$$0000000A)
    .ARM.Collect$$libinit$$0000000C          0x000001a2   Section        0  libinit2.o(.ARM.Collect$$libinit$$0000000C)
    .ARM.Collect$$libinit$$0000000E          0x000001a2   Section        0  libinit2.o(.ARM.Collect$$libinit$$0000000E)
    .ARM.Collect$$libinit$$00000011          0x000001a2   Section        0  libinit2.o(.ARM.Collect$$libinit$$00000011)
    .ARM.Collect$$libinit$$00000013          0x000001a2   Section        0  libinit2.o(.ARM.Collect$$libinit$$00000013)
    .ARM.Collect$$libinit$$00000015          0x000001a2   Section        0  libinit2.o(.ARM.Collect$$libinit$$00000015)
    .ARM.Collect$$libinit$$00000017          0x000001a2   Section        0  libinit2.o(.ARM.Collect$$libinit$$00000017)
    .ARM.Collect$$libinit$$00000019          0x000001a2   Section        0  libinit2.o(.ARM.Collect$$libinit$$00000019)
    .ARM.Collect$$libinit$$0000001B          0x000001a2   Section        0  libinit2.o(.ARM.Collect$$libinit$$0000001B)
    .ARM.Collect$$libinit$$0000001D          0x000001a2   Section        0  libinit2.o(.ARM.Collect$$libinit$$0000001D)
    .ARM.Collect$$libinit$$0000001F          0x000001a2   Section        0  libinit2.o(.ARM.Collect$$libinit$$0000001F)
    .ARM.Collect$$libinit$$00000021          0x000001a2   Section        0  libinit2.o(.ARM.Collect$$libinit$$00000021)
    .ARM.Collect$$libinit$$00000023          0x000001a2   Section        0  libinit2.o(.ARM.Collect$$libinit$$00000023)
    .ARM.Collect$$libinit$$00000025          0x000001a2   Section        0  libinit2.o(.ARM.Collect$$libinit$$00000025)
    .ARM.Collect$$libinit$$0000002C          0x000001a2   Section        0  libinit2.o(.ARM.Collect$$libinit$$0000002C)
    .ARM.Collect$$libinit$$0000002E          0x000001a2   Section        0  libinit2.o(.ARM.Collect$$libinit$$0000002E)
    .ARM.Collect$$libinit$$00000030          0x000001a2   Section        0  libinit2.o(.ARM.Collect$$libinit$$00000030)
    .ARM.Collect$$libinit$$00000032          0x000001a2   Section        0  libinit2.o(.ARM.Collect$$libinit$$00000032)
    .ARM.Collect$$libinit$$00000033          0x000001a2   Section        2  libinit2.o(.ARM.Collect$$libinit$$00000033)
    .ARM.Collect$$libshutdown$$00000000      0x000001a4   Section        2  libshutdown.o(.ARM.Collect$$libshutdown$$00000000)
    .ARM.Collect$$libshutdown$$00000002      0x000001a6   Section        0  libshutdown2.o(.ARM.Collect$$libshutdown$$00000002)
    .ARM.Collect$$libshutdown$$00000004      0x000001a6   Section        0  libshutdown2.o(.ARM.Collect$$libshutdown$$00000004)
    .ARM.Collect$$libshutdown$$00000007      0x000001a6   Section        0  libshutdown2.o(.ARM.Collect$$libshutdown$$00000007)
    .ARM.Collect$$libshutdown$$0000000A      0x000001a6   Section        0  libshutdown2.o(.ARM.Collect$$libshutdown$$0000000A)
    .ARM.Collect$$libshutdown$$0000000C      0x000001a6   Section        0  libshutdown2.o(.ARM.Collect$$libshutdown$$0000000C)
    .ARM.Collect$$libshutdown$$0000000F      0x000001a6   Section        0  libshutdown2.o(.ARM.Collect$$libshutdown$$0000000F)
    .ARM.Collect$$libshutdown$$00000010      0x000001a6   Section        2  libshutdown2.o(.ARM.Collect$$libshutdown$$00000010)
    .ARM.Collect$$rtentry$$00000000          0x000001a8   Section        0  __rtentry.o(.ARM.Collect$$rtentry$$00000000)
    .ARM.Collect$$rtentry$$00000002          0x000001a8   Section        0  __rtentry2.o(.ARM.Collect$$rtentry$$00000002)
    .ARM.Collect$$rtentry$$00000004          0x000001a8   Section        6  __rtentry4.o(.ARM.Collect$$rtentry$$00000004)
    .ARM.Collect$$rtentry$$00000009          0x000001ae   Section        0  __rtentry2.o(.ARM.Collect$$rtentry$$00000009)
    .ARM.Collect$$rtentry$$0000000A          0x000001ae   Section        4  __rtentry2.o(.ARM.Collect$$rtentry$$0000000A)
    .ARM.Collect$$rtentry$$0000000C          0x000001b2   Section        0  __rtentry2.o(.ARM.Collect$$rtentry$$0000000C)
    .ARM.Collect$$rtentry$$0000000D          0x000001b2   Section        8  __rtentry2.o(.ARM.Collect$$rtentry$$0000000D)
    .ARM.Collect$$rtexit$$00000000           0x000001ba   Section        2  rtexit.o(.ARM.Collect$$rtexit$$00000000)
    .ARM.Collect$$rtexit$$00000002           0x000001bc   Section        0  rtexit2.o(.ARM.Collect$$rtexit$$00000002)
    .ARM.Collect$$rtexit$$00000003           0x000001bc   Section        4  rtexit2.o(.ARM.Collect$$rtexit$$00000003)
    .ARM.Collect$$rtexit$$00000004           0x000001c0   Section        6  rtexit2.o(.ARM.Collect$$rtexit$$00000004)
    .emb_text                                0x000001c8   Section        0  maybetermalloc1.o(.emb_text)
    .text                                    0x000001c8   Section        0  main.o(.text)
    .text                                    0x00000684   Section       80  startup.o(.text)
    .text                                    0x000006d4   Section        0  bsp.o(.text)
    _exec_init_script                        0x000006d5   Thumb Code   150  bsp.o(.text)
    _init_clock_setting                      0x0000076b   Thumb Code   124  bsp.o(.text)
    _init_dram                               0x00000f4b   Thumb Code    40  bsp.o(.text)
    _init_icache                             0x00000f73   Thumb Code    96  bsp.o(.text)
    _init_spi_nand                           0x00000fd3   Thumb Code    20  bsp.o(.text)
    .text                                    0x000010e0   Section        0  codec.o(.text)
    Check_Serial_Number_is_Correct           0x000010e1   Thumb Code    24  codec.o(.text)
    translate_to_codec_channel               0x000010f9   Thumb Code    24  codec.o(.text)
    translate_to_codec_sampling_rate         0x00001111   Thumb Code    76  codec.o(.text)
    .text                                    0x000014d4   Section        0  i2c_software_master.o(.text)
    .text                                    0x00001e80   Section        0  i2s.o(.text)
    _i2s_ch_get_handle                       0x00001e81   Thumb Code    42  i2s.o(.text)
    _I2S_SET_IMCLKDIV                        0x00001fcd   Thumb Code    10  i2s.o(.text)
    _IHRC_case                               0x00001fd7   Thumb Code   112  i2s.o(.text)
    _XTAL_case                               0x00002047   Thumb Code   112  i2s.o(.text)
    _IMCLK_I2S_4_case                        0x000020b7   Thumb Code    42  i2s.o(.text)
    _FPLL_case                               0x000020e1   Thumb Code   112  i2s.o(.text)
    .text                                    0x000026d4   Section        0  i2s4.o(.text)
    .text                                    0x00002cfc   Section        0  aud_driver.o(.text)
    bswap_16                                 0x00002d15   Thumb Code    12  aud_driver.o(.text)
    .text                                    0x000038a0   Section        0  calloc.o(.text)
    .text                                    0x000038c8   Section        0  h1_free.o(.text)
    .text                                    0x00003916   Section      100  rt_memcpy_w.o(.text)
    .text                                    0x0000397a   Section       68  rt_memclr.o(.text)
    .text                                    0x000039be   Section        0  heapauxi.o(.text)
    .text                                    0x000039c4   Section        8  rt_heap_descriptor_intlibspace.o(.text)
    .text                                    0x000039cc   Section        0  hguard.o(.text)
    .text                                    0x000039d0   Section        0  init_alloc.o(.text)
    .text                                    0x00003a5a   Section        0  h1_alloc.o(.text)
    .text                                    0x00003ab8   Section       78  rt_memclr_w.o(.text)
    .text                                    0x00003b08   Section        8  libspace.o(.text)
    .text                                    0x00003b10   Section        0  h1_init.o(.text)
    .text                                    0x00003b1e   Section        0  h1_extend.o(.text)
    .text                                    0x00003b52   Section        0  defsig_rtmem_outer.o(.text)
    .text                                    0x00003b60   Section       74  sys_stackheap_outer.o(.text)
    .text                                    0x00003baa   Section        0  exit.o(.text)
    .text                                    0x00003bbc   Section        0  defsig_exit.o(.text)
    .text                                    0x00003bc8   Section        0  defsig_rtmem_inner.o(.text)
    .text                                    0x00003c18   Section        0  sys_exit.o(.text)
    .text                                    0x00003c24   Section        2  use_no_semi.o(.text)
    .text                                    0x00003c26   Section        0  defsig_general.o(.text)
    .text                                    0x00003c26   Section        0  indicate_semi.o(.text)
    .text                                    0x00003c58   Section        0  sys_wrch.o(.text)
    .constdata                               0x00003c68   Section      252  bsp.o(.constdata)
    low_priority_table                       0x00003c68   Data         156  bsp.o(.constdata)
    init_clk_table                           0x00003d04   Data          72  bsp.o(.constdata)
    g_init_list                              0x00003d4c   Data          24  bsp.o(.constdata)
    .data                                    0x18000000   Section       52  i2c_software_master.o(.data)
    sn_i2c_sw_ch                             0x18000000   Data           1  i2c_software_master.o(.data)
    I2C_ch_data_table                        0x18000004   Data          12  i2c_software_master.o(.data)
    I2C_ch_mode_table                        0x18000010   Data          12  i2c_software_master.o(.data)
    I2C_scl_table                            0x1800001c   Data          12  i2c_software_master.o(.data)
    I2C_sda_table                            0x18000028   Data          12  i2c_software_master.o(.data)
    .data                                    0x18000034   Section        4  i2s4.o(.data)
    temp_reg                                 0x18000034   Data           4  i2s4.o(.data)
    .bss                                     0x18000038   Section    13280  main.o(.bss)
    .bss                                     0x18003418   Section       34  aud_driver.o(.bss)
    AUD_Reg                                  0x18003418   Data          34  aud_driver.o(.bss)
    .bss                                     0x1800343c   Section       96  libspace.o(.bss)
    HEAP                                     0x180034a0   Section     4096  startup.o(HEAP)
    Heap_Mem                                 0x180034a0   Data        4096  startup.o(HEAP)
    STACK                                    0x180044a0   Section     4096  startup.o(STACK)
    Stack_Mem                                0x180044a0   Data        4096  startup.o(STACK)
    __initial_sp                             0x180054a0   Data           0  startup.o(STACK)
    .ARM.__AT_0x60000000                     0x60000000   Section       72  sonix_load_table.o(.ARM.__AT_0x60000000)
    .ARM.__at_0x60011000                     0x60011000   Section    948060  audio_file.o(.ARM.__at_0x60011000)

    Global Symbols

    Symbol Name                              Value     Ov Type        Size  Object(Section)

    BuildAttributes$$THM_ISAv4$P$D$K$B$S$PE$A:L22UL41UL21$X:L11$S22US41US21$IEEE1$IW$USESV6$~STKCKD$USESV7$~SHL$OTIME$ROPI$EBA8$UX$STANDARDLIB$REQ8$PRES8$EABIv2 0x00000000   Number         0  anon$$obj.o ABSOLUTE
    __ARM_use_no_argv                        0x00000000   Number         0  main.o ABSOLUTE
    __Vectors                                0x00000000   Data           4  startup.o(RESET)
    __ARM_exceptions_init                     - Undefined Weak Reference
    __alloca_initialize                       - Undefined Weak Reference
    __arm_preinit_                            - Undefined Weak Reference
    __cpp_initialize__aeabi_                  - Undefined Weak Reference
    __cxa_finalize                            - Undefined Weak Reference
    __rt_locale                               - Undefined Weak Reference
    __sigvec_lookup                           - Undefined Weak Reference
    __user_heap_extent                        - Undefined Weak Reference
    _atexit_init                              - Undefined Weak Reference
    _call_atexit_fns                          - Undefined Weak Reference
    _clock_init                               - Undefined Weak Reference
    _fp_trap_init                             - Undefined Weak Reference
    _fp_trap_shutdown                         - Undefined Weak Reference
    _get_lc_collate                           - Undefined Weak Reference
    _get_lc_ctype                             - Undefined Weak Reference
    _get_lc_monetary                          - Undefined Weak Reference
    _get_lc_numeric                           - Undefined Weak Reference
    _get_lc_time                              - Undefined Weak Reference
    _getenv_init                              - Undefined Weak Reference
    _handle_redirection                       - Undefined Weak Reference
    _initio                                   - Undefined Weak Reference
    _mutex_acquire                            - Undefined Weak Reference
    _mutex_free                               - Undefined Weak Reference
    _mutex_release                            - Undefined Weak Reference
    _rand_init                                - Undefined Weak Reference
    _signal_finish                            - Undefined Weak Reference
    _signal_init                              - Undefined Weak Reference
    _terminateio                              - Undefined Weak Reference
    __Vectors_End                            0x00000124   Data           0  startup.o(RESET)
    __Vectors_Size                           0x00000124   Number         0  startup.o ABSOLUTE
    __main                                   0x00000125   Thumb Code     8  __main.o(!!!main)
    __scatterload                            0x0000012d   Thumb Code     0  __scatter.o(!!!scatter)
    __scatterload_rt2                        0x0000012d   Thumb Code    44  __scatter.o(!!!scatter)
    __scatterload_rt2_thumb_only             0x0000012d   Thumb Code     0  __scatter.o(!!!scatter)
    __scatterload_null                       0x0000013b   Thumb Code     0  __scatter.o(!!!scatter)
    __scatterload_copy                       0x00000161   Thumb Code    26  __scatter_copy.o(!!handler_copy)
    __scatterload_zeroinit                   0x0000017d   Thumb Code    28  __scatter_zi.o(!!handler_zi)
    __rt_lib_init                            0x00000199   Thumb Code     0  libinit.o(.ARM.Collect$$libinit$$00000000)
    __rt_lib_init_fp_1                       0x0000019b   Thumb Code     0  libinit2.o(.ARM.Collect$$libinit$$00000002)
    __rt_lib_init_heap_2                     0x0000019b   Thumb Code     0  libinit2.o(.ARM.Collect$$libinit$$00000005)
    __rt_lib_init_preinit_1                  0x0000019b   Thumb Code     0  libinit2.o(.ARM.Collect$$libinit$$00000004)
    __rt_lib_init_alloca_1                   0x000001a3   Thumb Code     0  libinit2.o(.ARM.Collect$$libinit$$0000002E)
    __rt_lib_init_argv_1                     0x000001a3   Thumb Code     0  libinit2.o(.ARM.Collect$$libinit$$0000002C)
    __rt_lib_init_atexit_1                   0x000001a3   Thumb Code     0  libinit2.o(.ARM.Collect$$libinit$$0000001B)
    __rt_lib_init_clock_1                    0x000001a3   Thumb Code     0  libinit2.o(.ARM.Collect$$libinit$$00000021)
    __rt_lib_init_cpp_1                      0x000001a3   Thumb Code     0  libinit2.o(.ARM.Collect$$libinit$$00000032)
    __rt_lib_init_exceptions_1               0x000001a3   Thumb Code     0  libinit2.o(.ARM.Collect$$libinit$$00000030)
    __rt_lib_init_fp_trap_1                  0x000001a3   Thumb Code     0  libinit2.o(.ARM.Collect$$libinit$$0000001F)
    __rt_lib_init_getenv_1                   0x000001a3   Thumb Code     0  libinit2.o(.ARM.Collect$$libinit$$00000023)
    __rt_lib_init_heap_1                     0x000001a3   Thumb Code     0  libinit2.o(.ARM.Collect$$libinit$$0000000A)
    __rt_lib_init_lc_collate_1               0x000001a3   Thumb Code     0  libinit2.o(.ARM.Collect$$libinit$$00000011)
    __rt_lib_init_lc_ctype_1                 0x000001a3   Thumb Code     0  libinit2.o(.ARM.Collect$$libinit$$00000013)
    __rt_lib_init_lc_monetary_1              0x000001a3   Thumb Code     0  libinit2.o(.ARM.Collect$$libinit$$00000015)
    __rt_lib_init_lc_numeric_1               0x000001a3   Thumb Code     0  libinit2.o(.ARM.Collect$$libinit$$00000017)
    __rt_lib_init_lc_time_1                  0x000001a3   Thumb Code     0  libinit2.o(.ARM.Collect$$libinit$$00000019)
    __rt_lib_init_rand_1                     0x000001a3   Thumb Code     0  libinit2.o(.ARM.Collect$$libinit$$0000000E)
    __rt_lib_init_return                     0x000001a3   Thumb Code     0  libinit2.o(.ARM.Collect$$libinit$$00000033)
    __rt_lib_init_signal_1                   0x000001a3   Thumb Code     0  libinit2.o(.ARM.Collect$$libinit$$0000001D)
    __rt_lib_init_stdio_1                    0x000001a3   Thumb Code     0  libinit2.o(.ARM.Collect$$libinit$$00000025)
    __rt_lib_init_user_alloc_1               0x000001a3   Thumb Code     0  libinit2.o(.ARM.Collect$$libinit$$0000000C)
    __rt_lib_shutdown                        0x000001a5   Thumb Code     0  libshutdown.o(.ARM.Collect$$libshutdown$$00000000)
    __rt_lib_shutdown_cpp_1                  0x000001a7   Thumb Code     0  libshutdown2.o(.ARM.Collect$$libshutdown$$00000002)
    __rt_lib_shutdown_fp_trap_1              0x000001a7   Thumb Code     0  libshutdown2.o(.ARM.Collect$$libshutdown$$00000007)
    __rt_lib_shutdown_heap_1                 0x000001a7   Thumb Code     0  libshutdown2.o(.ARM.Collect$$libshutdown$$0000000F)
    __rt_lib_shutdown_return                 0x000001a7   Thumb Code     0  libshutdown2.o(.ARM.Collect$$libshutdown$$00000010)
    __rt_lib_shutdown_signal_1               0x000001a7   Thumb Code     0  libshutdown2.o(.ARM.Collect$$libshutdown$$0000000A)
    __rt_lib_shutdown_stdio_1                0x000001a7   Thumb Code     0  libshutdown2.o(.ARM.Collect$$libshutdown$$00000004)
    __rt_lib_shutdown_user_alloc_1           0x000001a7   Thumb Code     0  libshutdown2.o(.ARM.Collect$$libshutdown$$0000000C)
    __rt_entry                               0x000001a9   Thumb Code     0  __rtentry.o(.ARM.Collect$$rtentry$$00000000)
    __rt_entry_presh_1                       0x000001a9   Thumb Code     0  __rtentry2.o(.ARM.Collect$$rtentry$$00000002)
    __rt_entry_sh                            0x000001a9   Thumb Code     0  __rtentry4.o(.ARM.Collect$$rtentry$$00000004)
    __rt_entry_li                            0x000001af   Thumb Code     0  __rtentry2.o(.ARM.Collect$$rtentry$$0000000A)
    __rt_entry_postsh_1                      0x000001af   Thumb Code     0  __rtentry2.o(.ARM.Collect$$rtentry$$00000009)
    __rt_entry_main                          0x000001b3   Thumb Code     0  __rtentry2.o(.ARM.Collect$$rtentry$$0000000D)
    __rt_entry_postli_1                      0x000001b3   Thumb Code     0  __rtentry2.o(.ARM.Collect$$rtentry$$0000000C)
    __rt_exit                                0x000001bb   Thumb Code     0  rtexit.o(.ARM.Collect$$rtexit$$00000000)
    __rt_exit_ls                             0x000001bd   Thumb Code     0  rtexit2.o(.ARM.Collect$$rtexit$$00000003)
    __rt_exit_prels_1                        0x000001bd   Thumb Code     0  rtexit2.o(.ARM.Collect$$rtexit$$00000002)
    __rt_exit_exit                           0x000001c1   Thumb Code     0  rtexit2.o(.ARM.Collect$$rtexit$$00000004)
    _maybe_terminate_alloc                   0x000001c9   Thumb Code     0  maybetermalloc1.o(.emb_text)
    get_a_frame_length                       0x000001c9   Thumb Code    38  main.o(.text)
    record_A32                               0x000001ef   Thumb Code   358  main.o(.text)
    play_A32                                 0x00000355   Thumb Code   360  main.o(.text)
    main                                     0x000004bd   Thumb Code   454  main.o(.text)
    Reset_Handler                            0x00000685   Thumb Code    22  startup.o(.text)
    WKP_IRQHandler                           0x0000069b   Thumb Code     2  startup.o(.text)
    NMI_Handler                              0x0000069d   Thumb Code     2  startup.o(.text)
    MemManage_Handler                        0x000006a1   Thumb Code     2  startup.o(.text)
    BusFault_Handler                         0x000006a3   Thumb Code     2  startup.o(.text)
    UsageFault_Handler                       0x000006a5   Thumb Code     2  startup.o(.text)
    SVC_Handler                              0x000006a7   Thumb Code     2  startup.o(.text)
    DebugMon_Handler                         0x000006a9   Thumb Code     2  startup.o(.text)
    PendSV_Handler                           0x000006ab   Thumb Code     2  startup.o(.text)
    SysTick_Handler                          0x000006ad   Thumb Code     2  startup.o(.text)
    CIS_DMA_IRQHandler                       0x000006af   Thumb Code     0  startup.o(.text)
    CIS_VSYNC_IRQHandler                     0x000006af   Thumb Code     0  startup.o(.text)
    CRC16_IRQHandler                         0x000006af   Thumb Code     0  startup.o(.text)
    CSC_DMA_IN_IRQHandler                    0x000006af   Thumb Code     0  startup.o(.text)
    CSC_DMA_OUT_IRQHandler                   0x000006af   Thumb Code     0  startup.o(.text)
    CT32B0_IRQHandler                        0x000006af   Thumb Code     0  startup.o(.text)
    CT32B1_IRQHandler                        0x000006af   Thumb Code     0  startup.o(.text)
    CT32B2_IRQHandler                        0x000006af   Thumb Code     0  startup.o(.text)
    CT32B3_IRQHandler                        0x000006af   Thumb Code     0  startup.o(.text)
    CT32B4_IRQHandler                        0x000006af   Thumb Code     0  startup.o(.text)
    CT32B5_IRQHandler                        0x000006af   Thumb Code     0  startup.o(.text)
    CT32B6_IRQHandler                        0x000006af   Thumb Code     0  startup.o(.text)
    CT32B7_IRQHandler                        0x000006af   Thumb Code     0  startup.o(.text)
    Core0_Issue_IRQHandler                   0x000006af   Thumb Code     0  startup.o(.text)
    Core1_Issue_IRQHandler                   0x000006af   Thumb Code     0  startup.o(.text)
    GPIO0_IRQHandler                         0x000006af   Thumb Code     0  startup.o(.text)
    GPIO1_IRQHandler                         0x000006af   Thumb Code     0  startup.o(.text)
    GPIO2_IRQHandler                         0x000006af   Thumb Code     0  startup.o(.text)
    GPIO3_IRQHandler                         0x000006af   Thumb Code     0  startup.o(.text)
    GPIO4_IRQHandler                         0x000006af   Thumb Code     0  startup.o(.text)
    I2C0_IRQHandler                          0x000006af   Thumb Code     0  startup.o(.text)
    I2C1_IRQHandler                          0x000006af   Thumb Code     0  startup.o(.text)
    I2C2_IRQHandler                          0x000006af   Thumb Code     0  startup.o(.text)
    I2S0_DMA_IRQHandler                      0x000006af   Thumb Code     0  startup.o(.text)
    I2S1_DMA_IRQHandler                      0x000006af   Thumb Code     0  startup.o(.text)
    I2S2_DMA_IRQHandler                      0x000006af   Thumb Code     0  startup.o(.text)
    I2S3_DMA_IRQHandler                      0x000006af   Thumb Code     0  startup.o(.text)
    I2S4_IRQHandler                          0x000006af   Thumb Code     0  startup.o(.text)
    IDMA0_IRQHandler                         0x000006af   Thumb Code     0  startup.o(.text)
    IDMA1_IRQHandler                         0x000006af   Thumb Code     0  startup.o(.text)
    JPEG_DEC_DMA_IN_IRQHandler               0x000006af   Thumb Code     0  startup.o(.text)
    JPEG_DEC_DMA_OUT_IRQHandler              0x000006af   Thumb Code     0  startup.o(.text)
    JPEG_ENC_DMA_IN_IRQHandler               0x000006af   Thumb Code     0  startup.o(.text)
    JPEG_ENC_DMA_OUT_IRQHandler              0x000006af   Thumb Code     0  startup.o(.text)
    JPEG_ENC_END_IRQHandler                  0x000006af   Thumb Code     0  startup.o(.text)
    NFECC_IRQHandler                         0x000006af   Thumb Code     0  startup.o(.text)
    PPU_HBLK_IRQHandler                      0x000006af   Thumb Code     0  startup.o(.text)
    PPU_VBLK_IRQHandler                      0x000006af   Thumb Code     0  startup.o(.text)
    RTC_IRQHandler                           0x000006af   Thumb Code     0  startup.o(.text)
    SAR_ADC_IRQHandler                       0x000006af   Thumb Code     0  startup.o(.text)
    SCRIPT_IRQHandler                        0x000006af   Thumb Code     0  startup.o(.text)
    SDIO_DMA_IRQHandler                      0x000006af   Thumb Code     0  startup.o(.text)
    SDIO_IRQHandler                          0x000006af   Thumb Code     0  startup.o(.text)
    SDNF_DMA_IRQHandler                      0x000006af   Thumb Code     0  startup.o(.text)
    SPI0_DMA_IRQHandler                      0x000006af   Thumb Code     0  startup.o(.text)
    SPI0_ECC_IRQHandler                      0x000006af   Thumb Code     0  startup.o(.text)
    SPI0_IRQHandler                          0x000006af   Thumb Code     0  startup.o(.text)
    SPI1_DMA_IRQHandler                      0x000006af   Thumb Code     0  startup.o(.text)
    SPI1_ECC_IRQHandler                      0x000006af   Thumb Code     0  startup.o(.text)
    SPI1_IRQHandler                          0x000006af   Thumb Code     0  startup.o(.text)
    UART0_IRQHandler                         0x000006af   Thumb Code     0  startup.o(.text)
    UART1_IRQHandler                         0x000006af   Thumb Code     0  startup.o(.text)
    USBDEV_IRQHandler                        0x000006af   Thumb Code     0  startup.o(.text)
    USB_HOST0_IRQHandler                     0x000006af   Thumb Code     0  startup.o(.text)
    USB_HOST1_IRQHandler                     0x000006af   Thumb Code     0  startup.o(.text)
    USB_suspend_IRQHandler                   0x000006af   Thumb Code     0  startup.o(.text)
    __user_initial_stackheap                 0x000006b1   Thumb Code    10  startup.o(.text)
    set_fld                                  0x000007e7   Thumb Code    26  bsp.o(.text)
    opi_init                                 0x00000801   Thumb Code  1866  bsp.o(.text)
    HardFault_Handler                        0x00000fe7   Thumb Code    86  bsp.o(.text)
    Stack_Size                               0x00001000   Number         0  startup.o ABSOLUTE
    System_Init                              0x0000103d   Thumb Code   146  bsp.o(.text)
    ADC_Set_Channel_Mode                     0x0000115d   Thumb Code    40  codec.o(.text)
    ADC_Turn_On                              0x00001185   Thumb Code    90  codec.o(.text)
    ADC_Pause_Switch                         0x000011df   Thumb Code    48  codec.o(.text)
    ADC_Set_DMA_Address_and_Length           0x0000120f   Thumb Code    66  codec.o(.text)
    ADC_Get_Rx_Index                         0x00001251   Thumb Code    24  codec.o(.text)
    ADC_Enable                               0x00001269   Thumb Code   132  codec.o(.text)
    ADC_Disable                              0x000012ed   Thumb Code    26  codec.o(.text)
    DAC_Set_Channel_Mode                     0x00001307   Thumb Code    40  codec.o(.text)
    DAC_Mute_Switch                          0x0000132f   Thumb Code    48  codec.o(.text)
    DAC_Turn_On                              0x0000135f   Thumb Code    90  codec.o(.text)
    DAC_Set_DMA_Address_and_Length           0x000013b9   Thumb Code    66  codec.o(.text)
    DAC_Get_Tx_Index                         0x000013fb   Thumb Code    24  codec.o(.text)
    DAC_Pause_Switch                         0x00001413   Thumb Code    48  codec.o(.text)
    DAC_Enable                               0x00001443   Thumb Code   120  codec.o(.text)
    DAC_Disable                              0x000014bb   Thumb Code    26  codec.o(.text)
    I2C_ch_sel                               0x000014d5   Thumb Code     6  i2c_software_master.o(.text)
    SCL_rd                                   0x000014db   Thumb Code    48  i2c_software_master.o(.text)
    SDA_rd                                   0x0000150b   Thumb Code    48  i2c_software_master.o(.text)
    I2C_SoftWare_Master_Init                 0x0000153b   Thumb Code   362  i2c_software_master.o(.text)
    ACK_read_init                            0x000016a5   Thumb Code    38  i2c_software_master.o(.text)
    ACK_read_deinit                          0x000016cb   Thumb Code    38  i2c_software_master.o(.text)
    SCL_read                                 0x000016f1   Thumb Code     8  i2c_software_master.o(.text)
    SDA_read                                 0x000016f9   Thumb Code     8  i2c_software_master.o(.text)
    I2C_delay                                0x00001701   Thumb Code    24  i2c_software_master.o(.text)
    I2C_delay_C                              0x00001719   Thumb Code    24  i2c_software_master.o(.text)
    I2C_delay_2                              0x00001731   Thumb Code    24  i2c_software_master.o(.text)
    I2C_delay_3                              0x00001749   Thumb Code    24  i2c_software_master.o(.text)
    I2C_Start                                0x00001761   Thumb Code   182  i2c_software_master.o(.text)
    I2C_Stop                                 0x00001817   Thumb Code   186  i2c_software_master.o(.text)
    I2C_Ack                                  0x000018d1   Thumb Code   164  i2c_software_master.o(.text)
    I2C_NoAck                                0x00001975   Thumb Code   164  i2c_software_master.o(.text)
    I2C_WaitAck                              0x00001a19   Thumb Code   180  i2c_software_master.o(.text)
    I2C_SendByte                             0x00001acd   Thumb Code   228  i2c_software_master.o(.text)
    I2C_SendByte2                            0x00001bb1   Thumb Code   228  i2c_software_master.o(.text)
    I2C_ReceiveByte                          0x00001c95   Thumb Code   180  i2c_software_master.o(.text)
    I2C_SoftWare_Master_ReInit               0x00001d49   Thumb Code    12  i2c_software_master.o(.text)
    I2C_SoftWare_Master_Write                0x00001d55   Thumb Code    84  i2c_software_master.o(.text)
    I2C_Start_Master_read                    0x00001da9   Thumb Code   124  i2c_software_master.o(.text)
    I2C_SoftWare_Master_Read                 0x00001e25   Thumb Code    76  i2c_software_master.o(.text)
    I2S_Enable                               0x00001eab   Thumb Code    28  i2s.o(.text)
    I2S_MODE                                 0x00001ec7   Thumb Code    26  i2s.o(.text)
    I2S_Tx_Enable                            0x00001ee1   Thumb Code    46  i2s.o(.text)
    I2S_Rx_Enable                            0x00001f0f   Thumb Code    42  i2s.o(.text)
    I2S_Disable                              0x00001f39   Thumb Code    24  i2s.o(.text)
    I2S_Set_Ch_Len                           0x00001f51   Thumb Code    26  i2s.o(.text)
    I2S_Set_Data_Len                         0x00001f6b   Thumb Code    26  i2s.o(.text)
    I2S_Set_Format                           0x00001f85   Thumb Code    26  i2s.o(.text)
    I2S_Set_MONO_STEREO                      0x00001f9f   Thumb Code    26  i2s.o(.text)
    I2S_SEL_IMCLK                            0x00001fb9   Thumb Code    10  i2s.o(.text)
    I2S_SET_BCLKDIV                          0x00001fc3   Thumb Code    10  i2s.o(.text)
    I2S_Set_BCLK                             0x00002151   Thumb Code    84  i2s.o(.text)
    I2S_Get_Rx_Toggle_IRQ                    0x000021a5   Thumb Code    22  i2s.o(.text)
    I2S_Get_Tx_Toggle_IRQ                    0x000021bb   Thumb Code    22  i2s.o(.text)
    I2S_Set_Rx_Toggle_IRQ                    0x000021d1   Thumb Code   394  i2s.o(.text)
    I2S_Set_Tx_Toggle_IRQ                    0x0000235b   Thumb Code   372  i2s.o(.text)
    I2S_Set_DMA_Len                          0x000024cf   Thumb Code    26  i2s.o(.text)
    I2S_Set_TxBuf1_Addr                      0x000024e9   Thumb Code    20  i2s.o(.text)
    I2S_Get_TxBuf1_Addr                      0x000024fd   Thumb Code    18  i2s.o(.text)
    I2S_Set_TxBuf2_Offset                    0x0000250f   Thumb Code    20  i2s.o(.text)
    I2S_Get_TxBuf_Idx                        0x00002523   Thumb Code    18  i2s.o(.text)
    I2S_Set_RxBuf1_Addr                      0x00002535   Thumb Code    20  i2s.o(.text)
    I2S_Get_RxBuf1_Addr                      0x00002549   Thumb Code    18  i2s.o(.text)
    I2S_Set_RxBuf2_Offset                    0x0000255b   Thumb Code    20  i2s.o(.text)
    I2S_Get_RxBuf_Idx                        0x0000256f   Thumb Code    18  i2s.o(.text)
    I2S_Pause                                0x00002581   Thumb Code    28  i2s.o(.text)
    I2S_Resume                               0x0000259d   Thumb Code    24  i2s.o(.text)
    I2S_Start                                0x000025b5   Thumb Code    26  i2s.o(.text)
    I2S_Mute                                 0x000025cf   Thumb Code    26  i2s.o(.text)
    I2S_UnMute                               0x000025e9   Thumb Code    24  i2s.o(.text)
    I2S_Stop                                 0x00002601   Thumb Code    24  i2s.o(.text)
    I2S_Init                                 0x00002619   Thumb Code   180  i2s.o(.text)
    I2S_GetVersion                           0x000026cd   Thumb Code     4  i2s.o(.text)
    I2S4_Clr_Rx_FIFO                         0x000026d5   Thumb Code    18  i2s4.o(.text)
    I2S4_Clr_Tx_FIFO                         0x000026e7   Thumb Code    18  i2s4.o(.text)
    I2S4_Enable                              0x000026f9   Thumb Code   204  i2s4.o(.text)
    I2S4_Disable                             0x000027c5   Thumb Code    14  i2s4.o(.text)
    I2S4_Set_Ch_Len                          0x000027d3   Thumb Code    14  i2s4.o(.text)
    I2S4_Set_Data_Len                        0x000027e1   Thumb Code    14  i2s4.o(.text)
    I2S4_Set_Format                          0x000027ef   Thumb Code    14  i2s4.o(.text)
    I2S4_Set_MONO_STEREO                     0x000027fd   Thumb Code    14  i2s4.o(.text)
    I2S4_Start                               0x0000280b   Thumb Code    16  i2s4.o(.text)
    I2S4_Mute                                0x0000281b   Thumb Code    16  i2s4.o(.text)
    I2S4_UnMute                              0x0000282b   Thumb Code    14  i2s4.o(.text)
    I2S4_Stop                                0x00002839   Thumb Code    14  i2s4.o(.text)
    I2S4_SEL_IMCLK                           0x00002847   Thumb Code   116  i2s4.o(.text)
    I2S4_SET_BCLKDIV                         0x000028bb   Thumb Code    14  i2s4.o(.text)
    I2S4_SET_IMCLKDIV                        0x000028c9   Thumb Code    14  i2s4.o(.text)
    I2S4_Clr_Int_Flag                        0x000028d7   Thumb Code    12  i2s4.o(.text)
    I2S4_Set_Rx_THD                          0x000028e3   Thumb Code    18  i2s4.o(.text)
    I2S4_Set_Tx_THD                          0x000028f5   Thumb Code    18  i2s4.o(.text)
    I2S4_Set_INT_Enable                      0x00002907   Thumb Code   246  i2s4.o(.text)
    I2S4_Set_INT_Disable                     0x000029fd   Thumb Code    76  i2s4.o(.text)
    I2S4_Read_Rx_FIFO                        0x00002a49   Thumb Code     6  i2s4.o(.text)
    I2S4_Write_Tx_FIFO                       0x00002a4f   Thumb Code     6  i2s4.o(.text)
    I2S4_Read_IP_Status                      0x00002a55   Thumb Code     6  i2s4.o(.text)
    I2S4_Read_Int_Status                     0x00002a5b   Thumb Code     6  i2s4.o(.text)
    I2S4_Read_Tx_FIFO_Status                 0x00002a61   Thumb Code    10  i2s4.o(.text)
    I2S4_Read_Rx_FIFO_Status                 0x00002a6b   Thumb Code    10  i2s4.o(.text)
    I2S4_MCLK_OUT0_SEL                       0x00002a75   Thumb Code    14  i2s4.o(.text)
    I2S4_MCLK_OUT1_SEL                       0x00002a83   Thumb Code    14  i2s4.o(.text)
    I2S4_MCLK_OUT_ENABLE                     0x00002a91   Thumb Code    14  i2s4.o(.text)
    I2S4_MCLK_OUT0_OUT1_SEL                  0x00002a9f   Thumb Code    76  i2s4.o(.text)
    I2S4_Init                                0x00002aeb   Thumb Code    18  i2s4.o(.text)
    I2S4_8Bit_STD_Handler                    0x00002afd   Thumb Code   184  i2s4.o(.text)
    I2S4_16Bit_STD_Handler                   0x00002bb5   Thumb Code   120  i2s4.o(.text)
    I2S4_32Bit_STD_Handler                   0x00002c2d   Thumb Code   120  i2s4.o(.text)
    I2S4_MONO_Handler                        0x00002ca5   Thumb Code    82  i2s4.o(.text)
    Delay                                    0x00002cfd   Thumb Code    24  aud_driver.o(.text)
    AUD_RegWrite                             0x00002d21   Thumb Code    78  aud_driver.o(.text)
    AUD_RegRead                              0x00002d6f   Thumb Code    62  aud_driver.o(.text)
    AUD_SlaveMode_Init                       0x00002dad   Thumb Code  1336  aud_driver.o(.text)
    AUD_MasterMode_Init                      0x000032e5   Thumb Code  1464  aud_driver.o(.text)
    calloc                                   0x000038a1   Thumb Code    40  calloc.o(.text)
    free                                     0x000038c9   Thumb Code    78  h1_free.o(.text)
    __aeabi_memcpy4                          0x00003917   Thumb Code     0  rt_memcpy_w.o(.text)
    __aeabi_memcpy8                          0x00003917   Thumb Code     0  rt_memcpy_w.o(.text)
    __rt_memcpy_w                            0x00003917   Thumb Code   100  rt_memcpy_w.o(.text)
    _memcpy_lastbytes_aligned                0x0000395f   Thumb Code     0  rt_memcpy_w.o(.text)
    __aeabi_memclr                           0x0000397b   Thumb Code     0  rt_memclr.o(.text)
    __rt_memclr                              0x0000397b   Thumb Code    68  rt_memclr.o(.text)
    _memset                                  0x0000397f   Thumb Code     0  rt_memclr.o(.text)
    __use_two_region_memory                  0x000039bf   Thumb Code     2  heapauxi.o(.text)
    __rt_heap_escrow                         0x000039c1   Thumb Code     2  heapauxi.o(.text)
    __rt_heap_expand                         0x000039c3   Thumb Code     2  heapauxi.o(.text)
    __rt_heap_descriptor                     0x000039c5   Thumb Code     8  rt_heap_descriptor_intlibspace.o(.text)
    __use_no_heap                            0x000039cd   Thumb Code     2  hguard.o(.text)
    __heap$guard                             0x000039cf   Thumb Code     2  hguard.o(.text)
    _terminate_user_alloc                    0x000039d1   Thumb Code     2  init_alloc.o(.text)
    _init_user_alloc                         0x000039d3   Thumb Code     2  init_alloc.o(.text)
    __Heap_Full                              0x000039d5   Thumb Code    34  init_alloc.o(.text)
    __Heap_Broken                            0x000039f7   Thumb Code     6  init_alloc.o(.text)
    _init_alloc                              0x000039fd   Thumb Code    94  init_alloc.o(.text)
    malloc                                   0x00003a5b   Thumb Code    94  h1_alloc.o(.text)
    __aeabi_memclr4                          0x00003ab9   Thumb Code     0  rt_memclr_w.o(.text)
    __aeabi_memclr8                          0x00003ab9   Thumb Code     0  rt_memclr_w.o(.text)
    __rt_memclr_w                            0x00003ab9   Thumb Code    78  rt_memclr_w.o(.text)
    _memset_w                                0x00003abd   Thumb Code     0  rt_memclr_w.o(.text)
    __user_libspace                          0x00003b09   Thumb Code     8  libspace.o(.text)
    __user_perproc_libspace                  0x00003b09   Thumb Code     0  libspace.o(.text)
    __user_perthread_libspace                0x00003b09   Thumb Code     0  libspace.o(.text)
    __Heap_Initialize                        0x00003b11   Thumb Code    10  h1_init.o(.text)
    __Heap_DescSize                          0x00003b1b   Thumb Code     4  h1_init.o(.text)
    __Heap_ProvideMemory                     0x00003b1f   Thumb Code    52  h1_extend.o(.text)
    __rt_SIGRTMEM                            0x00003b53   Thumb Code    14  defsig_rtmem_outer.o(.text)
    __user_setup_stackheap                   0x00003b61   Thumb Code    74  sys_stackheap_outer.o(.text)
    exit                                     0x00003bab   Thumb Code    18  exit.o(.text)
    __sig_exit                               0x00003bbd   Thumb Code    10  defsig_exit.o(.text)
    __rt_SIGRTMEM_inner                      0x00003bc9   Thumb Code    22  defsig_rtmem_inner.o(.text)
    _sys_exit                                0x00003c19   Thumb Code     8  sys_exit.o(.text)
    __I$use$semihosting                      0x00003c25   Thumb Code     0  use_no_semi.o(.text)
    __use_no_semihosting_swi                 0x00003c25   Thumb Code     2  use_no_semi.o(.text)
    __default_signal_display                 0x00003c27   Thumb Code    50  defsig_general.o(.text)
    __semihosting_library_function           0x00003c27   Thumb Code     0  indicate_semi.o(.text)
    _ttywrch                                 0x00003c59   Thumb Code    14  sys_wrch.o(.text)
    Region$$Table$$Base                      0x00003d64   Number         0  anon$$obj.o(Region$$Table)
    Region$$Table$$Limit                     0x00003d84   Number         0  anon$$obj.o(Region$$Table)
    codec_buffer                             0x18000038   Data        1280  main.o(.bss)
    bits_buffer                              0x18000538   Data       12000  main.o(.bss)
    __libspace_start                         0x1800343c   Data          96  libspace.o(.bss)
    __temporary_stack_top$libspace           0x1800349c   Data           0  libspace.o(.bss)
    sonix_load_table                         0x60000000   Data          72  sonix_load_table.o(.ARM.__AT_0x60000000)
    A32_32K_1_START                          0x60011000   Data           0  audio_file.o(.ARM.__at_0x60011000)
    A32_32K_1_END                            0x600174f0   Data           0  audio_file.o(.ARM.__at_0x60011000)
    A32_32K_2_START                          0x600174f0   Data           0  audio_file.o(.ARM.__at_0x60011000)
    A32_32K_2_END                            0x6003b580   Data           0  audio_file.o(.ARM.__at_0x60011000)
    A32_32K_3_START                          0x6003b580   Data           0  audio_file.o(.ARM.__at_0x60011000)
    A32_32K_3_END                            0x6003d880   Data           0  audio_file.o(.ARM.__at_0x60011000)
    A32_32K_4_START                          0x6003d880   Data           0  audio_file.o(.ARM.__at_0x60011000)
    A32_32K_4_END                            0x600416b0   Data           0  audio_file.o(.ARM.__at_0x60011000)
    A32_32K_5_START                          0x600416b0   Data           0  audio_file.o(.ARM.__at_0x60011000)
    A32_24K_1_START                          0x60077df0   Data           0  audio_file.o(.ARM.__at_0x60011000)
    A32_32K_5_END                            0x60077df0   Data           0  audio_file.o(.ARM.__at_0x60011000)
    A32_24K_1_END                            0x6007c9a4   Data           0  audio_file.o(.ARM.__at_0x60011000)
    A32_24K_2_START                          0x6007c9a4   Data           0  audio_file.o(.ARM.__at_0x60011000)
    A32_24K_2_END                            0x60097a10   Data           0  audio_file.o(.ARM.__at_0x60011000)
    A32_24K_3_START                          0x60097a10   Data           0  audio_file.o(.ARM.__at_0x60011000)
    A32_24K_3_END                            0x60099450   Data           0  audio_file.o(.ARM.__at_0x60011000)
    A32_24K_4_START                          0x60099450   Data           0  audio_file.o(.ARM.__at_0x60011000)
    A32_24K_4_END                            0x6009c2f4   Data           0  audio_file.o(.ARM.__at_0x60011000)
    A32_24K_5_START                          0x6009c2f4   Data           0  audio_file.o(.ARM.__at_0x60011000)
    A32_16K_1_START                          0x600c5064   Data           0  audio_file.o(.ARM.__at_0x60011000)
    A32_24K_5_END                            0x600c5064   Data           0  audio_file.o(.ARM.__at_0x60011000)
    A32_16K_1_END                            0x600c82dc   Data           0  audio_file.o(.ARM.__at_0x60011000)
    A32_16K_2_START                          0x600c82dc   Data           0  audio_file.o(.ARM.__at_0x60011000)
    A32_16K_2_END                            0x600da324   Data           0  audio_file.o(.ARM.__at_0x60011000)
    A32_16K_3_START                          0x600da324   Data           0  audio_file.o(.ARM.__at_0x60011000)
    A32_16K_3_END                            0x600db4a4   Data           0  audio_file.o(.ARM.__at_0x60011000)
    A32_16K_4_START                          0x600db4a4   Data           0  audio_file.o(.ARM.__at_0x60011000)
    A32_16K_4_END                            0x600dd3bc   Data           0  audio_file.o(.ARM.__at_0x60011000)
    A32_16K_5_START                          0x600dd3bc   Data           0  audio_file.o(.ARM.__at_0x60011000)
    A32_16K_5_END                            0x600f875c   Data           0  audio_file.o(.ARM.__at_0x60011000)



==============================================================================

Memory Map of the image

  Image Entry point : 0x00000125

  Load Region LR_PRAM (Base: 0x00000000, Size: 0x00003dbc, Max: 0x00010000, ABSOLUTE)

    Execution Region ER_PRAM (Base: 0x00000000, Size: 0x00003d84, Max: 0x00010000, ABSOLUTE)

    Base Addr    Size         Type   Attr      Idx    E Section Name        Object

    0x00000000   0x00000124   Data   RO          153    RESET               startup.o
    0x00000124   0x00000008   Code   RO          485  * !!!main             c_w.l(__main.o)
    0x0000012c   0x00000034   Code   RO          694    !!!scatter          c_w.l(__scatter.o)
    0x00000160   0x0000001a   Code   RO          696    !!handler_copy      c_w.l(__scatter_copy.o)
    0x0000017a   0x00000002   PAD
    0x0000017c   0x0000001c   Code   RO          698    !!handler_zi        c_w.l(__scatter_zi.o)
    0x00000198   0x00000002   Code   RO          624    .ARM.Collect$$libinit$$00000000  c_w.l(libinit.o)
    0x0000019a   0x00000000   Code   RO          557    .ARM.Collect$$libinit$$00000002  c_w.l(libinit2.o)
    0x0000019a   0x00000000   Code   RO          559    .ARM.Collect$$libinit$$00000004  c_w.l(libinit2.o)
    0x0000019a   0x00000008   Code   RO          560    .ARM.Collect$$libinit$$00000005  c_w.l(libinit2.o)
    0x000001a2   0x00000000   Code   RO          562    .ARM.Collect$$libinit$$0000000A  c_w.l(libinit2.o)
    0x000001a2   0x00000000   Code   RO          564    .ARM.Collect$$libinit$$0000000C  c_w.l(libinit2.o)
    0x000001a2   0x00000000   Code   RO          566    .ARM.Collect$$libinit$$0000000E  c_w.l(libinit2.o)
    0x000001a2   0x00000000   Code   RO          569    .ARM.Collect$$libinit$$00000011  c_w.l(libinit2.o)
    0x000001a2   0x00000000   Code   RO          571    .ARM.Collect$$libinit$$00000013  c_w.l(libinit2.o)
    0x000001a2   0x00000000   Code   RO          573    .ARM.Collect$$libinit$$00000015  c_w.l(libinit2.o)
    0x000001a2   0x00000000   Code   RO          575    .ARM.Collect$$libinit$$00000017  c_w.l(libinit2.o)
    0x000001a2   0x00000000   Code   RO          577    .ARM.Collect$$libinit$$00000019  c_w.l(libinit2.o)
    0x000001a2   0x00000000   Code   RO          579    .ARM.Collect$$libinit$$0000001B  c_w.l(libinit2.o)
    0x000001a2   0x00000000   Code   RO          581    .ARM.Collect$$libinit$$0000001D  c_w.l(libinit2.o)
    0x000001a2   0x00000000   Code   RO          583    .ARM.Collect$$libinit$$0000001F  c_w.l(libinit2.o)
    0x000001a2   0x00000000   Code   RO          585    .ARM.Collect$$libinit$$00000021  c_w.l(libinit2.o)
    0x000001a2   0x00000000   Code   RO          587    .ARM.Collect$$libinit$$00000023  c_w.l(libinit2.o)
    0x000001a2   0x00000000   Code   RO          589    .ARM.Collect$$libinit$$00000025  c_w.l(libinit2.o)
    0x000001a2   0x00000000   Code   RO          593    .ARM.Collect$$libinit$$0000002C  c_w.l(libinit2.o)
    0x000001a2   0x00000000   Code   RO          595    .ARM.Collect$$libinit$$0000002E  c_w.l(libinit2.o)
    0x000001a2   0x00000000   Code   RO          597    .ARM.Collect$$libinit$$00000030  c_w.l(libinit2.o)
    0x000001a2   0x00000000   Code   RO          599    .ARM.Collect$$libinit$$00000032  c_w.l(libinit2.o)
    0x000001a2   0x00000002   Code   RO          600    .ARM.Collect$$libinit$$00000033  c_w.l(libinit2.o)
    0x000001a4   0x00000002   Code   RO          691    .ARM.Collect$$libshutdown$$00000000  c_w.l(libshutdown.o)
    0x000001a6   0x00000000   Code   RO          647    .ARM.Collect$$libshutdown$$00000002  c_w.l(libshutdown2.o)
    0x000001a6   0x00000000   Code   RO          649    .ARM.Collect$$libshutdown$$00000004  c_w.l(libshutdown2.o)
    0x000001a6   0x00000000   Code   RO          652    .ARM.Collect$$libshutdown$$00000007  c_w.l(libshutdown2.o)
    0x000001a6   0x00000000   Code   RO          655    .ARM.Collect$$libshutdown$$0000000A  c_w.l(libshutdown2.o)
    0x000001a6   0x00000000   Code   RO          657    .ARM.Collect$$libshutdown$$0000000C  c_w.l(libshutdown2.o)
    0x000001a6   0x00000000   Code   RO          660    .ARM.Collect$$libshutdown$$0000000F  c_w.l(libshutdown2.o)
    0x000001a6   0x00000002   Code   RO          661    .ARM.Collect$$libshutdown$$00000010  c_w.l(libshutdown2.o)
    0x000001a8   0x00000000   Code   RO          489    .ARM.Collect$$rtentry$$00000000  c_w.l(__rtentry.o)
    0x000001a8   0x00000000   Code   RO          523    .ARM.Collect$$rtentry$$00000002  c_w.l(__rtentry2.o)
    0x000001a8   0x00000006   Code   RO          535    .ARM.Collect$$rtentry$$00000004  c_w.l(__rtentry4.o)
    0x000001ae   0x00000000   Code   RO          525    .ARM.Collect$$rtentry$$00000009  c_w.l(__rtentry2.o)
    0x000001ae   0x00000004   Code   RO          526    .ARM.Collect$$rtentry$$0000000A  c_w.l(__rtentry2.o)
    0x000001b2   0x00000000   Code   RO          528    .ARM.Collect$$rtentry$$0000000C  c_w.l(__rtentry2.o)
    0x000001b2   0x00000008   Code   RO          529    .ARM.Collect$$rtentry$$0000000D  c_w.l(__rtentry2.o)
    0x000001ba   0x00000002   Code   RO          632    .ARM.Collect$$rtexit$$00000000  c_w.l(rtexit.o)
    0x000001bc   0x00000000   Code   RO          665    .ARM.Collect$$rtexit$$00000002  c_w.l(rtexit2.o)
    0x000001bc   0x00000004   Code   RO          666    .ARM.Collect$$rtexit$$00000003  c_w.l(rtexit2.o)
    0x000001c0   0x00000006   Code   RO          667    .ARM.Collect$$rtexit$$00000004  c_w.l(rtexit2.o)
    0x000001c6   0x00000002   PAD
    0x000001c8   0x00000000   Code   RO          537    .emb_text           c_w.l(maybetermalloc1.o)
    0x000001c8   0x000004ba   Code   RO            3    .text               main.o
    0x00000682   0x00000002   PAD
    0x00000684   0x00000050   Code   RO          154    .text               startup.o
    0x000006d4   0x00000a0c   Code   RO          160    .text               bsp.o
    0x000010e0   0x000003f4   Code   RO          230    .text               codec.o
    0x000014d4   0x000009ac   Code   RO          279    .text               i2c_software_master.o
    0x00001e80   0x00000854   Code   RO          301    .text               i2s.o
    0x000026d4   0x00000628   Code   RO          360    .text               i2s4.o
    0x00002cfc   0x00000ba4   Code   RO          382    .text               aud_driver.o
    0x000038a0   0x00000028   Code   RO          423    .text               c_w.l(calloc.o)
    0x000038c8   0x0000004e   Code   RO          425    .text               c_w.l(h1_free.o)
    0x00003916   0x00000064   Code   RO          479    .text               c_w.l(rt_memcpy_w.o)
    0x0000397a   0x00000044   Code   RO          481    .text               c_w.l(rt_memclr.o)
    0x000039be   0x00000006   Code   RO          483    .text               c_w.l(heapauxi.o)
    0x000039c4   0x00000008   Code   RO          493    .text               c_w.l(rt_heap_descriptor_intlibspace.o)
    0x000039cc   0x00000004   Code   RO          495    .text               c_w.l(hguard.o)
    0x000039d0   0x0000008a   Code   RO          497    .text               c_w.l(init_alloc.o)
    0x00003a5a   0x0000005e   Code   RO          503    .text               c_w.l(h1_alloc.o)
    0x00003ab8   0x0000004e   Code   RO          517    .text               c_w.l(rt_memclr_w.o)
    0x00003b06   0x00000002   PAD
    0x00003b08   0x00000008   Code   RO          519    .text               c_w.l(libspace.o)
    0x00003b10   0x0000000e   Code   RO          539    .text               c_w.l(h1_init.o)
    0x00003b1e   0x00000034   Code   RO          541    .text               c_w.l(h1_extend.o)
    0x00003b52   0x0000000e   Code   RO          547    .text               c_w.l(defsig_rtmem_outer.o)
    0x00003b60   0x0000004a   Code   RO          603    .text               c_w.l(sys_stackheap_outer.o)
    0x00003baa   0x00000012   Code   RO          611    .text               c_w.l(exit.o)
    0x00003bbc   0x0000000a   Code   RO          613    .text               c_w.l(defsig_exit.o)
    0x00003bc6   0x00000002   PAD
    0x00003bc8   0x00000050   Code   RO          615    .text               c_w.l(defsig_rtmem_inner.o)
    0x00003c18   0x0000000c   Code   RO          627    .text               c_w.l(sys_exit.o)
    0x00003c24   0x00000002   Code   RO          629    .text               c_w.l(use_no_semi.o)
    0x00003c26   0x00000000   Code   RO          631    .text               c_w.l(indicate_semi.o)
    0x00003c26   0x00000032   Code   RO          640    .text               c_w.l(defsig_general.o)
    0x00003c58   0x0000000e   Code   RO          662    .text               c_w.l(sys_wrch.o)
    0x00003c66   0x00000002   PAD
    0x00003c68   0x000000fc   Data   RO          161    .constdata          bsp.o
    0x00003d64   0x00000020   Data   RO          692    Region$$Table       anon$$obj.o


    Execution Region RW_SRAM0 (Base: 0x18000000, Size: 0x000054a0, Max: 0x00040000, ABSOLUTE)

    Base Addr    Size         Type   Attr      Idx    E Section Name        Object

    0x18000000   0x00000034   Data   RW          280    .data               i2c_software_master.o
    0x18000034   0x00000004   Data   RW          361    .data               i2s4.o
    0x18000038   0x000033e0   Zero   RW            4    .bss                main.o
    0x18003418   0x00000022   Zero   RW          383    .bss                aud_driver.o
    0x1800343a   0x00000002   PAD
    0x1800343c   0x00000060   Zero   RW          520    .bss                c_w.l(libspace.o)
    0x1800349c   0x00000004   PAD
    0x180034a0   0x00001000   Zero   RW          152    HEAP                startup.o
    0x180044a0   0x00001000   Zero   RW          151    STACK               startup.o



  Load Region LR_CACHE (Base: 0x60200000, Size: 0x00000000, Max: 0x00080000, ABSOLUTE)

    Execution Region ER_CACHE (Base: 0x10000000, Size: 0x00000000, Max: 0xffffffff, OVERLAY)

    **** No section assigned to this execution region ****



  Load Region LR$$.ARM.__AT_0x60000000 (Base: 0x60000000, Size: 0x00000048, Max: 0x00000048, ABSOLUTE)

    Execution Region ER$$.ARM.__AT_0x60000000 (Base: 0x60000000, Size: 0x00000048, Max: 0x00000048, ABSOLUTE, UNINIT)

    Base Addr    Size         Type   Attr      Idx    E Section Name        Object

    0x60000000   0x00000048   Data   RO          219    .ARM.__AT_0x60000000  sonix_load_table.o



  Load Region LR$$.ARM.__at_0x60011000 (Base: 0x60011000, Size: 0x000e775c, Max: 0x000e775c, ABSOLUTE)

    Execution Region ER$$.ARM.__at_0x60011000 (Base: 0x60011000, Size: 0x000e775c, Max: 0x000e775c, ABSOLUTE, UNINIT)

    Base Addr    Size         Type   Attr      Idx    E Section Name        Object

    0x60011000   0x000e775c   Data   RO          150    .ARM.__at_0x60011000  audio_file.o


==============================================================================

Image component sizes


      Code (inc. data)   RO Data    RW Data    ZI Data      Debug   Object Name

      2980         14          0          0         34       8720   aud_driver.o
         0          0     948060          0          0          0   audio_file.o
      2572         86        252          0          0      35961   bsp.o
      1012          0          0          0          0      14172   codec.o
      2476         56          0         52          0       6962   i2c_software_master.o
      2132         74          0          0          0      39051   i2s.o
      1576         22          0          4          0       8047   i2s4.o
      1210        134          0          0      13280      41901   main.o
         0          0         72          0          0        923   sonix_load_table.o
        80         26        292          0       8192        888   startup.o

    ----------------------------------------------------------------------
     14040        412     948708         56      21508     156625   Object Totals
         0          0         32          0          0          0   (incl. Generated)
         2          0          0          0          2          0   (incl. Padding)

    ----------------------------------------------------------------------

      Code (inc. data)   RO Data    RW Data    ZI Data      Debug   Library Member Name

         8          0          0          0          0         68   __main.o
         0          0          0          0          0          0   __rtentry.o
        12          0          0          0          0          0   __rtentry2.o
         6          0          0          0          0          0   __rtentry4.o
        52          8          0          0          0          0   __scatter.o
        26          0          0          0          0          0   __scatter_copy.o
        28          0          0          0          0          0   __scatter_zi.o
        40          0          0          0          0         80   calloc.o
        10          0          0          0          0         68   defsig_exit.o
        50          0          0          0          0         88   defsig_general.o
        80         58          0          0          0         76   defsig_rtmem_inner.o
        14          0          0          0          0         80   defsig_rtmem_outer.o
        18          0          0          0          0         80   exit.o
        94          0          0          0          0         80   h1_alloc.o
        52          0          0          0          0         68   h1_extend.o
        78          0          0          0          0         80   h1_free.o
        14          0          0          0          0         84   h1_init.o
         6          0          0          0          0        152   heapauxi.o
         4          0          0          0          0        136   hguard.o
         0          0          0          0          0          0   indicate_semi.o
       138          0          0          0          0        168   init_alloc.o
         2          0          0          0          0          0   libinit.o
        10          0          0          0          0          0   libinit2.o
         2          0          0          0          0          0   libshutdown.o
         2          0          0          0          0          0   libshutdown2.o
         8          4          0          0         96         68   libspace.o
         0          0          0          0          0          0   maybetermalloc1.o
         8          4          0          0          0         68   rt_heap_descriptor_intlibspace.o
        68          0          0          0          0         68   rt_memclr.o
        78          0          0          0          0         80   rt_memclr_w.o
       100          0          0          0          0         80   rt_memcpy_w.o
         2          0          0          0          0          0   rtexit.o
        10          0          0          0          0          0   rtexit2.o
        12          4          0          0          0         68   sys_exit.o
        74          0          0          0          0         80   sys_stackheap_outer.o
        14          0          0          0          0         76   sys_wrch.o
         2          0          0          0          0         68   use_no_semi.o

    ----------------------------------------------------------------------
      1132         78          0          0        100       1964   Library Totals
        10          0          0          0          4          0   (incl. Padding)

    ----------------------------------------------------------------------

      Code (inc. data)   RO Data    RW Data    ZI Data      Debug   Library Name

      1122         78          0          0         96       1964   c_w.l

    ----------------------------------------------------------------------
      1132         78          0          0        100       1964   Library Totals

    ----------------------------------------------------------------------

==============================================================================


      Code (inc. data)   RO Data    RW Data    ZI Data      Debug   

     15172        490     948708         56      21608     156921   Grand Totals
     15172        490     948708         56      21608     156921   ELF Image Totals
     15172        490     948708         56          0          0   ROM Totals

==============================================================================

    Total RO  Size (Code + RO Data)               963880 ( 941.29kB)
    Total RW  Size (RW Data + ZI Data)             21664 (  21.16kB)
    Total ROM Size (Code + RO Data + RW Data)     963936 ( 941.34kB)

==============================================================================

